[2026-05-25T22:59:25.690+0000] {manager.py:997} INFO - 
================================================================================
DAG File Processing Stats

File Path                               PID    Runtime      # DAGs    # Errors  Last Runtime    Last Run               Last # of DB Queries
--------------------------------------  -----  ---------  --------  ----------  --------------  -------------------  ----------------------
/opt/airflow/dags/datagub_ingestion.py                           1           0  0.25s           2026-05-25T22:58:58                      12
================================================================================
[2026-05-25T22:59:56.209+0000] {manager.py:997} INFO - 
================================================================================
DAG File Processing Stats

File Path                               PID    Runtime      # DAGs    # Errors  Last Runtime    Last Run               Last # of DB Queries
--------------------------------------  -----  ---------  --------  ----------  --------------  -------------------  ----------------------
/opt/airflow/dags/datagub_ingestion.py                           1           0  0.19s           2026-05-25T22:59:29                      12
================================================================================
[2026-05-25T23:00:26.367+0000] {manager.py:997} INFO - 
================================================================================
DAG File Processing Stats

File Path                               PID    Runtime      # DAGs    # Errors  Last Runtime    Last Run               Last # of DB Queries
--------------------------------------  -----  ---------  --------  ----------  --------------  -------------------  ----------------------
/opt/airflow/dags/datagub_ingestion.py                           1           0  0.30s           2026-05-25T22:59:59                      12
================================================================================
[2026-05-25T23:00:53.557+0000] {manager.py:821} INFO - Searching for files in /opt/airflow/dags
[2026-05-25T23:00:53.601+0000] {manager.py:824} INFO - There are 1 files in /opt/airflow/dags
[2026-05-25T23:00:56.758+0000] {manager.py:997} INFO - 
================================================================================
DAG File Processing Stats

File Path                               PID    Runtime      # DAGs    # Errors  Last Runtime    Last Run               Last # of DB Queries
--------------------------------------  -----  ---------  --------  ----------  --------------  -------------------  ----------------------
/opt/airflow/dags/datagub_ingestion.py                           1           0  0.22s           2026-05-25T23:00:29                      12
================================================================================
[2026-05-25T23:01:27.051+0000] {manager.py:997} INFO - 
================================================================================
DAG File Processing Stats

File Path                               PID    Runtime      # DAGs    # Errors  Last Runtime    Last Run               Last # of DB Queries
--------------------------------------  -----  ---------  --------  ----------  --------------  -------------------  ----------------------
/opt/airflow/dags/datagub_ingestion.py                           1           0  0.34s           2026-05-25T23:01:01                      12
================================================================================
[2026-05-25T23:01:57.378+0000] {manager.py:997} INFO - 
================================================================================
DAG File Processing Stats

File Path                               PID    Runtime      # DAGs    # Errors  Last Runtime    Last Run               Last # of DB Queries
--------------------------------------  -----  ---------  --------  ----------  --------------  -------------------  ----------------------
/opt/airflow/dags/datagub_ingestion.py                           1           0  0.14s           2026-05-25T23:01:32                      12
================================================================================
[2026-05-25T23:02:27.615+0000] {manager.py:997} INFO - 
================================================================================
DAG File Processing Stats

File Path                               PID    Runtime      # DAGs    # Errors  Last Runtime    Last Run               Last # of DB Queries
--------------------------------------  -----  ---------  --------  ----------  --------------  -------------------  ----------------------
/opt/airflow/dags/datagub_ingestion.py                           1           0  0.26s           2026-05-25T23:02:02                      12
================================================================================
[2026-05-25T23:02:58.553+0000] {manager.py:997} INFO - 
================================================================================
DAG File Processing Stats

File Path                               PID    Runtime      # DAGs    # Errors  Last Runtime    Last Run               Last # of DB Queries
--------------------------------------  -----  ---------  --------  ----------  --------------  -------------------  ----------------------
/opt/airflow/dags/datagub_ingestion.py                           1           0  0.29s           2026-05-25T23:02:33                      12
================================================================================
[2026-05-25T23:03:29.456+0000] {manager.py:997} INFO - 
================================================================================
DAG File Processing Stats

File Path                               PID    Runtime      # DAGs    # Errors  Last Runtime    Last Run               Last # of DB Queries
--------------------------------------  -----  ---------  --------  ----------  --------------  -------------------  ----------------------
/opt/airflow/dags/datagub_ingestion.py                           1           0  0.69s           2026-05-25T23:03:04                      12
================================================================================
[2026-05-25T23:03:59.976+0000] {manager.py:997} INFO - 
================================================================================
DAG File Processing Stats

File Path                               PID    Runtime      # DAGs    # Errors  Last Runtime    Last Run               Last # of DB Queries
--------------------------------------  -----  ---------  --------  ----------  --------------  -------------------  ----------------------
/opt/airflow/dags/datagub_ingestion.py                           1           0  0.55s           2026-05-25T23:03:35                      12
================================================================================
[2026-05-25T23:04:18.931+0000] {manager.py:465} INFO - Exiting gracefully upon receiving signal 15
[2026-05-25T23:06:59.464+0000] {manager.py:483} INFO - Processing files using up to 2 processes at a time 
[2026-05-25T23:06:59.483+0000] {manager.py:484} INFO - Process each file at most once every 30 seconds
[2026-05-25T23:06:59.494+0000] {manager.py:485} INFO - Checking for new files in /opt/airflow/dags every 300 seconds
[2026-05-25T23:06:59.504+0000] {manager.py:821} INFO - Searching for files in /opt/airflow/dags
[2026-05-25T23:06:59.551+0000] {manager.py:824} INFO - There are 1 files in /opt/airflow/dags
[2026-05-25T23:06:59.724+0000] {manager.py:997} INFO - 
================================================================================
DAG File Processing Stats

File Path                                 PID  Runtime      # DAGs    # Errors  Last Runtime    Last Run      Last # of DB Queries
--------------------------------------  -----  ---------  --------  ----------  --------------  ----------  ----------------------
/opt/airflow/dags/datagub_ingestion.py    167  0.10s             0           0                                                   0
================================================================================
[2026-05-25T23:07:30.157+0000] {manager.py:997} INFO - 
================================================================================
DAG File Processing Stats

File Path                                 PID  Runtime      # DAGs    # Errors  Last Runtime    Last Run               Last # of DB Queries
--------------------------------------  -----  ---------  --------  ----------  --------------  -------------------  ----------------------
/opt/airflow/dags/datagub_ingestion.py    172  0.01s             1           0  0.24s           2026-05-25T23:06:59                      12
================================================================================
[2026-05-25T23:08:00.601+0000] {manager.py:997} INFO - 
================================================================================
DAG File Processing Stats

File Path                                 PID  Runtime      # DAGs    # Errors  Last Runtime    Last Run               Last # of DB Queries
--------------------------------------  -----  ---------  --------  ----------  --------------  -------------------  ----------------------
/opt/airflow/dags/datagub_ingestion.py    177  0.01s             1           0  0.10s           2026-05-25T23:07:30                      12
================================================================================
[2026-05-25T23:08:30.685+0000] {manager.py:997} INFO - 
================================================================================
DAG File Processing Stats

File Path                               PID    Runtime      # DAGs    # Errors  Last Runtime    Last Run               Last # of DB Queries
--------------------------------------  -----  ---------  --------  ----------  --------------  -------------------  ----------------------
/opt/airflow/dags/datagub_ingestion.py                           1           0  0.18s           2026-05-25T23:08:00                      12
================================================================================
[2026-05-25T23:09:00.928+0000] {manager.py:997} INFO - 
================================================================================
DAG File Processing Stats

File Path                               PID    Runtime      # DAGs    # Errors  Last Runtime    Last Run               Last # of DB Queries
--------------------------------------  -----  ---------  --------  ----------  --------------  -------------------  ----------------------
/opt/airflow/dags/datagub_ingestion.py                           1           0  0.23s           2026-05-25T23:08:31                      12
================================================================================
[2026-05-25T23:09:31.437+0000] {manager.py:997} INFO - 
================================================================================
DAG File Processing Stats

File Path                               PID    Runtime      # DAGs    # Errors  Last Runtime    Last Run               Last # of DB Queries
--------------------------------------  -----  ---------  --------  ----------  --------------  -------------------  ----------------------
/opt/airflow/dags/datagub_ingestion.py                           1           0  0.29s           2026-05-25T23:09:03                      12
================================================================================
[2026-05-25T23:10:01.854+0000] {manager.py:997} INFO - 
================================================================================
DAG File Processing Stats

File Path                               PID    Runtime      # DAGs    # Errors  Last Runtime    Last Run               Last # of DB Queries
--------------------------------------  -----  ---------  --------  ----------  --------------  -------------------  ----------------------
/opt/airflow/dags/datagub_ingestion.py                           1           0  0.56s           2026-05-25T23:09:34                      12
================================================================================
[2026-05-25T23:10:32.133+0000] {manager.py:997} INFO - 
================================================================================
DAG File Processing Stats

File Path                               PID    Runtime      # DAGs    # Errors  Last Runtime    Last Run               Last # of DB Queries
--------------------------------------  -----  ---------  --------  ----------  --------------  -------------------  ----------------------
/opt/airflow/dags/datagub_ingestion.py                           1           0  0.54s           2026-05-25T23:10:04                      12
================================================================================
[2026-05-25T23:11:02.289+0000] {manager.py:997} INFO - 
================================================================================
DAG File Processing Stats

File Path                               PID    Runtime      # DAGs    # Errors  Last Runtime    Last Run               Last # of DB Queries
--------------------------------------  -----  ---------  --------  ----------  --------------  -------------------  ----------------------
/opt/airflow/dags/datagub_ingestion.py                           1           0  0.57s           2026-05-25T23:10:35                      12
================================================================================
[2026-05-25T23:11:32.582+0000] {manager.py:997} INFO - 
================================================================================
DAG File Processing Stats

File Path                               PID    Runtime      # DAGs    # Errors  Last Runtime    Last Run               Last # of DB Queries
--------------------------------------  -----  ---------  --------  ----------  --------------  -------------------  ----------------------
/opt/airflow/dags/datagub_ingestion.py                           1           0  0.47s           2026-05-25T23:11:06                      12
================================================================================
[2026-05-25T23:11:59.668+0000] {manager.py:821} INFO - Searching for files in /opt/airflow/dags
[2026-05-25T23:11:59.844+0000] {manager.py:824} INFO - There are 1 files in /opt/airflow/dags
[2026-05-25T23:12:03.058+0000] {manager.py:997} INFO - 
================================================================================
DAG File Processing Stats

File Path                               PID    Runtime      # DAGs    # Errors  Last Runtime    Last Run               Last # of DB Queries
--------------------------------------  -----  ---------  --------  ----------  --------------  -------------------  ----------------------
/opt/airflow/dags/datagub_ingestion.py                           1           0  0.58s           2026-05-25T23:11:37                      12
================================================================================
[2026-05-25T23:12:33.396+0000] {manager.py:997} INFO - 
================================================================================
DAG File Processing Stats

File Path                               PID    Runtime      # DAGs    # Errors  Last Runtime    Last Run               Last # of DB Queries
--------------------------------------  -----  ---------  --------  ----------  --------------  -------------------  ----------------------
/opt/airflow/dags/datagub_ingestion.py                           1           0  0.51s           2026-05-25T23:12:08                      12
================================================================================
[2026-05-25T23:13:03.892+0000] {manager.py:997} INFO - 
================================================================================
DAG File Processing Stats

File Path                               PID    Runtime      # DAGs    # Errors  Last Runtime    Last Run               Last # of DB Queries
--------------------------------------  -----  ---------  --------  ----------  --------------  -------------------  ----------------------
/opt/airflow/dags/datagub_ingestion.py                           1           0  0.43s           2026-05-25T23:12:38                      12
================================================================================
[2026-05-25T23:13:34.359+0000] {manager.py:997} INFO - 
================================================================================
DAG File Processing Stats

File Path                               PID    Runtime      # DAGs    # Errors  Last Runtime    Last Run               Last # of DB Queries
--------------------------------------  -----  ---------  --------  ----------  --------------  -------------------  ----------------------
/opt/airflow/dags/datagub_ingestion.py                           1           0  0.33s           2026-05-25T23:13:09                      12
================================================================================
[2026-05-25T23:14:05.223+0000] {manager.py:997} INFO - 
================================================================================
DAG File Processing Stats

File Path                               PID    Runtime      # DAGs    # Errors  Last Runtime    Last Run               Last # of DB Queries
--------------------------------------  -----  ---------  --------  ----------  --------------  -------------------  ----------------------
/opt/airflow/dags/datagub_ingestion.py                           1           0  0.38s           2026-05-25T23:13:39                      12
================================================================================
[2026-05-25T23:14:35.272+0000] {manager.py:997} INFO - 
================================================================================
DAG File Processing Stats

File Path                               PID    Runtime      # DAGs    # Errors  Last Runtime    Last Run               Last # of DB Queries
--------------------------------------  -----  ---------  --------  ----------  --------------  -------------------  ----------------------
/opt/airflow/dags/datagub_ingestion.py                           1           0  0.90s           2026-05-25T23:14:11                      12
================================================================================
[2026-05-25T23:15:05.574+0000] {manager.py:997} INFO - 
================================================================================
DAG File Processing Stats

File Path                               PID    Runtime      # DAGs    # Errors  Last Runtime    Last Run               Last # of DB Queries
--------------------------------------  -----  ---------  --------  ----------  --------------  -------------------  ----------------------
/opt/airflow/dags/datagub_ingestion.py                           1           0  0.58s           2026-05-25T23:14:42                      12
================================================================================
[2026-05-25T23:15:35.986+0000] {manager.py:997} INFO - 
================================================================================
DAG File Processing Stats

File Path                               PID    Runtime      # DAGs    # Errors  Last Runtime    Last Run               Last # of DB Queries
--------------------------------------  -----  ---------  --------  ----------  --------------  -------------------  ----------------------
/opt/airflow/dags/datagub_ingestion.py                           1           0  0.19s           2026-05-25T23:15:12                      12
================================================================================
[2026-05-25T23:16:06.481+0000] {manager.py:997} INFO - 
================================================================================
DAG File Processing Stats

File Path                               PID    Runtime      # DAGs    # Errors  Last Runtime    Last Run               Last # of DB Queries
--------------------------------------  -----  ---------  --------  ----------  --------------  -------------------  ----------------------
/opt/airflow/dags/datagub_ingestion.py                           1           0  0.34s           2026-05-25T23:15:43                      12
================================================================================
[2026-05-25T23:16:36.796+0000] {manager.py:997} INFO - 
================================================================================
DAG File Processing Stats

File Path                               PID    Runtime      # DAGs    # Errors  Last Runtime    Last Run               Last # of DB Queries
--------------------------------------  -----  ---------  --------  ----------  --------------  -------------------  ----------------------
/opt/airflow/dags/datagub_ingestion.py                           1           0  0.33s           2026-05-25T23:16:15                      12
================================================================================
[2026-05-25T23:17:00.072+0000] {manager.py:821} INFO - Searching for files in /opt/airflow/dags
[2026-05-25T23:17:00.110+0000] {manager.py:824} INFO - There are 1 files in /opt/airflow/dags
[2026-05-25T23:17:06.810+0000] {manager.py:997} INFO - 
================================================================================
DAG File Processing Stats

File Path                               PID    Runtime      # DAGs    # Errors  Last Runtime    Last Run               Last # of DB Queries
--------------------------------------  -----  ---------  --------  ----------  --------------  -------------------  ----------------------
/opt/airflow/dags/datagub_ingestion.py                           1           0  0.71s           2026-05-25T23:16:45                      12
================================================================================
[2026-05-25T23:17:36.978+0000] {manager.py:997} INFO - 
================================================================================
DAG File Processing Stats

File Path                               PID    Runtime      # DAGs    # Errors  Last Runtime    Last Run               Last # of DB Queries
--------------------------------------  -----  ---------  --------  ----------  --------------  -------------------  ----------------------
/opt/airflow/dags/datagub_ingestion.py                           1           0  0.23s           2026-05-25T23:17:16                      12
================================================================================
[2026-05-25T23:18:07.507+0000] {manager.py:997} INFO - 
================================================================================
DAG File Processing Stats

File Path                               PID    Runtime      # DAGs    # Errors  Last Runtime    Last Run               Last # of DB Queries
--------------------------------------  -----  ---------  --------  ----------  --------------  -------------------  ----------------------
/opt/airflow/dags/datagub_ingestion.py                           1           0  0.37s           2026-05-25T23:17:47                      12
================================================================================
[2026-05-25T23:18:23.991+0000] {manager.py:465} INFO - Exiting gracefully upon receiving signal 15
[2026-05-25T23:26:00.212+0000] {manager.py:483} INFO - Processing files using up to 2 processes at a time 
[2026-05-25T23:26:00.226+0000] {manager.py:484} INFO - Process each file at most once every 30 seconds
[2026-05-25T23:26:00.226+0000] {manager.py:485} INFO - Checking for new files in /opt/airflow/dags every 300 seconds
[2026-05-25T23:26:00.226+0000] {manager.py:821} INFO - Searching for files in /opt/airflow/dags
[2026-05-25T23:26:00.281+0000] {manager.py:824} INFO - There are 1 files in /opt/airflow/dags
[2026-05-25T23:26:00.491+0000] {manager.py:997} INFO - 
================================================================================
DAG File Processing Stats

File Path                                 PID  Runtime      # DAGs    # Errors  Last Runtime    Last Run      Last # of DB Queries
--------------------------------------  -----  ---------  --------  ----------  --------------  ----------  ----------------------
/opt/airflow/dags/datagub_ingestion.py    167  0.11s             0           0                                                   0
================================================================================
[2026-05-25T23:26:30.554+0000] {manager.py:997} INFO - 
================================================================================
DAG File Processing Stats

File Path                               PID    Runtime      # DAGs    # Errors  Last Runtime    Last Run               Last # of DB Queries
--------------------------------------  -----  ---------  --------  ----------  --------------  -------------------  ----------------------
/opt/airflow/dags/datagub_ingestion.py                           1           0  0.33s           2026-05-25T23:26:00                      12
================================================================================
[2026-05-25T23:27:01.398+0000] {manager.py:997} INFO - 
================================================================================
DAG File Processing Stats

File Path                               PID    Runtime      # DAGs    # Errors  Last Runtime    Last Run               Last # of DB Queries
--------------------------------------  -----  ---------  --------  ----------  --------------  -------------------  ----------------------
/opt/airflow/dags/datagub_ingestion.py                           1           0  0.51s           2026-05-25T23:26:32                      12
================================================================================
[2026-05-25T23:27:32.237+0000] {manager.py:997} INFO - 
================================================================================
DAG File Processing Stats

File Path                               PID    Runtime      # DAGs    # Errors  Last Runtime    Last Run               Last # of DB Queries
--------------------------------------  -----  ---------  --------  ----------  --------------  -------------------  ----------------------
/opt/airflow/dags/datagub_ingestion.py                           1           0  0.46s           2026-05-25T23:27:02                      12
================================================================================
[2026-05-25T23:28:03.069+0000] {manager.py:997} INFO - 
================================================================================
DAG File Processing Stats

File Path                               PID    Runtime      # DAGs    # Errors  Last Runtime    Last Run               Last # of DB Queries
--------------------------------------  -----  ---------  --------  ----------  --------------  -------------------  ----------------------
/opt/airflow/dags/datagub_ingestion.py                           1           0  0.46s           2026-05-25T23:27:33                      12
================================================================================
[2026-05-25T23:28:33.470+0000] {manager.py:997} INFO - 
================================================================================
DAG File Processing Stats

File Path                               PID    Runtime      # DAGs    # Errors  Last Runtime    Last Run               Last # of DB Queries
--------------------------------------  -----  ---------  --------  ----------  --------------  -------------------  ----------------------
/opt/airflow/dags/datagub_ingestion.py                           1           0  0.20s           2026-05-25T23:28:04                      12
================================================================================
[2026-05-25T23:29:04.042+0000] {manager.py:997} INFO - 
================================================================================
DAG File Processing Stats

File Path                               PID    Runtime      # DAGs    # Errors  Last Runtime    Last Run               Last # of DB Queries
--------------------------------------  -----  ---------  --------  ----------  --------------  -------------------  ----------------------
/opt/airflow/dags/datagub_ingestion.py                           1           0  0.81s           2026-05-25T23:28:35                      12
================================================================================
[2026-05-25T23:29:34.359+0000] {manager.py:997} INFO - 
================================================================================
DAG File Processing Stats

File Path                               PID    Runtime      # DAGs    # Errors  Last Runtime    Last Run               Last # of DB Queries
--------------------------------------  -----  ---------  --------  ----------  --------------  -------------------  ----------------------
/opt/airflow/dags/datagub_ingestion.py                           1           0  0.54s           2026-05-25T23:29:06                      12
================================================================================
[2026-05-25T23:30:04.749+0000] {manager.py:997} INFO - 
================================================================================
DAG File Processing Stats

File Path                               PID    Runtime      # DAGs    # Errors  Last Runtime    Last Run               Last # of DB Queries
--------------------------------------  -----  ---------  --------  ----------  --------------  -------------------  ----------------------
/opt/airflow/dags/datagub_ingestion.py                           1           0  0.58s           2026-05-25T23:29:38                      12
================================================================================
[2026-05-25T23:30:35.603+0000] {manager.py:997} INFO - 
================================================================================
DAG File Processing Stats

File Path                               PID    Runtime      # DAGs    # Errors  Last Runtime    Last Run               Last # of DB Queries
--------------------------------------  -----  ---------  --------  ----------  --------------  -------------------  ----------------------
/opt/airflow/dags/datagub_ingestion.py                           1           0  0.88s           2026-05-25T23:30:09                      12
================================================================================
[2026-05-25T23:31:33.461+0000] {manager.py:483} INFO - Processing files using up to 2 processes at a time 
[2026-05-25T23:31:33.461+0000] {manager.py:484} INFO - Process each file at most once every 30 seconds
[2026-05-25T23:31:33.461+0000] {manager.py:485} INFO - Checking for new files in /opt/airflow/dags every 300 seconds
[2026-05-25T23:31:33.485+0000] {manager.py:821} INFO - Searching for files in /opt/airflow/dags
[2026-05-25T23:31:33.529+0000] {manager.py:824} INFO - There are 1 files in /opt/airflow/dags
[2026-05-25T23:31:33.949+0000] {manager.py:997} INFO - 
================================================================================
DAG File Processing Stats

File Path                                 PID  Runtime      # DAGs    # Errors  Last Runtime    Last Run      Last # of DB Queries
--------------------------------------  -----  ---------  --------  ----------  --------------  ----------  ----------------------
/opt/airflow/dags/datagub_ingestion.py    168  0.16s             0           0                                                   0
================================================================================
[2026-05-25T23:32:04.642+0000] {manager.py:997} INFO - 
================================================================================
DAG File Processing Stats

File Path                               PID    Runtime      # DAGs    # Errors  Last Runtime    Last Run               Last # of DB Queries
--------------------------------------  -----  ---------  --------  ----------  --------------  -------------------  ----------------------
/opt/airflow/dags/datagub_ingestion.py                           1           0  0.48s           2026-05-25T23:31:34                      12
================================================================================
[2026-05-25T23:32:34.726+0000] {manager.py:997} INFO - 
================================================================================
DAG File Processing Stats

File Path                               PID    Runtime      # DAGs    # Errors  Last Runtime    Last Run               Last # of DB Queries
--------------------------------------  -----  ---------  --------  ----------  --------------  -------------------  ----------------------
/opt/airflow/dags/datagub_ingestion.py                           1           0  0.23s           2026-05-25T23:32:05                      12
================================================================================
[2026-05-25T23:33:04.738+0000] {manager.py:997} INFO - 
================================================================================
DAG File Processing Stats

File Path                               PID    Runtime      # DAGs    # Errors  Last Runtime    Last Run               Last # of DB Queries
--------------------------------------  -----  ---------  --------  ----------  --------------  -------------------  ----------------------
/opt/airflow/dags/datagub_ingestion.py                           1           0  0.37s           2026-05-25T23:32:36                      12
================================================================================
[2026-05-25T23:33:34.932+0000] {manager.py:997} INFO - 
================================================================================
DAG File Processing Stats

File Path                               PID    Runtime      # DAGs    # Errors  Last Runtime    Last Run               Last # of DB Queries
--------------------------------------  -----  ---------  --------  ----------  --------------  -------------------  ----------------------
/opt/airflow/dags/datagub_ingestion.py                           1           0  0.40s           2026-05-25T23:33:07                      12
================================================================================
[2026-05-25T23:34:05.039+0000] {manager.py:997} INFO - 
================================================================================
DAG File Processing Stats

File Path                               PID    Runtime      # DAGs    # Errors  Last Runtime    Last Run               Last # of DB Queries
--------------------------------------  -----  ---------  --------  ----------  --------------  -------------------  ----------------------
/opt/airflow/dags/datagub_ingestion.py                           1           0  2.01s           2026-05-25T23:33:40                      12
================================================================================
[2026-05-25T23:34:35.643+0000] {manager.py:997} INFO - 
================================================================================
DAG File Processing Stats

File Path                               PID    Runtime      # DAGs    # Errors  Last Runtime    Last Run               Last # of DB Queries
--------------------------------------  -----  ---------  --------  ----------  --------------  -------------------  ----------------------
/opt/airflow/dags/datagub_ingestion.py                           1           0  0.40s           2026-05-25T23:34:10                      12
================================================================================
[2026-05-25T23:35:06.577+0000] {manager.py:997} INFO - 
================================================================================
DAG File Processing Stats

File Path                               PID    Runtime      # DAGs    # Errors  Last Runtime    Last Run               Last # of DB Queries
--------------------------------------  -----  ---------  --------  ----------  --------------  -------------------  ----------------------
/opt/airflow/dags/datagub_ingestion.py                           1           0  1.01s           2026-05-25T23:34:41                      12
================================================================================
[2026-05-25T23:35:36.980+0000] {manager.py:997} INFO - 
================================================================================
DAG File Processing Stats

File Path                               PID    Runtime      # DAGs    # Errors  Last Runtime    Last Run               Last # of DB Queries
--------------------------------------  -----  ---------  --------  ----------  --------------  -------------------  ----------------------
/opt/airflow/dags/datagub_ingestion.py                           1           0  0.19s           2026-05-25T23:35:13                      12
================================================================================
[2026-05-25T23:36:07.314+0000] {manager.py:997} INFO - 
================================================================================
DAG File Processing Stats

File Path                               PID    Runtime      # DAGs    # Errors  Last Runtime    Last Run               Last # of DB Queries
--------------------------------------  -----  ---------  --------  ----------  --------------  -------------------  ----------------------
/opt/airflow/dags/datagub_ingestion.py                           1           0  0.31s           2026-05-25T23:35:44                      12
================================================================================
[2026-05-25T23:36:33.726+0000] {manager.py:821} INFO - Searching for files in /opt/airflow/dags
[2026-05-25T23:36:33.749+0000] {manager.py:824} INFO - There are 1 files in /opt/airflow/dags
[2026-05-25T23:36:37.906+0000] {manager.py:997} INFO - 
================================================================================
DAG File Processing Stats

File Path                               PID    Runtime      # DAGs    # Errors  Last Runtime    Last Run               Last # of DB Queries
--------------------------------------  -----  ---------  --------  ----------  --------------  -------------------  ----------------------
/opt/airflow/dags/datagub_ingestion.py                           1           0  0.93s           2026-05-25T23:36:15                      12
================================================================================
[2026-05-25T23:37:31.858+0000] {manager.py:483} INFO - Processing files using up to 2 processes at a time 
[2026-05-25T23:37:31.858+0000] {manager.py:484} INFO - Process each file at most once every 30 seconds
[2026-05-25T23:37:31.858+0000] {manager.py:485} INFO - Checking for new files in /opt/airflow/dags every 300 seconds
[2026-05-25T23:37:31.869+0000] {manager.py:821} INFO - Searching for files in /opt/airflow/dags
[2026-05-25T23:37:31.900+0000] {manager.py:824} INFO - There are 1 files in /opt/airflow/dags
[2026-05-25T23:37:32.129+0000] {manager.py:997} INFO - 
================================================================================
DAG File Processing Stats

File Path                                 PID  Runtime      # DAGs    # Errors  Last Runtime    Last Run      Last # of DB Queries
--------------------------------------  -----  ---------  --------  ----------  --------------  ----------  ----------------------
/opt/airflow/dags/datagub_ingestion.py    167  0.06s             0           0                                                   0
================================================================================
[2026-05-25T23:38:02.769+0000] {manager.py:997} INFO - 
================================================================================
DAG File Processing Stats

File Path                                 PID  Runtime      # DAGs    # Errors  Last Runtime    Last Run               Last # of DB Queries
--------------------------------------  -----  ---------  --------  ----------  --------------  -------------------  ----------------------
/opt/airflow/dags/datagub_ingestion.py    172  0.02s             1           0  0.44s           2026-05-25T23:37:32                      12
================================================================================
[2026-05-25T23:38:32.957+0000] {manager.py:997} INFO - 
================================================================================
DAG File Processing Stats

File Path                               PID    Runtime      # DAGs    # Errors  Last Runtime    Last Run               Last # of DB Queries
--------------------------------------  -----  ---------  --------  ----------  --------------  -------------------  ----------------------
/opt/airflow/dags/datagub_ingestion.py                           1           0  0.46s           2026-05-25T23:38:03                      12
================================================================================
[2026-05-25T23:39:03.152+0000] {manager.py:997} INFO - 
================================================================================
DAG File Processing Stats

File Path                               PID    Runtime      # DAGs    # Errors  Last Runtime    Last Run               Last # of DB Queries
--------------------------------------  -----  ---------  --------  ----------  --------------  -------------------  ----------------------
/opt/airflow/dags/datagub_ingestion.py                           1           0  0.12s           2026-05-25T23:38:33                      12
================================================================================
[2026-05-26T07:36:50.979+0000] {manager.py:483} INFO - Processing files using up to 2 processes at a time 
[2026-05-26T07:36:51.031+0000] {manager.py:484} INFO - Process each file at most once every 30 seconds
[2026-05-26T07:36:51.064+0000] {manager.py:485} INFO - Checking for new files in /opt/airflow/dags every 300 seconds
[2026-05-26T07:36:51.087+0000] {manager.py:821} INFO - Searching for files in /opt/airflow/dags
[2026-05-26T07:36:51.590+0000] {manager.py:824} INFO - There are 1 files in /opt/airflow/dags
[2026-05-26T07:36:52.404+0000] {manager.py:997} INFO - 
================================================================================
DAG File Processing Stats

File Path                                 PID  Runtime      # DAGs    # Errors  Last Runtime    Last Run      Last # of DB Queries
--------------------------------------  -----  ---------  --------  ----------  --------------  ----------  ----------------------
/opt/airflow/dags/datagub_ingestion.py    169  0.49s             0           0                                                   0
================================================================================
[2026-05-26T07:37:22.653+0000] {manager.py:997} INFO - 
================================================================================
DAG File Processing Stats

File Path                               PID    Runtime      # DAGs    # Errors  Last Runtime    Last Run               Last # of DB Queries
--------------------------------------  -----  ---------  --------  ----------  --------------  -------------------  ----------------------
/opt/airflow/dags/datagub_ingestion.py                           1           0  1.47s           2026-05-26T07:36:53                      12
================================================================================
[2026-05-26T07:37:53.211+0000] {manager.py:997} INFO - 
================================================================================
DAG File Processing Stats

File Path                               PID    Runtime      # DAGs    # Errors  Last Runtime    Last Run               Last # of DB Queries
--------------------------------------  -----  ---------  --------  ----------  --------------  -------------------  ----------------------
/opt/airflow/dags/datagub_ingestion.py                           1           0  0.57s           2026-05-26T07:37:24                      12
================================================================================
[2026-05-26T07:38:23.874+0000] {manager.py:997} INFO - 
================================================================================
DAG File Processing Stats

File Path                               PID    Runtime      # DAGs    # Errors  Last Runtime    Last Run               Last # of DB Queries
--------------------------------------  -----  ---------  --------  ----------  --------------  -------------------  ----------------------
/opt/airflow/dags/datagub_ingestion.py                           1           0  0.91s           2026-05-26T07:37:55                      12
================================================================================
[2026-05-26T07:38:54.564+0000] {manager.py:997} INFO - 
================================================================================
DAG File Processing Stats

File Path                               PID    Runtime      # DAGs    # Errors  Last Runtime    Last Run               Last # of DB Queries
--------------------------------------  -----  ---------  --------  ----------  --------------  -------------------  ----------------------
/opt/airflow/dags/datagub_ingestion.py                           1           0  0.56s           2026-05-26T07:38:26                      12
================================================================================
[2026-05-26T07:39:24.914+0000] {manager.py:997} INFO - 
================================================================================
DAG File Processing Stats

File Path                               PID    Runtime      # DAGs    # Errors  Last Runtime    Last Run               Last # of DB Queries
--------------------------------------  -----  ---------  --------  ----------  --------------  -------------------  ----------------------
/opt/airflow/dags/datagub_ingestion.py                           1           0  0.30s           2026-05-26T07:38:57                      12
================================================================================
[2026-05-26T07:39:55.677+0000] {manager.py:997} INFO - 
================================================================================
DAG File Processing Stats

File Path                               PID    Runtime      # DAGs    # Errors  Last Runtime    Last Run               Last # of DB Queries
--------------------------------------  -----  ---------  --------  ----------  --------------  -------------------  ----------------------
/opt/airflow/dags/datagub_ingestion.py                           1           0  0.47s           2026-05-26T07:39:28                      12
================================================================================
[2026-05-26T07:40:26.023+0000] {manager.py:997} INFO - 
================================================================================
DAG File Processing Stats

File Path                               PID    Runtime      # DAGs    # Errors  Last Runtime    Last Run               Last # of DB Queries
--------------------------------------  -----  ---------  --------  ----------  --------------  -------------------  ----------------------
/opt/airflow/dags/datagub_ingestion.py                           1           0  0.77s           2026-05-26T07:39:59                      12
================================================================================
[2026-05-26T07:40:56.125+0000] {manager.py:997} INFO - 
================================================================================
DAG File Processing Stats

File Path                               PID    Runtime      # DAGs    # Errors  Last Runtime    Last Run               Last # of DB Queries
--------------------------------------  -----  ---------  --------  ----------  --------------  -------------------  ----------------------
/opt/airflow/dags/datagub_ingestion.py                           1           0  2.08s           2026-05-26T07:40:32                      12
================================================================================
[2026-05-26T07:41:26.771+0000] {manager.py:997} INFO - 
================================================================================
DAG File Processing Stats

File Path                               PID    Runtime      # DAGs    # Errors  Last Runtime    Last Run               Last # of DB Queries
--------------------------------------  -----  ---------  --------  ----------  --------------  -------------------  ----------------------
/opt/airflow/dags/datagub_ingestion.py                           1           0  2.13s           2026-05-26T07:41:05                      12
================================================================================
[2026-05-26T07:41:52.005+0000] {manager.py:821} INFO - Searching for files in /opt/airflow/dags
[2026-05-26T07:41:52.385+0000] {manager.py:824} INFO - There are 1 files in /opt/airflow/dags
[2026-05-26T07:41:57.715+0000] {manager.py:997} INFO - 
================================================================================
DAG File Processing Stats

File Path                               PID    Runtime      # DAGs    # Errors  Last Runtime    Last Run               Last # of DB Queries
--------------------------------------  -----  ---------  --------  ----------  --------------  -------------------  ----------------------
/opt/airflow/dags/datagub_ingestion.py                           1           0  4.80s           2026-05-26T07:41:40                      12
================================================================================
[2026-05-26T07:42:28.389+0000] {manager.py:997} INFO - 
================================================================================
DAG File Processing Stats

File Path                               PID    Runtime      # DAGs    # Errors  Last Runtime    Last Run               Last # of DB Queries
--------------------------------------  -----  ---------  --------  ----------  --------------  -------------------  ----------------------
/opt/airflow/dags/datagub_ingestion.py                           1           0  2.14s           2026-05-26T07:42:13                      12
================================================================================
[2026-05-26T07:42:59.172+0000] {manager.py:997} INFO - 
================================================================================
DAG File Processing Stats

File Path                               PID    Runtime      # DAGs    # Errors  Last Runtime    Last Run               Last # of DB Queries
--------------------------------------  -----  ---------  --------  ----------  --------------  -------------------  ----------------------
/opt/airflow/dags/datagub_ingestion.py                           1           0  8.42s           2026-05-26T07:42:52                      12
================================================================================
[2026-05-26T07:43:29.721+0000] {manager.py:997} INFO - 
================================================================================
DAG File Processing Stats

File Path                                 PID  Runtime      # DAGs    # Errors  Last Runtime    Last Run               Last # of DB Queries
--------------------------------------  -----  ---------  --------  ----------  --------------  -------------------  ----------------------
/opt/airflow/dags/datagub_ingestion.py    230  3.97s             1           0  8.42s           2026-05-26T07:42:52                      12
================================================================================
[2026-05-26T07:44:00.487+0000] {manager.py:997} INFO - 
================================================================================
DAG File Processing Stats

File Path                               PID    Runtime      # DAGs    # Errors  Last Runtime    Last Run               Last # of DB Queries
--------------------------------------  -----  ---------  --------  ----------  --------------  -------------------  ----------------------
/opt/airflow/dags/datagub_ingestion.py                           1           0  8.89s           2026-05-26T07:43:34                      12
================================================================================
[2026-05-26T07:44:30.542+0000] {manager.py:997} INFO - 
================================================================================
DAG File Processing Stats

File Path                               PID    Runtime      # DAGs    # Errors  Last Runtime    Last Run               Last # of DB Queries
--------------------------------------  -----  ---------  --------  ----------  --------------  -------------------  ----------------------
/opt/airflow/dags/datagub_ingestion.py                           1           0  0.25s           2026-05-26T07:44:05                      12
================================================================================
[2026-05-26T07:45:01.501+0000] {manager.py:997} INFO - 
================================================================================
DAG File Processing Stats

File Path                               PID    Runtime      # DAGs    # Errors  Last Runtime    Last Run               Last # of DB Queries
--------------------------------------  -----  ---------  --------  ----------  --------------  -------------------  ----------------------
/opt/airflow/dags/datagub_ingestion.py                           1           0  0.37s           2026-05-26T07:44:36                      12
================================================================================
[2026-05-26T07:45:32.449+0000] {manager.py:997} INFO - 
================================================================================
DAG File Processing Stats

File Path                               PID    Runtime      # DAGs    # Errors  Last Runtime    Last Run               Last # of DB Queries
--------------------------------------  -----  ---------  --------  ----------  --------------  -------------------  ----------------------
/opt/airflow/dags/datagub_ingestion.py                           1           0  1.35s           2026-05-26T07:45:08                      12
================================================================================
[2026-05-26T07:46:02.651+0000] {manager.py:997} INFO - 
================================================================================
DAG File Processing Stats

File Path                               PID    Runtime      # DAGs    # Errors  Last Runtime    Last Run               Last # of DB Queries
--------------------------------------  -----  ---------  --------  ----------  --------------  -------------------  ----------------------
/opt/airflow/dags/datagub_ingestion.py                           1           0  0.03s           2026-05-26T07:45:38                      12
================================================================================
[2026-05-26T07:46:33.473+0000] {manager.py:997} INFO - 
================================================================================
DAG File Processing Stats

File Path                               PID    Runtime      # DAGs    # Errors  Last Runtime    Last Run               Last # of DB Queries
--------------------------------------  -----  ---------  --------  ----------  --------------  -------------------  ----------------------
/opt/airflow/dags/datagub_ingestion.py                           1           0  0.40s           2026-05-26T07:46:09                      12
================================================================================
[2026-05-26T07:46:52.772+0000] {manager.py:821} INFO - Searching for files in /opt/airflow/dags
[2026-05-26T07:46:52.906+0000] {manager.py:824} INFO - There are 1 files in /opt/airflow/dags
[2026-05-26T07:47:04.256+0000] {manager.py:997} INFO - 
================================================================================
DAG File Processing Stats

File Path                               PID    Runtime      # DAGs    # Errors  Last Runtime    Last Run               Last # of DB Queries
--------------------------------------  -----  ---------  --------  ----------  --------------  -------------------  ----------------------
/opt/airflow/dags/datagub_ingestion.py                           1           0  0.28s           2026-05-26T07:46:40                      12
================================================================================
[2026-05-26T07:47:14.537+0000] {manager.py:465} INFO - Exiting gracefully upon receiving signal 15
[2026-05-26T08:24:48.379+0000] {manager.py:483} INFO - Processing files using up to 2 processes at a time 
[2026-05-26T08:24:48.381+0000] {manager.py:484} INFO - Process each file at most once every 30 seconds
[2026-05-26T08:24:48.386+0000] {manager.py:485} INFO - Checking for new files in /opt/airflow/dags every 300 seconds
[2026-05-26T08:24:48.387+0000] {manager.py:821} INFO - Searching for files in /opt/airflow/dags
[2026-05-26T08:24:48.576+0000] {manager.py:824} INFO - There are 1 files in /opt/airflow/dags
[2026-05-26T08:24:48.772+0000] {manager.py:997} INFO - 
================================================================================
DAG File Processing Stats

File Path                                 PID  Runtime      # DAGs    # Errors  Last Runtime    Last Run      Last # of DB Queries
--------------------------------------  -----  ---------  --------  ----------  --------------  ----------  ----------------------
/opt/airflow/dags/datagub_ingestion.py    167  0.03s             0           0                                                   0
================================================================================
[2026-05-26T08:25:19.506+0000] {manager.py:997} INFO - 
================================================================================
DAG File Processing Stats

File Path                                 PID  Runtime      # DAGs    # Errors  Last Runtime    Last Run               Last # of DB Queries
--------------------------------------  -----  ---------  --------  ----------  --------------  -------------------  ----------------------
/opt/airflow/dags/datagub_ingestion.py    172  0.01s             1           0  0.32s           2026-05-26T08:24:49                      12
================================================================================
[2026-05-26T08:25:49.950+0000] {manager.py:997} INFO - 
================================================================================
DAG File Processing Stats

File Path                                 PID  Runtime      # DAGs    # Errors  Last Runtime    Last Run               Last # of DB Queries
--------------------------------------  -----  ---------  --------  ----------  --------------  -------------------  ----------------------
/opt/airflow/dags/datagub_ingestion.py    179  0.01s             1           0  0.15s           2026-05-26T08:25:19                      12
================================================================================
[2026-05-26T08:26:20.564+0000] {manager.py:997} INFO - 
================================================================================
DAG File Processing Stats

File Path                                 PID  Runtime      # DAGs    # Errors  Last Runtime    Last Run               Last # of DB Queries
--------------------------------------  -----  ---------  --------  ----------  --------------  -------------------  ----------------------
/opt/airflow/dags/datagub_ingestion.py    184  0.02s             1           0  0.29s           2026-05-26T08:25:50                      12
================================================================================
[2026-05-26T08:26:51.166+0000] {manager.py:997} INFO - 
================================================================================
DAG File Processing Stats

File Path                                 PID  Runtime      # DAGs    # Errors  Last Runtime    Last Run               Last # of DB Queries
--------------------------------------  -----  ---------  --------  ----------  --------------  -------------------  ----------------------
/opt/airflow/dags/datagub_ingestion.py    189  0.07s             1           0  0.48s           2026-05-26T08:26:21                      12
================================================================================
[2026-05-26T08:27:21.325+0000] {manager.py:997} INFO - 
================================================================================
DAG File Processing Stats

File Path                               PID    Runtime      # DAGs    # Errors  Last Runtime    Last Run               Last # of DB Queries
--------------------------------------  -----  ---------  --------  ----------  --------------  -------------------  ----------------------
/opt/airflow/dags/datagub_ingestion.py                           1           0  0.70s           2026-05-26T08:26:51                      12
================================================================================
[2026-05-26T08:27:52.029+0000] {manager.py:997} INFO - 
================================================================================
DAG File Processing Stats

File Path                               PID    Runtime      # DAGs    # Errors  Last Runtime    Last Run               Last # of DB Queries
--------------------------------------  -----  ---------  --------  ----------  --------------  -------------------  ----------------------
/opt/airflow/dags/datagub_ingestion.py                           1           0  1.42s           2026-05-26T08:27:23                      12
================================================================================
[2026-05-26T08:33:08.993+0000] {manager.py:821} INFO - Searching for files in /opt/airflow/dags
[2026-05-26T08:33:09.127+0000] {manager.py:824} INFO - There are 1 files in /opt/airflow/dags
[2026-05-26T08:33:25.867+0000] {manager.py:997} INFO - 
================================================================================
DAG File Processing Stats

File Path                               PID    Runtime      # DAGs    # Errors  Last Runtime    Last Run               Last # of DB Queries
--------------------------------------  -----  ---------  --------  ----------  --------------  -------------------  ----------------------
/opt/airflow/dags/datagub_ingestion.py                           1           0  0.37s           2026-05-26T08:33:09                      12
================================================================================
[2026-05-26T08:33:56.794+0000] {manager.py:997} INFO - 
================================================================================
DAG File Processing Stats

File Path                               PID    Runtime      # DAGs    # Errors  Last Runtime    Last Run               Last # of DB Queries
--------------------------------------  -----  ---------  --------  ----------  --------------  -------------------  ----------------------
/opt/airflow/dags/datagub_ingestion.py                           1           0  1.27s           2026-05-26T08:33:41                      12
================================================================================
[2026-05-26T08:34:28.161+0000] {manager.py:997} INFO - 
================================================================================
DAG File Processing Stats

File Path                               PID    Runtime      # DAGs    # Errors  Last Runtime    Last Run               Last # of DB Queries
--------------------------------------  -----  ---------  --------  ----------  --------------  -------------------  ----------------------
/opt/airflow/dags/datagub_ingestion.py                           1           0  2.20s           2026-05-26T08:34:15                      12
================================================================================
[2026-05-26T08:34:58.526+0000] {manager.py:997} INFO - 
================================================================================
DAG File Processing Stats

File Path                               PID    Runtime      # DAGs    # Errors  Last Runtime    Last Run               Last # of DB Queries
--------------------------------------  -----  ---------  --------  ----------  --------------  -------------------  ----------------------
/opt/airflow/dags/datagub_ingestion.py                           1           0  0.19s           2026-05-26T08:34:46                      12
================================================================================
[2026-05-26T08:35:29.170+0000] {manager.py:997} INFO - 
================================================================================
DAG File Processing Stats

File Path                               PID    Runtime      # DAGs    # Errors  Last Runtime    Last Run               Last # of DB Queries
--------------------------------------  -----  ---------  --------  ----------  --------------  -------------------  ----------------------
/opt/airflow/dags/datagub_ingestion.py                           1           0  0.14s           2026-05-26T08:35:17                      12
================================================================================
[2026-05-26T08:35:59.254+0000] {manager.py:997} INFO - 
================================================================================
DAG File Processing Stats

File Path                               PID    Runtime      # DAGs    # Errors  Last Runtime    Last Run               Last # of DB Queries
--------------------------------------  -----  ---------  --------  ----------  --------------  -------------------  ----------------------
/opt/airflow/dags/datagub_ingestion.py                           1           0  0.14s           2026-05-26T08:35:47                      12
================================================================================
[2026-05-26T08:36:30.204+0000] {manager.py:997} INFO - 
================================================================================
DAG File Processing Stats

File Path                               PID    Runtime      # DAGs    # Errors  Last Runtime    Last Run               Last # of DB Queries
--------------------------------------  -----  ---------  --------  ----------  --------------  -------------------  ----------------------
/opt/airflow/dags/datagub_ingestion.py                           1           0  0.13s           2026-05-26T08:36:17                      12
================================================================================
[2026-05-26T08:37:00.573+0000] {manager.py:997} INFO - 
================================================================================
DAG File Processing Stats

File Path                               PID    Runtime      # DAGs    # Errors  Last Runtime    Last Run               Last # of DB Queries
--------------------------------------  -----  ---------  --------  ----------  --------------  -------------------  ----------------------
/opt/airflow/dags/datagub_ingestion.py                           1           0  0.35s           2026-05-26T08:36:48                      12
================================================================================
[2026-05-26T08:37:31.565+0000] {manager.py:997} INFO - 
================================================================================
DAG File Processing Stats

File Path                               PID    Runtime      # DAGs    # Errors  Last Runtime    Last Run               Last # of DB Queries
--------------------------------------  -----  ---------  --------  ----------  --------------  -------------------  ----------------------
/opt/airflow/dags/datagub_ingestion.py                           1           0  0.11s           2026-05-26T08:37:19                      12
================================================================================
[2026-05-26T08:38:02.239+0000] {manager.py:997} INFO - 
================================================================================
DAG File Processing Stats

File Path                               PID    Runtime      # DAGs    # Errors  Last Runtime    Last Run               Last # of DB Queries
--------------------------------------  -----  ---------  --------  ----------  --------------  -------------------  ----------------------
/opt/airflow/dags/datagub_ingestion.py                           1           0  0.15s           2026-05-26T08:37:49                      12
================================================================================
[2026-05-26T08:38:09.329+0000] {manager.py:821} INFO - Searching for files in /opt/airflow/dags
[2026-05-26T08:38:09.352+0000] {manager.py:824} INFO - There are 1 files in /opt/airflow/dags
[2026-05-26T08:38:32.720+0000] {manager.py:997} INFO - 
================================================================================
DAG File Processing Stats

File Path                               PID    Runtime      # DAGs    # Errors  Last Runtime    Last Run               Last # of DB Queries
--------------------------------------  -----  ---------  --------  ----------  --------------  -------------------  ----------------------
/opt/airflow/dags/datagub_ingestion.py                           1           0  0.17s           2026-05-26T08:38:19                      12
================================================================================
[2026-05-26T08:39:03.333+0000] {manager.py:997} INFO - 
================================================================================
DAG File Processing Stats

File Path                               PID    Runtime      # DAGs    # Errors  Last Runtime    Last Run               Last # of DB Queries
--------------------------------------  -----  ---------  --------  ----------  --------------  -------------------  ----------------------
/opt/airflow/dags/datagub_ingestion.py                           1           0  0.14s           2026-05-26T08:38:50                      12
================================================================================
[2026-05-26T08:39:33.658+0000] {manager.py:997} INFO - 
================================================================================
DAG File Processing Stats

File Path                               PID    Runtime      # DAGs    # Errors  Last Runtime    Last Run               Last # of DB Queries
--------------------------------------  -----  ---------  --------  ----------  --------------  -------------------  ----------------------
/opt/airflow/dags/datagub_ingestion.py                           1           0  1.24s           2026-05-26T08:39:21                      12
================================================================================
[2026-05-26T08:40:04.037+0000] {manager.py:997} INFO - 
================================================================================
DAG File Processing Stats

File Path                               PID    Runtime      # DAGs    # Errors  Last Runtime    Last Run               Last # of DB Queries
--------------------------------------  -----  ---------  --------  ----------  --------------  -------------------  ----------------------
/opt/airflow/dags/datagub_ingestion.py                           1           0  0.18s           2026-05-26T08:39:52                      12
================================================================================
[2026-05-26T08:40:34.584+0000] {manager.py:997} INFO - 
================================================================================
DAG File Processing Stats

File Path                               PID    Runtime      # DAGs    # Errors  Last Runtime    Last Run               Last # of DB Queries
--------------------------------------  -----  ---------  --------  ----------  --------------  -------------------  ----------------------
/opt/airflow/dags/datagub_ingestion.py                           1           0  0.24s           2026-05-26T08:40:22                      12
================================================================================
[2026-05-26T08:41:05.556+0000] {manager.py:997} INFO - 
================================================================================
DAG File Processing Stats

File Path                               PID    Runtime      # DAGs    # Errors  Last Runtime    Last Run               Last # of DB Queries
--------------------------------------  -----  ---------  --------  ----------  --------------  -------------------  ----------------------
/opt/airflow/dags/datagub_ingestion.py                           1           0  1.94s           2026-05-26T08:40:55                      12
================================================================================
[2026-05-26T08:41:35.627+0000] {manager.py:997} INFO - 
================================================================================
DAG File Processing Stats

File Path                               PID    Runtime      # DAGs    # Errors  Last Runtime    Last Run               Last # of DB Queries
--------------------------------------  -----  ---------  --------  ----------  --------------  -------------------  ----------------------
/opt/airflow/dags/datagub_ingestion.py                           1           0  0.28s           2026-05-26T08:41:25                      12
================================================================================
[2026-05-26T08:42:06.076+0000] {manager.py:997} INFO - 
================================================================================
DAG File Processing Stats

File Path                               PID    Runtime      # DAGs    # Errors  Last Runtime    Last Run               Last # of DB Queries
--------------------------------------  -----  ---------  --------  ----------  --------------  -------------------  ----------------------
/opt/airflow/dags/datagub_ingestion.py                           1           0  0.32s           2026-05-26T08:41:55                      12
================================================================================
[2026-05-26T08:42:37.423+0000] {manager.py:997} INFO - 
================================================================================
DAG File Processing Stats

File Path                               PID    Runtime      # DAGs    # Errors  Last Runtime    Last Run               Last # of DB Queries
--------------------------------------  -----  ---------  --------  ----------  --------------  -------------------  ----------------------
/opt/airflow/dags/datagub_ingestion.py                           1           0  0.27s           2026-05-26T08:42:26                      12
================================================================================
[2026-05-26T08:43:07.821+0000] {manager.py:997} INFO - 
================================================================================
DAG File Processing Stats

File Path                               PID    Runtime      # DAGs    # Errors  Last Runtime    Last Run               Last # of DB Queries
--------------------------------------  -----  ---------  --------  ----------  --------------  -------------------  ----------------------
/opt/airflow/dags/datagub_ingestion.py                           1           0  0.15s           2026-05-26T08:42:57                      12
================================================================================
[2026-05-26T08:43:09.881+0000] {manager.py:821} INFO - Searching for files in /opt/airflow/dags
[2026-05-26T08:43:09.946+0000] {manager.py:824} INFO - There are 1 files in /opt/airflow/dags
[2026-05-26T08:43:38.444+0000] {manager.py:997} INFO - 
================================================================================
DAG File Processing Stats

File Path                               PID    Runtime      # DAGs    # Errors  Last Runtime    Last Run               Last # of DB Queries
--------------------------------------  -----  ---------  --------  ----------  --------------  -------------------  ----------------------
/opt/airflow/dags/datagub_ingestion.py                           1           0  0.18s           2026-05-26T08:43:28                      12
================================================================================
[2026-05-26T08:43:39.799+0000] {manager.py:465} INFO - Exiting gracefully upon receiving signal 15
[2026-05-26T08:45:28.532+0000] {manager.py:483} INFO - Processing files using up to 2 processes at a time 
[2026-05-26T08:45:28.543+0000] {manager.py:484} INFO - Process each file at most once every 30 seconds
[2026-05-26T08:45:28.550+0000] {manager.py:485} INFO - Checking for new files in /opt/airflow/dags every 300 seconds
[2026-05-26T08:45:28.562+0000] {manager.py:821} INFO - Searching for files in /opt/airflow/dags
[2026-05-26T08:45:28.614+0000] {manager.py:824} INFO - There are 1 files in /opt/airflow/dags
[2026-05-26T08:45:28.720+0000] {manager.py:997} INFO - 
================================================================================
DAG File Processing Stats

File Path                                 PID  Runtime      # DAGs    # Errors  Last Runtime    Last Run      Last # of DB Queries
--------------------------------------  -----  ---------  --------  ----------  --------------  ----------  ----------------------
/opt/airflow/dags/datagub_ingestion.py    167  0.04s             0           0                                                   0
================================================================================
[2026-05-26T08:45:59.252+0000] {manager.py:997} INFO - 
================================================================================
DAG File Processing Stats

File Path                                 PID  Runtime      # DAGs    # Errors  Last Runtime    Last Run               Last # of DB Queries
--------------------------------------  -----  ---------  --------  ----------  --------------  -------------------  ----------------------
/opt/airflow/dags/datagub_ingestion.py    172  0.01s             1           0  0.29s           2026-05-26T08:45:28                      12
================================================================================
[2026-05-26T08:46:30.124+0000] {manager.py:997} INFO - 
================================================================================
DAG File Processing Stats

File Path                                 PID  Runtime      # DAGs    # Errors  Last Runtime    Last Run               Last # of DB Queries
--------------------------------------  -----  ---------  --------  ----------  --------------  -------------------  ----------------------
/opt/airflow/dags/datagub_ingestion.py    177  0.01s             1           0  0.36s           2026-05-26T08:45:59                      12
================================================================================
[2026-05-26T08:47:00.448+0000] {manager.py:997} INFO - 
================================================================================
DAG File Processing Stats

File Path                               PID    Runtime      # DAGs    # Errors  Last Runtime    Last Run               Last # of DB Queries
--------------------------------------  -----  ---------  --------  ----------  --------------  -------------------  ----------------------
/opt/airflow/dags/datagub_ingestion.py                           1           0  0.42s           2026-05-26T08:46:30                      12
================================================================================
[2026-05-26T08:47:30.983+0000] {manager.py:997} INFO - 
================================================================================
DAG File Processing Stats

File Path                                 PID  Runtime      # DAGs    # Errors  Last Runtime    Last Run               Last # of DB Queries
--------------------------------------  -----  ---------  --------  ----------  --------------  -------------------  ----------------------
/opt/airflow/dags/datagub_ingestion.py    189  0.01s             1           0  0.15s           2026-05-26T08:47:00                      12
================================================================================
[2026-05-26T08:48:01.898+0000] {manager.py:997} INFO - 
================================================================================
DAG File Processing Stats

File Path                                 PID  Runtime      # DAGs    # Errors  Last Runtime    Last Run               Last # of DB Queries
--------------------------------------  -----  ---------  --------  ----------  --------------  -------------------  ----------------------
/opt/airflow/dags/datagub_ingestion.py    194  0.04s             1           0  0.19s           2026-05-26T08:47:31                      12
================================================================================
[2026-05-26T08:48:32.426+0000] {manager.py:997} INFO - 
================================================================================
DAG File Processing Stats

File Path                                 PID  Runtime      # DAGs    # Errors  Last Runtime    Last Run               Last # of DB Queries
--------------------------------------  -----  ---------  --------  ----------  --------------  -------------------  ----------------------
/opt/airflow/dags/datagub_ingestion.py    199  0.03s             1           0  0.19s           2026-05-26T08:48:02                      12
================================================================================
[2026-05-26T08:49:02.995+0000] {manager.py:997} INFO - 
================================================================================
DAG File Processing Stats

File Path                                 PID  Runtime      # DAGs    # Errors  Last Runtime    Last Run               Last # of DB Queries
--------------------------------------  -----  ---------  --------  ----------  --------------  -------------------  ----------------------
/opt/airflow/dags/datagub_ingestion.py    204  0.01s             1           0  0.20s           2026-05-26T08:48:32                      12
================================================================================
[2026-05-26T08:49:33.543+0000] {manager.py:997} INFO - 
================================================================================
DAG File Processing Stats

File Path                               PID    Runtime      # DAGs    # Errors  Last Runtime    Last Run               Last # of DB Queries
--------------------------------------  -----  ---------  --------  ----------  --------------  -------------------  ----------------------
/opt/airflow/dags/datagub_ingestion.py                           1           0  0.03s           2026-05-26T08:49:33                      12
================================================================================
[2026-05-26T08:50:03.732+0000] {manager.py:997} INFO - 
================================================================================
DAG File Processing Stats

File Path                                 PID  Runtime      # DAGs    # Errors  Last Runtime    Last Run               Last # of DB Queries
--------------------------------------  -----  ---------  --------  ----------  --------------  -------------------  ----------------------
/opt/airflow/dags/datagub_ingestion.py    214  0.01s             1           0  0.03s           2026-05-26T08:49:33                      12
================================================================================
[2026-05-26T08:50:29.533+0000] {manager.py:821} INFO - Searching for files in /opt/airflow/dags
[2026-05-26T08:50:29.712+0000] {manager.py:824} INFO - There are 1 files in /opt/airflow/dags
[2026-05-26T08:50:33.906+0000] {manager.py:997} INFO - 
================================================================================
DAG File Processing Stats

File Path                               PID    Runtime      # DAGs    # Errors  Last Runtime    Last Run               Last # of DB Queries
--------------------------------------  -----  ---------  --------  ----------  --------------  -------------------  ----------------------
/opt/airflow/dags/datagub_ingestion.py                           1           0  0.28s           2026-05-26T08:50:03                      12
================================================================================
[2026-05-26T08:51:04.285+0000] {manager.py:997} INFO - 
================================================================================
DAG File Processing Stats

File Path                               PID    Runtime      # DAGs    # Errors  Last Runtime    Last Run               Last # of DB Queries
--------------------------------------  -----  ---------  --------  ----------  --------------  -------------------  ----------------------
/opt/airflow/dags/datagub_ingestion.py                           1           0  0.27s           2026-05-26T08:50:35                      12
================================================================================
[2026-05-26T08:51:34.604+0000] {manager.py:997} INFO - 
================================================================================
DAG File Processing Stats

File Path                               PID    Runtime      # DAGs    # Errors  Last Runtime    Last Run               Last # of DB Queries
--------------------------------------  -----  ---------  --------  ----------  --------------  -------------------  ----------------------
/opt/airflow/dags/datagub_ingestion.py                           1           0  1.74s           2026-05-26T08:51:07                      12
================================================================================
[2026-05-26T08:52:04.900+0000] {manager.py:997} INFO - 
================================================================================
DAG File Processing Stats

File Path                               PID    Runtime      # DAGs    # Errors  Last Runtime    Last Run               Last # of DB Queries
--------------------------------------  -----  ---------  --------  ----------  --------------  -------------------  ----------------------
/opt/airflow/dags/datagub_ingestion.py                           1           0  0.26s           2026-05-26T08:51:38                      12
================================================================================
[2026-05-26T08:52:35.096+0000] {manager.py:997} INFO - 
================================================================================
DAG File Processing Stats

File Path                               PID    Runtime      # DAGs    # Errors  Last Runtime    Last Run               Last # of DB Queries
--------------------------------------  -----  ---------  --------  ----------  --------------  -------------------  ----------------------
/opt/airflow/dags/datagub_ingestion.py                           1           0  0.13s           2026-05-26T08:52:08                      12
================================================================================
[2026-05-26T08:53:05.607+0000] {manager.py:997} INFO - 
================================================================================
DAG File Processing Stats

File Path                               PID    Runtime      # DAGs    # Errors  Last Runtime    Last Run               Last # of DB Queries
--------------------------------------  -----  ---------  --------  ----------  --------------  -------------------  ----------------------
/opt/airflow/dags/datagub_ingestion.py                           1           0  0.20s           2026-05-26T08:52:39                      12
================================================================================
[2026-05-26T08:53:36.037+0000] {manager.py:997} INFO - 
================================================================================
DAG File Processing Stats

File Path                               PID    Runtime      # DAGs    # Errors  Last Runtime    Last Run               Last # of DB Queries
--------------------------------------  -----  ---------  --------  ----------  --------------  -------------------  ----------------------
/opt/airflow/dags/datagub_ingestion.py                           1           0  0.18s           2026-05-26T08:53:09                      12
================================================================================
[2026-05-26T08:54:06.606+0000] {manager.py:997} INFO - 
================================================================================
DAG File Processing Stats

File Path                               PID    Runtime      # DAGs    # Errors  Last Runtime    Last Run               Last # of DB Queries
--------------------------------------  -----  ---------  --------  ----------  --------------  -------------------  ----------------------
/opt/airflow/dags/datagub_ingestion.py                           1           0  0.16s           2026-05-26T08:53:40                      12
================================================================================
[2026-05-26T08:54:37.023+0000] {manager.py:997} INFO - 
================================================================================
DAG File Processing Stats

File Path                               PID    Runtime      # DAGs    # Errors  Last Runtime    Last Run               Last # of DB Queries
--------------------------------------  -----  ---------  --------  ----------  --------------  -------------------  ----------------------
/opt/airflow/dags/datagub_ingestion.py                           1           0  0.19s           2026-05-26T08:54:10                      12
================================================================================
[2026-05-26T08:55:07.171+0000] {manager.py:997} INFO - 
================================================================================
DAG File Processing Stats

File Path                               PID    Runtime      # DAGs    # Errors  Last Runtime    Last Run               Last # of DB Queries
--------------------------------------  -----  ---------  --------  ----------  --------------  -------------------  ----------------------
/opt/airflow/dags/datagub_ingestion.py                           1           0  0.17s           2026-05-26T08:54:41                      12
================================================================================
[2026-05-26T08:55:29.636+0000] {manager.py:821} INFO - Searching for files in /opt/airflow/dags
[2026-05-26T08:55:29.754+0000] {manager.py:824} INFO - There are 1 files in /opt/airflow/dags
[2026-05-26T08:55:37.992+0000] {manager.py:997} INFO - 
================================================================================
DAG File Processing Stats

File Path                               PID    Runtime      # DAGs    # Errors  Last Runtime    Last Run               Last # of DB Queries
--------------------------------------  -----  ---------  --------  ----------  --------------  -------------------  ----------------------
/opt/airflow/dags/datagub_ingestion.py                           1           0  0.27s           2026-05-26T08:55:11                      12
================================================================================
[2026-05-26T08:56:08.702+0000] {manager.py:997} INFO - 
================================================================================
DAG File Processing Stats

File Path                               PID    Runtime      # DAGs    # Errors  Last Runtime    Last Run               Last # of DB Queries
--------------------------------------  -----  ---------  --------  ----------  --------------  -------------------  ----------------------
/opt/airflow/dags/datagub_ingestion.py                           1           0  0.75s           2026-05-26T08:55:42                      12
================================================================================
[2026-05-26T08:56:39.500+0000] {manager.py:997} INFO - 
================================================================================
DAG File Processing Stats

File Path                               PID    Runtime      # DAGs    # Errors  Last Runtime    Last Run               Last # of DB Queries
--------------------------------------  -----  ---------  --------  ----------  --------------  -------------------  ----------------------
/opt/airflow/dags/datagub_ingestion.py                           1           0  0.81s           2026-05-26T08:56:13                      12
================================================================================
[2026-05-26T08:57:10.098+0000] {manager.py:997} INFO - 
================================================================================
DAG File Processing Stats

File Path                               PID    Runtime      # DAGs    # Errors  Last Runtime    Last Run               Last # of DB Queries
--------------------------------------  -----  ---------  --------  ----------  --------------  -------------------  ----------------------
/opt/airflow/dags/datagub_ingestion.py                           1           0  7.03s           2026-05-26T08:56:51                      12
================================================================================
[2026-05-26T08:57:40.636+0000] {manager.py:997} INFO - 
================================================================================
DAG File Processing Stats

File Path                               PID    Runtime      # DAGs    # Errors  Last Runtime    Last Run               Last # of DB Queries
--------------------------------------  -----  ---------  --------  ----------  --------------  -------------------  ----------------------
/opt/airflow/dags/datagub_ingestion.py                           1           0  0.21s           2026-05-26T08:57:21                      12
================================================================================
[2026-05-26T08:58:11.149+0000] {manager.py:997} INFO - 
================================================================================
DAG File Processing Stats

File Path                               PID    Runtime      # DAGs    # Errors  Last Runtime    Last Run               Last # of DB Queries
--------------------------------------  -----  ---------  --------  ----------  --------------  -------------------  ----------------------
/opt/airflow/dags/datagub_ingestion.py                           1           0  0.23s           2026-05-26T08:57:52                      12
================================================================================
[2026-05-26T08:58:41.720+0000] {manager.py:997} INFO - 
================================================================================
DAG File Processing Stats

File Path                               PID    Runtime      # DAGs    # Errors  Last Runtime    Last Run               Last # of DB Queries
--------------------------------------  -----  ---------  --------  ----------  --------------  -------------------  ----------------------
/opt/airflow/dags/datagub_ingestion.py                           1           0  0.19s           2026-05-26T08:58:22                      12
================================================================================
[2026-05-26T08:58:53.079+0000] {manager.py:465} INFO - Exiting gracefully upon receiving signal 15
[2026-05-26T08:58:53.082+0000] {manager.py:465} INFO - Exiting gracefully upon receiving signal 15
[2026-05-26T08:58:53.369+0000] {manager.py:465} INFO - Exiting gracefully upon receiving signal 15
