[2026-05-25T22:58:58.481+0000] {processor.py:186} INFO - Started process (PID=198) to work on /opt/airflow/dags/datagub_ingestion.py
[2026-05-25T22:58:58.481+0000] {processor.py:914} INFO - Processing file /opt/airflow/dags/datagub_ingestion.py for tasks to queue
[2026-05-25T22:58:58.489+0000] {logging_mixin.py:190} INFO - [2026-05-25T22:58:58.489+0000] {dagbag.py:588} INFO - Filling up the DagBag from /opt/airflow/dags/datagub_ingestion.py
[2026-05-25T22:58:58.504+0000] {processor.py:925} INFO - DAG(s) 'datahub_periodic_ingestion' retrieved from /opt/airflow/dags/datagub_ingestion.py
[2026-05-25T22:58:58.544+0000] {logging_mixin.py:190} INFO - [2026-05-25T22:58:58.544+0000] {dag.py:3239} INFO - Sync 1 DAGs
[2026-05-25T22:58:58.561+0000] {logging_mixin.py:190} INFO - [2026-05-25T22:58:58.561+0000] {dag.py:4180} INFO - Setting next_dagrun for datahub_periodic_ingestion to 2026-05-25 22:30:00+00:00, run_after=2026-05-25 23:00:00+00:00
[2026-05-25T22:58:58.674+0000] {processor.py:208} INFO - Processing /opt/airflow/dags/datagub_ingestion.py took 0.193 seconds
[2026-05-25T22:59:28.898+0000] {processor.py:186} INFO - Started process (PID=204) to work on /opt/airflow/dags/datagub_ingestion.py
[2026-05-25T22:59:28.903+0000] {processor.py:914} INFO - Processing file /opt/airflow/dags/datagub_ingestion.py for tasks to queue
[2026-05-25T22:59:28.908+0000] {logging_mixin.py:190} INFO - [2026-05-25T22:59:28.908+0000] {dagbag.py:588} INFO - Filling up the DagBag from /opt/airflow/dags/datagub_ingestion.py
[2026-05-25T22:59:28.928+0000] {processor.py:925} INFO - DAG(s) 'datahub_periodic_ingestion' retrieved from /opt/airflow/dags/datagub_ingestion.py
[2026-05-25T22:59:28.966+0000] {logging_mixin.py:190} INFO - [2026-05-25T22:59:28.966+0000] {dag.py:3239} INFO - Sync 1 DAGs
[2026-05-25T22:59:29.002+0000] {logging_mixin.py:190} INFO - [2026-05-25T22:59:29.002+0000] {dag.py:4180} INFO - Setting next_dagrun for datahub_periodic_ingestion to 2026-05-25 22:30:00+00:00, run_after=2026-05-25 23:00:00+00:00
[2026-05-25T22:59:29.021+0000] {processor.py:208} INFO - Processing /opt/airflow/dags/datagub_ingestion.py took 0.128 seconds
[2026-05-25T22:59:59.424+0000] {processor.py:186} INFO - Started process (PID=209) to work on /opt/airflow/dags/datagub_ingestion.py
[2026-05-25T22:59:59.424+0000] {processor.py:914} INFO - Processing file /opt/airflow/dags/datagub_ingestion.py for tasks to queue
[2026-05-25T22:59:59.424+0000] {logging_mixin.py:190} INFO - [2026-05-25T22:59:59.424+0000] {dagbag.py:588} INFO - Filling up the DagBag from /opt/airflow/dags/datagub_ingestion.py
[2026-05-25T22:59:59.455+0000] {processor.py:925} INFO - DAG(s) 'datahub_periodic_ingestion' retrieved from /opt/airflow/dags/datagub_ingestion.py
[2026-05-25T22:59:59.494+0000] {logging_mixin.py:190} INFO - [2026-05-25T22:59:59.494+0000] {dag.py:3239} INFO - Sync 1 DAGs
[2026-05-25T22:59:59.525+0000] {logging_mixin.py:190} INFO - [2026-05-25T22:59:59.525+0000] {dag.py:4180} INFO - Setting next_dagrun for datahub_periodic_ingestion to 2026-05-25 22:30:00+00:00, run_after=2026-05-25 23:00:00+00:00
[2026-05-25T22:59:59.580+0000] {processor.py:208} INFO - Processing /opt/airflow/dags/datagub_ingestion.py took 0.166 seconds
[2026-05-25T23:00:29.708+0000] {processor.py:186} INFO - Started process (PID=215) to work on /opt/airflow/dags/datagub_ingestion.py
[2026-05-25T23:00:29.708+0000] {processor.py:914} INFO - Processing file /opt/airflow/dags/datagub_ingestion.py for tasks to queue
[2026-05-25T23:00:29.714+0000] {logging_mixin.py:190} INFO - [2026-05-25T23:00:29.714+0000] {dagbag.py:588} INFO - Filling up the DagBag from /opt/airflow/dags/datagub_ingestion.py
[2026-05-25T23:00:29.729+0000] {processor.py:925} INFO - DAG(s) 'datahub_periodic_ingestion' retrieved from /opt/airflow/dags/datagub_ingestion.py
[2026-05-25T23:00:29.776+0000] {logging_mixin.py:190} INFO - [2026-05-25T23:00:29.776+0000] {dag.py:3239} INFO - Sync 1 DAGs
[2026-05-25T23:00:29.806+0000] {logging_mixin.py:190} INFO - [2026-05-25T23:00:29.801+0000] {dag.py:4180} INFO - Setting next_dagrun for datahub_periodic_ingestion to 2026-05-25 23:00:00+00:00, run_after=2026-05-25 23:30:00+00:00
[2026-05-25T23:00:29.830+0000] {processor.py:208} INFO - Processing /opt/airflow/dags/datagub_ingestion.py took 0.127 seconds
[2026-05-25T23:01:00.931+0000] {processor.py:186} INFO - Started process (PID=220) to work on /opt/airflow/dags/datagub_ingestion.py
[2026-05-25T23:01:00.941+0000] {processor.py:914} INFO - Processing file /opt/airflow/dags/datagub_ingestion.py for tasks to queue
[2026-05-25T23:01:00.946+0000] {logging_mixin.py:190} INFO - [2026-05-25T23:01:00.941+0000] {dagbag.py:588} INFO - Filling up the DagBag from /opt/airflow/dags/datagub_ingestion.py
[2026-05-25T23:01:01.000+0000] {processor.py:925} INFO - DAG(s) 'datahub_periodic_ingestion' retrieved from /opt/airflow/dags/datagub_ingestion.py
[2026-05-25T23:01:01.068+0000] {logging_mixin.py:190} INFO - [2026-05-25T23:01:01.068+0000] {dag.py:3239} INFO - Sync 1 DAGs
[2026-05-25T23:01:01.114+0000] {logging_mixin.py:190} INFO - [2026-05-25T23:01:01.114+0000] {dag.py:4180} INFO - Setting next_dagrun for datahub_periodic_ingestion to 2026-05-25 23:00:00+00:00, run_after=2026-05-25 23:30:00+00:00
[2026-05-25T23:01:01.209+0000] {processor.py:208} INFO - Processing /opt/airflow/dags/datagub_ingestion.py took 0.282 seconds
[2026-05-25T23:01:32.304+0000] {processor.py:186} INFO - Started process (PID=225) to work on /opt/airflow/dags/datagub_ingestion.py
[2026-05-25T23:01:32.304+0000] {processor.py:914} INFO - Processing file /opt/airflow/dags/datagub_ingestion.py for tasks to queue
[2026-05-25T23:01:32.309+0000] {logging_mixin.py:190} INFO - [2026-05-25T23:01:32.309+0000] {dagbag.py:588} INFO - Filling up the DagBag from /opt/airflow/dags/datagub_ingestion.py
[2026-05-25T23:01:32.331+0000] {processor.py:925} INFO - DAG(s) 'datahub_periodic_ingestion' retrieved from /opt/airflow/dags/datagub_ingestion.py
[2026-05-25T23:01:32.356+0000] {logging_mixin.py:190} INFO - [2026-05-25T23:01:32.356+0000] {dag.py:3239} INFO - Sync 1 DAGs
[2026-05-25T23:01:32.372+0000] {logging_mixin.py:190} INFO - [2026-05-25T23:01:32.372+0000] {dag.py:4180} INFO - Setting next_dagrun for datahub_periodic_ingestion to 2026-05-25 23:00:00+00:00, run_after=2026-05-25 23:30:00+00:00
[2026-05-25T23:01:32.397+0000] {processor.py:208} INFO - Processing /opt/airflow/dags/datagub_ingestion.py took 0.099 seconds
[2026-05-25T23:02:02.631+0000] {processor.py:186} INFO - Started process (PID=230) to work on /opt/airflow/dags/datagub_ingestion.py
[2026-05-25T23:02:02.631+0000] {processor.py:914} INFO - Processing file /opt/airflow/dags/datagub_ingestion.py for tasks to queue
[2026-05-25T23:02:02.642+0000] {logging_mixin.py:190} INFO - [2026-05-25T23:02:02.642+0000] {dagbag.py:588} INFO - Filling up the DagBag from /opt/airflow/dags/datagub_ingestion.py
[2026-05-25T23:02:02.657+0000] {processor.py:925} INFO - DAG(s) 'datahub_periodic_ingestion' retrieved from /opt/airflow/dags/datagub_ingestion.py
[2026-05-25T23:02:02.719+0000] {logging_mixin.py:190} INFO - [2026-05-25T23:02:02.719+0000] {dag.py:3239} INFO - Sync 1 DAGs
[2026-05-25T23:02:02.783+0000] {logging_mixin.py:190} INFO - [2026-05-25T23:02:02.783+0000] {dag.py:4180} INFO - Setting next_dagrun for datahub_periodic_ingestion to 2026-05-25 23:00:00+00:00, run_after=2026-05-25 23:30:00+00:00
[2026-05-25T23:02:02.831+0000] {processor.py:208} INFO - Processing /opt/airflow/dags/datagub_ingestion.py took 0.205 seconds
[2026-05-25T23:02:33.103+0000] {processor.py:186} INFO - Started process (PID=268) to work on /opt/airflow/dags/datagub_ingestion.py
[2026-05-25T23:02:33.103+0000] {processor.py:914} INFO - Processing file /opt/airflow/dags/datagub_ingestion.py for tasks to queue
[2026-05-25T23:02:33.103+0000] {logging_mixin.py:190} INFO - [2026-05-25T23:02:33.103+0000] {dagbag.py:588} INFO - Filling up the DagBag from /opt/airflow/dags/datagub_ingestion.py
[2026-05-25T23:02:33.103+0000] {processor.py:925} INFO - DAG(s) 'datahub_periodic_ingestion' retrieved from /opt/airflow/dags/datagub_ingestion.py
[2026-05-25T23:02:33.362+0000] {logging_mixin.py:190} INFO - [2026-05-25T23:02:33.362+0000] {dag.py:3239} INFO - Sync 1 DAGs
[2026-05-25T23:02:33.395+0000] {logging_mixin.py:190} INFO - [2026-05-25T23:02:33.395+0000] {dag.py:4180} INFO - Setting next_dagrun for datahub_periodic_ingestion to 2026-05-25 23:00:00+00:00, run_after=2026-05-25 23:30:00+00:00
[2026-05-25T23:02:33.395+0000] {processor.py:208} INFO - Processing /opt/airflow/dags/datagub_ingestion.py took 0.292 seconds
[2026-05-25T23:03:03.791+0000] {processor.py:186} INFO - Started process (PID=277) to work on /opt/airflow/dags/datagub_ingestion.py
[2026-05-25T23:03:03.791+0000] {processor.py:914} INFO - Processing file /opt/airflow/dags/datagub_ingestion.py for tasks to queue
[2026-05-25T23:03:03.791+0000] {logging_mixin.py:190} INFO - [2026-05-25T23:03:03.791+0000] {dagbag.py:588} INFO - Filling up the DagBag from /opt/airflow/dags/datagub_ingestion.py
[2026-05-25T23:03:03.815+0000] {processor.py:925} INFO - DAG(s) 'datahub_periodic_ingestion' retrieved from /opt/airflow/dags/datagub_ingestion.py
[2026-05-25T23:03:04.104+0000] {logging_mixin.py:190} INFO - [2026-05-25T23:03:04.104+0000] {dag.py:3239} INFO - Sync 1 DAGs
[2026-05-25T23:03:04.205+0000] {logging_mixin.py:190} INFO - [2026-05-25T23:03:04.198+0000] {dag.py:4180} INFO - Setting next_dagrun for datahub_periodic_ingestion to 2026-05-25 23:00:00+00:00, run_after=2026-05-25 23:30:00+00:00
[2026-05-25T23:03:04.412+0000] {processor.py:208} INFO - Processing /opt/airflow/dags/datagub_ingestion.py took 0.621 seconds
[2026-05-25T23:03:34.836+0000] {processor.py:186} INFO - Started process (PID=282) to work on /opt/airflow/dags/datagub_ingestion.py
[2026-05-25T23:03:34.842+0000] {processor.py:914} INFO - Processing file /opt/airflow/dags/datagub_ingestion.py for tasks to queue
[2026-05-25T23:03:34.842+0000] {logging_mixin.py:190} INFO - [2026-05-25T23:03:34.842+0000] {dagbag.py:588} INFO - Filling up the DagBag from /opt/airflow/dags/datagub_ingestion.py
[2026-05-25T23:03:34.932+0000] {processor.py:925} INFO - DAG(s) 'datahub_periodic_ingestion' retrieved from /opt/airflow/dags/datagub_ingestion.py
[2026-05-25T23:03:35.077+0000] {logging_mixin.py:190} INFO - [2026-05-25T23:03:35.077+0000] {dag.py:3239} INFO - Sync 1 DAGs
[2026-05-25T23:03:35.164+0000] {logging_mixin.py:190} INFO - [2026-05-25T23:03:35.164+0000] {dag.py:4180} INFO - Setting next_dagrun for datahub_periodic_ingestion to 2026-05-25 23:00:00+00:00, run_after=2026-05-25 23:30:00+00:00
[2026-05-25T23:03:35.234+0000] {processor.py:208} INFO - Processing /opt/airflow/dags/datagub_ingestion.py took 0.424 seconds
[2026-05-25T23:04:05.871+0000] {processor.py:186} INFO - Started process (PID=287) to work on /opt/airflow/dags/datagub_ingestion.py
[2026-05-25T23:04:05.881+0000] {processor.py:914} INFO - Processing file /opt/airflow/dags/datagub_ingestion.py for tasks to queue
[2026-05-25T23:04:05.881+0000] {logging_mixin.py:190} INFO - [2026-05-25T23:04:05.881+0000] {dagbag.py:588} INFO - Filling up the DagBag from /opt/airflow/dags/datagub_ingestion.py
[2026-05-25T23:04:06.035+0000] {processor.py:925} INFO - DAG(s) 'datahub_periodic_ingestion' retrieved from /opt/airflow/dags/datagub_ingestion.py
[2026-05-25T23:04:06.130+0000] {logging_mixin.py:190} INFO - [2026-05-25T23:04:06.130+0000] {dag.py:3239} INFO - Sync 1 DAGs
[2026-05-25T23:04:06.170+0000] {logging_mixin.py:190} INFO - [2026-05-25T23:04:06.170+0000] {dag.py:4180} INFO - Setting next_dagrun for datahub_periodic_ingestion to 2026-05-25 23:00:00+00:00, run_after=2026-05-25 23:30:00+00:00
[2026-05-25T23:04:06.218+0000] {processor.py:208} INFO - Processing /opt/airflow/dags/datagub_ingestion.py took 0.347 seconds
[2026-05-25T23:06:59.700+0000] {processor.py:186} INFO - Started process (PID=167) to work on /opt/airflow/dags/datagub_ingestion.py
[2026-05-25T23:06:59.700+0000] {processor.py:914} INFO - Processing file /opt/airflow/dags/datagub_ingestion.py for tasks to queue
[2026-05-25T23:06:59.704+0000] {logging_mixin.py:190} INFO - [2026-05-25T23:06:59.704+0000] {dagbag.py:588} INFO - Filling up the DagBag from /opt/airflow/dags/datagub_ingestion.py
[2026-05-25T23:06:59.744+0000] {processor.py:925} INFO - DAG(s) 'datahub_periodic_ingestion' retrieved from /opt/airflow/dags/datagub_ingestion.py
[2026-05-25T23:06:59.794+0000] {logging_mixin.py:190} INFO - [2026-05-25T23:06:59.794+0000] {dag.py:3239} INFO - Sync 1 DAGs
[2026-05-25T23:06:59.846+0000] {logging_mixin.py:190} INFO - [2026-05-25T23:06:59.846+0000] {dag.py:4180} INFO - Setting next_dagrun for datahub_periodic_ingestion to 2026-05-25 23:00:00+00:00, run_after=2026-05-25 23:30:00+00:00
[2026-05-25T23:06:59.860+0000] {processor.py:208} INFO - Processing /opt/airflow/dags/datagub_ingestion.py took 0.167 seconds
[2026-05-25T23:07:30.191+0000] {processor.py:186} INFO - Started process (PID=172) to work on /opt/airflow/dags/datagub_ingestion.py
[2026-05-25T23:07:30.194+0000] {processor.py:914} INFO - Processing file /opt/airflow/dags/datagub_ingestion.py for tasks to queue
[2026-05-25T23:07:30.195+0000] {logging_mixin.py:190} INFO - [2026-05-25T23:07:30.195+0000] {dagbag.py:588} INFO - Filling up the DagBag from /opt/airflow/dags/datagub_ingestion.py
[2026-05-25T23:07:30.213+0000] {processor.py:925} INFO - DAG(s) 'datahub_periodic_ingestion' retrieved from /opt/airflow/dags/datagub_ingestion.py
[2026-05-25T23:07:30.237+0000] {logging_mixin.py:190} INFO - [2026-05-25T23:07:30.237+0000] {dag.py:3239} INFO - Sync 1 DAGs
[2026-05-25T23:07:30.237+0000] {logging_mixin.py:190} INFO - [2026-05-25T23:07:30.237+0000] {dag.py:4180} INFO - Setting next_dagrun for datahub_periodic_ingestion to 2026-05-25 23:00:00+00:00, run_after=2026-05-25 23:30:00+00:00
[2026-05-25T23:07:30.237+0000] {processor.py:208} INFO - Processing /opt/airflow/dags/datagub_ingestion.py took 0.050 seconds
[2026-05-25T23:08:00.637+0000] {processor.py:186} INFO - Started process (PID=177) to work on /opt/airflow/dags/datagub_ingestion.py
[2026-05-25T23:08:00.637+0000] {processor.py:914} INFO - Processing file /opt/airflow/dags/datagub_ingestion.py for tasks to queue
[2026-05-25T23:08:00.642+0000] {logging_mixin.py:190} INFO - [2026-05-25T23:08:00.642+0000] {dagbag.py:588} INFO - Filling up the DagBag from /opt/airflow/dags/datagub_ingestion.py
[2026-05-25T23:08:00.661+0000] {processor.py:925} INFO - DAG(s) 'datahub_periodic_ingestion' retrieved from /opt/airflow/dags/datagub_ingestion.py
[2026-05-25T23:08:00.693+0000] {logging_mixin.py:190} INFO - [2026-05-25T23:08:00.693+0000] {dag.py:3239} INFO - Sync 1 DAGs
[2026-05-25T23:08:00.715+0000] {logging_mixin.py:190} INFO - [2026-05-25T23:08:00.715+0000] {dag.py:4180} INFO - Setting next_dagrun for datahub_periodic_ingestion to 2026-05-25 23:00:00+00:00, run_after=2026-05-25 23:30:00+00:00
[2026-05-25T23:08:00.730+0000] {processor.py:208} INFO - Processing /opt/airflow/dags/datagub_ingestion.py took 0.097 seconds
[2026-05-25T23:08:31.764+0000] {processor.py:186} INFO - Started process (PID=183) to work on /opt/airflow/dags/datagub_ingestion.py
[2026-05-25T23:08:31.764+0000] {processor.py:914} INFO - Processing file /opt/airflow/dags/datagub_ingestion.py for tasks to queue
[2026-05-25T23:08:31.776+0000] {logging_mixin.py:190} INFO - [2026-05-25T23:08:31.776+0000] {dagbag.py:588} INFO - Filling up the DagBag from /opt/airflow/dags/datagub_ingestion.py
[2026-05-25T23:08:31.792+0000] {processor.py:925} INFO - DAG(s) 'datahub_periodic_ingestion' retrieved from /opt/airflow/dags/datagub_ingestion.py
[2026-05-25T23:08:31.847+0000] {logging_mixin.py:190} INFO - [2026-05-25T23:08:31.847+0000] {dag.py:3239} INFO - Sync 1 DAGs
[2026-05-25T23:08:31.886+0000] {logging_mixin.py:190} INFO - [2026-05-25T23:08:31.886+0000] {dag.py:4180} INFO - Setting next_dagrun for datahub_periodic_ingestion to 2026-05-25 23:00:00+00:00, run_after=2026-05-25 23:30:00+00:00
[2026-05-25T23:08:31.917+0000] {processor.py:208} INFO - Processing /opt/airflow/dags/datagub_ingestion.py took 0.158 seconds
[2026-05-25T23:09:02.769+0000] {processor.py:186} INFO - Started process (PID=188) to work on /opt/airflow/dags/datagub_ingestion.py
[2026-05-25T23:09:02.774+0000] {processor.py:914} INFO - Processing file /opt/airflow/dags/datagub_ingestion.py for tasks to queue
[2026-05-25T23:09:02.780+0000] {logging_mixin.py:190} INFO - [2026-05-25T23:09:02.780+0000] {dagbag.py:588} INFO - Filling up the DagBag from /opt/airflow/dags/datagub_ingestion.py
[2026-05-25T23:09:02.818+0000] {processor.py:925} INFO - DAG(s) 'datahub_periodic_ingestion' retrieved from /opt/airflow/dags/datagub_ingestion.py
[2026-05-25T23:09:02.838+0000] {logging_mixin.py:190} INFO - [2026-05-25T23:09:02.838+0000] {dag.py:3239} INFO - Sync 1 DAGs
[2026-05-25T23:09:02.854+0000] {logging_mixin.py:190} INFO - [2026-05-25T23:09:02.854+0000] {dag.py:4180} INFO - Setting next_dagrun for datahub_periodic_ingestion to 2026-05-25 23:00:00+00:00, run_after=2026-05-25 23:30:00+00:00
[2026-05-25T23:09:02.866+0000] {processor.py:208} INFO - Processing /opt/airflow/dags/datagub_ingestion.py took 0.102 seconds
[2026-05-25T23:09:33.537+0000] {processor.py:186} INFO - Started process (PID=207) to work on /opt/airflow/dags/datagub_ingestion.py
[2026-05-25T23:09:33.537+0000] {processor.py:914} INFO - Processing file /opt/airflow/dags/datagub_ingestion.py for tasks to queue
[2026-05-25T23:09:33.561+0000] {logging_mixin.py:190} INFO - [2026-05-25T23:09:33.556+0000] {dagbag.py:588} INFO - Filling up the DagBag from /opt/airflow/dags/datagub_ingestion.py
[2026-05-25T23:09:33.585+0000] {processor.py:925} INFO - DAG(s) 'datahub_periodic_ingestion' retrieved from /opt/airflow/dags/datagub_ingestion.py
[2026-05-25T23:09:33.954+0000] {logging_mixin.py:190} INFO - [2026-05-25T23:09:33.954+0000] {dag.py:3239} INFO - Sync 1 DAGs
[2026-05-25T23:09:34.029+0000] {logging_mixin.py:190} INFO - [2026-05-25T23:09:34.029+0000] {dag.py:4180} INFO - Setting next_dagrun for datahub_periodic_ingestion to 2026-05-25 23:00:00+00:00, run_after=2026-05-25 23:30:00+00:00
[2026-05-25T23:09:34.054+0000] {processor.py:208} INFO - Processing /opt/airflow/dags/datagub_ingestion.py took 0.517 seconds
[2026-05-25T23:10:04.344+0000] {processor.py:186} INFO - Started process (PID=226) to work on /opt/airflow/dags/datagub_ingestion.py
[2026-05-25T23:10:04.351+0000] {processor.py:914} INFO - Processing file /opt/airflow/dags/datagub_ingestion.py for tasks to queue
[2026-05-25T23:10:04.351+0000] {logging_mixin.py:190} INFO - [2026-05-25T23:10:04.351+0000] {dagbag.py:588} INFO - Filling up the DagBag from /opt/airflow/dags/datagub_ingestion.py
[2026-05-25T23:10:04.366+0000] {processor.py:925} INFO - DAG(s) 'datahub_periodic_ingestion' retrieved from /opt/airflow/dags/datagub_ingestion.py
[2026-05-25T23:10:04.666+0000] {logging_mixin.py:190} INFO - [2026-05-25T23:10:04.666+0000] {dag.py:3239} INFO - Sync 1 DAGs
[2026-05-25T23:10:04.729+0000] {logging_mixin.py:190} INFO - [2026-05-25T23:10:04.729+0000] {dag.py:4180} INFO - Setting next_dagrun for datahub_periodic_ingestion to 2026-05-25 23:00:00+00:00, run_after=2026-05-25 23:30:00+00:00
[2026-05-25T23:10:04.754+0000] {processor.py:208} INFO - Processing /opt/airflow/dags/datagub_ingestion.py took 0.431 seconds
[2026-05-25T23:10:35.538+0000] {processor.py:186} INFO - Started process (PID=232) to work on /opt/airflow/dags/datagub_ingestion.py
[2026-05-25T23:10:35.544+0000] {processor.py:914} INFO - Processing file /opt/airflow/dags/datagub_ingestion.py for tasks to queue
[2026-05-25T23:10:35.565+0000] {logging_mixin.py:190} INFO - [2026-05-25T23:10:35.560+0000] {dagbag.py:588} INFO - Filling up the DagBag from /opt/airflow/dags/datagub_ingestion.py
[2026-05-25T23:10:35.635+0000] {processor.py:925} INFO - DAG(s) 'datahub_periodic_ingestion' retrieved from /opt/airflow/dags/datagub_ingestion.py
[2026-05-25T23:10:35.714+0000] {logging_mixin.py:190} INFO - [2026-05-25T23:10:35.714+0000] {dag.py:3239} INFO - Sync 1 DAGs
[2026-05-25T23:10:35.762+0000] {logging_mixin.py:190} INFO - [2026-05-25T23:10:35.762+0000] {dag.py:4180} INFO - Setting next_dagrun for datahub_periodic_ingestion to 2026-05-25 23:00:00+00:00, run_after=2026-05-25 23:30:00+00:00
[2026-05-25T23:10:35.794+0000] {processor.py:208} INFO - Processing /opt/airflow/dags/datagub_ingestion.py took 0.271 seconds
[2026-05-25T23:11:06.374+0000] {processor.py:186} INFO - Started process (PID=237) to work on /opt/airflow/dags/datagub_ingestion.py
[2026-05-25T23:11:06.374+0000] {processor.py:914} INFO - Processing file /opt/airflow/dags/datagub_ingestion.py for tasks to queue
[2026-05-25T23:11:06.379+0000] {logging_mixin.py:190} INFO - [2026-05-25T23:11:06.379+0000] {dagbag.py:588} INFO - Filling up the DagBag from /opt/airflow/dags/datagub_ingestion.py
[2026-05-25T23:11:06.491+0000] {processor.py:925} INFO - DAG(s) 'datahub_periodic_ingestion' retrieved from /opt/airflow/dags/datagub_ingestion.py
[2026-05-25T23:11:06.581+0000] {logging_mixin.py:190} INFO - [2026-05-25T23:11:06.581+0000] {dag.py:3239} INFO - Sync 1 DAGs
[2026-05-25T23:11:06.618+0000] {logging_mixin.py:190} INFO - [2026-05-25T23:11:06.618+0000] {dag.py:4180} INFO - Setting next_dagrun for datahub_periodic_ingestion to 2026-05-25 23:00:00+00:00, run_after=2026-05-25 23:30:00+00:00
[2026-05-25T23:11:06.658+0000] {processor.py:208} INFO - Processing /opt/airflow/dags/datagub_ingestion.py took 0.300 seconds
[2026-05-25T23:11:36.965+0000] {processor.py:186} INFO - Started process (PID=242) to work on /opt/airflow/dags/datagub_ingestion.py
[2026-05-25T23:11:36.984+0000] {processor.py:914} INFO - Processing file /opt/airflow/dags/datagub_ingestion.py for tasks to queue
[2026-05-25T23:11:37.045+0000] {logging_mixin.py:190} INFO - [2026-05-25T23:11:37.045+0000] {dagbag.py:588} INFO - Filling up the DagBag from /opt/airflow/dags/datagub_ingestion.py
[2026-05-25T23:11:37.121+0000] {processor.py:925} INFO - DAG(s) 'datahub_periodic_ingestion' retrieved from /opt/airflow/dags/datagub_ingestion.py
[2026-05-25T23:11:37.220+0000] {logging_mixin.py:190} INFO - [2026-05-25T23:11:37.220+0000] {dag.py:3239} INFO - Sync 1 DAGs
[2026-05-25T23:11:37.317+0000] {logging_mixin.py:190} INFO - [2026-05-25T23:11:37.317+0000] {dag.py:4180} INFO - Setting next_dagrun for datahub_periodic_ingestion to 2026-05-25 23:00:00+00:00, run_after=2026-05-25 23:30:00+00:00
[2026-05-25T23:11:37.376+0000] {processor.py:208} INFO - Processing /opt/airflow/dags/datagub_ingestion.py took 0.462 seconds
[2026-05-25T23:12:07.776+0000] {processor.py:186} INFO - Started process (PID=247) to work on /opt/airflow/dags/datagub_ingestion.py
[2026-05-25T23:12:07.792+0000] {processor.py:914} INFO - Processing file /opt/airflow/dags/datagub_ingestion.py for tasks to queue
[2026-05-25T23:12:07.803+0000] {logging_mixin.py:190} INFO - [2026-05-25T23:12:07.803+0000] {dagbag.py:588} INFO - Filling up the DagBag from /opt/airflow/dags/datagub_ingestion.py
[2026-05-25T23:12:07.890+0000] {processor.py:925} INFO - DAG(s) 'datahub_periodic_ingestion' retrieved from /opt/airflow/dags/datagub_ingestion.py
[2026-05-25T23:12:07.969+0000] {logging_mixin.py:190} INFO - [2026-05-25T23:12:07.969+0000] {dag.py:3239} INFO - Sync 1 DAGs
[2026-05-25T23:12:08.005+0000] {logging_mixin.py:190} INFO - [2026-05-25T23:12:08.005+0000] {dag.py:4180} INFO - Setting next_dagrun for datahub_periodic_ingestion to 2026-05-25 23:00:00+00:00, run_after=2026-05-25 23:30:00+00:00
[2026-05-25T23:12:08.140+0000] {processor.py:208} INFO - Processing /opt/airflow/dags/datagub_ingestion.py took 0.364 seconds
[2026-05-25T23:12:38.380+0000] {processor.py:186} INFO - Started process (PID=253) to work on /opt/airflow/dags/datagub_ingestion.py
[2026-05-25T23:12:38.402+0000] {processor.py:914} INFO - Processing file /opt/airflow/dags/datagub_ingestion.py for tasks to queue
[2026-05-25T23:12:38.414+0000] {logging_mixin.py:190} INFO - [2026-05-25T23:12:38.414+0000] {dagbag.py:588} INFO - Filling up the DagBag from /opt/airflow/dags/datagub_ingestion.py
[2026-05-25T23:12:38.482+0000] {processor.py:925} INFO - DAG(s) 'datahub_periodic_ingestion' retrieved from /opt/airflow/dags/datagub_ingestion.py
[2026-05-25T23:12:38.526+0000] {logging_mixin.py:190} INFO - [2026-05-25T23:12:38.526+0000] {dag.py:3239} INFO - Sync 1 DAGs
[2026-05-25T23:12:38.588+0000] {logging_mixin.py:190} INFO - [2026-05-25T23:12:38.588+0000] {dag.py:4180} INFO - Setting next_dagrun for datahub_periodic_ingestion to 2026-05-25 23:00:00+00:00, run_after=2026-05-25 23:30:00+00:00
[2026-05-25T23:12:38.656+0000] {processor.py:208} INFO - Processing /opt/airflow/dags/datagub_ingestion.py took 0.305 seconds
[2026-05-25T23:13:09.117+0000] {processor.py:186} INFO - Started process (PID=258) to work on /opt/airflow/dags/datagub_ingestion.py
[2026-05-25T23:13:09.117+0000] {processor.py:914} INFO - Processing file /opt/airflow/dags/datagub_ingestion.py for tasks to queue
[2026-05-25T23:13:09.123+0000] {logging_mixin.py:190} INFO - [2026-05-25T23:13:09.123+0000] {dagbag.py:588} INFO - Filling up the DagBag from /opt/airflow/dags/datagub_ingestion.py
[2026-05-25T23:13:09.155+0000] {processor.py:925} INFO - DAG(s) 'datahub_periodic_ingestion' retrieved from /opt/airflow/dags/datagub_ingestion.py
[2026-05-25T23:13:09.197+0000] {logging_mixin.py:190} INFO - [2026-05-25T23:13:09.197+0000] {dag.py:3239} INFO - Sync 1 DAGs
[2026-05-25T23:13:09.233+0000] {logging_mixin.py:190} INFO - [2026-05-25T23:13:09.233+0000] {dag.py:4180} INFO - Setting next_dagrun for datahub_periodic_ingestion to 2026-05-25 23:00:00+00:00, run_after=2026-05-25 23:30:00+00:00
[2026-05-25T23:13:09.249+0000] {processor.py:208} INFO - Processing /opt/airflow/dags/datagub_ingestion.py took 0.147 seconds
[2026-05-25T23:13:39.545+0000] {processor.py:186} INFO - Started process (PID=263) to work on /opt/airflow/dags/datagub_ingestion.py
[2026-05-25T23:13:39.555+0000] {processor.py:914} INFO - Processing file /opt/airflow/dags/datagub_ingestion.py for tasks to queue
[2026-05-25T23:13:39.555+0000] {logging_mixin.py:190} INFO - [2026-05-25T23:13:39.555+0000] {dagbag.py:588} INFO - Filling up the DagBag from /opt/airflow/dags/datagub_ingestion.py
[2026-05-25T23:13:39.601+0000] {processor.py:925} INFO - DAG(s) 'datahub_periodic_ingestion' retrieved from /opt/airflow/dags/datagub_ingestion.py
[2026-05-25T23:13:39.662+0000] {logging_mixin.py:190} INFO - [2026-05-25T23:13:39.662+0000] {dag.py:3239} INFO - Sync 1 DAGs
[2026-05-25T23:13:39.712+0000] {logging_mixin.py:190} INFO - [2026-05-25T23:13:39.712+0000] {dag.py:4180} INFO - Setting next_dagrun for datahub_periodic_ingestion to 2026-05-25 23:00:00+00:00, run_after=2026-05-25 23:30:00+00:00
[2026-05-25T23:13:39.766+0000] {processor.py:208} INFO - Processing /opt/airflow/dags/datagub_ingestion.py took 0.227 seconds
[2026-05-25T23:14:10.439+0000] {processor.py:186} INFO - Started process (PID=268) to work on /opt/airflow/dags/datagub_ingestion.py
[2026-05-25T23:14:10.439+0000] {processor.py:914} INFO - Processing file /opt/airflow/dags/datagub_ingestion.py for tasks to queue
[2026-05-25T23:14:10.488+0000] {logging_mixin.py:190} INFO - [2026-05-25T23:14:10.488+0000] {dagbag.py:588} INFO - Filling up the DagBag from /opt/airflow/dags/datagub_ingestion.py
[2026-05-25T23:14:10.658+0000] {processor.py:925} INFO - DAG(s) 'datahub_periodic_ingestion' retrieved from /opt/airflow/dags/datagub_ingestion.py
[2026-05-25T23:14:10.860+0000] {logging_mixin.py:190} INFO - [2026-05-25T23:14:10.860+0000] {dag.py:3239} INFO - Sync 1 DAGs
[2026-05-25T23:14:10.959+0000] {logging_mixin.py:190} INFO - [2026-05-25T23:14:10.959+0000] {dag.py:4180} INFO - Setting next_dagrun for datahub_periodic_ingestion to 2026-05-25 23:00:00+00:00, run_after=2026-05-25 23:30:00+00:00
[2026-05-25T23:14:11.154+0000] {processor.py:208} INFO - Processing /opt/airflow/dags/datagub_ingestion.py took 0.720 seconds
[2026-05-25T23:14:41.666+0000] {processor.py:186} INFO - Started process (PID=273) to work on /opt/airflow/dags/datagub_ingestion.py
[2026-05-25T23:14:41.676+0000] {processor.py:914} INFO - Processing file /opt/airflow/dags/datagub_ingestion.py for tasks to queue
[2026-05-25T23:14:41.682+0000] {logging_mixin.py:190} INFO - [2026-05-25T23:14:41.682+0000] {dagbag.py:588} INFO - Filling up the DagBag from /opt/airflow/dags/datagub_ingestion.py
[2026-05-25T23:14:41.752+0000] {processor.py:925} INFO - DAG(s) 'datahub_periodic_ingestion' retrieved from /opt/airflow/dags/datagub_ingestion.py
[2026-05-25T23:14:41.849+0000] {logging_mixin.py:190} INFO - [2026-05-25T23:14:41.844+0000] {dag.py:3239} INFO - Sync 1 DAGs
[2026-05-25T23:14:41.958+0000] {logging_mixin.py:190} INFO - [2026-05-25T23:14:41.958+0000] {dag.py:4180} INFO - Setting next_dagrun for datahub_periodic_ingestion to 2026-05-25 23:00:00+00:00, run_after=2026-05-25 23:30:00+00:00
[2026-05-25T23:14:42.034+0000] {processor.py:208} INFO - Processing /opt/airflow/dags/datagub_ingestion.py took 0.368 seconds
[2026-05-25T23:15:12.797+0000] {processor.py:186} INFO - Started process (PID=278) to work on /opt/airflow/dags/datagub_ingestion.py
[2026-05-25T23:15:12.797+0000] {processor.py:914} INFO - Processing file /opt/airflow/dags/datagub_ingestion.py for tasks to queue
[2026-05-25T23:15:12.804+0000] {logging_mixin.py:190} INFO - [2026-05-25T23:15:12.804+0000] {dagbag.py:588} INFO - Filling up the DagBag from /opt/airflow/dags/datagub_ingestion.py
[2026-05-25T23:15:12.819+0000] {processor.py:925} INFO - DAG(s) 'datahub_periodic_ingestion' retrieved from /opt/airflow/dags/datagub_ingestion.py
[2026-05-25T23:15:12.844+0000] {logging_mixin.py:190} INFO - [2026-05-25T23:15:12.844+0000] {dag.py:3239} INFO - Sync 1 DAGs
[2026-05-25T23:15:12.882+0000] {logging_mixin.py:190} INFO - [2026-05-25T23:15:12.882+0000] {dag.py:4180} INFO - Setting next_dagrun for datahub_periodic_ingestion to 2026-05-25 23:00:00+00:00, run_after=2026-05-25 23:30:00+00:00
[2026-05-25T23:15:12.882+0000] {processor.py:208} INFO - Processing /opt/airflow/dags/datagub_ingestion.py took 0.090 seconds
[2026-05-25T23:15:43.716+0000] {processor.py:186} INFO - Started process (PID=283) to work on /opt/airflow/dags/datagub_ingestion.py
[2026-05-25T23:15:43.728+0000] {processor.py:914} INFO - Processing file /opt/airflow/dags/datagub_ingestion.py for tasks to queue
[2026-05-25T23:15:43.741+0000] {logging_mixin.py:190} INFO - [2026-05-25T23:15:43.734+0000] {dagbag.py:588} INFO - Filling up the DagBag from /opt/airflow/dags/datagub_ingestion.py
[2026-05-25T23:15:43.774+0000] {processor.py:925} INFO - DAG(s) 'datahub_periodic_ingestion' retrieved from /opt/airflow/dags/datagub_ingestion.py
[2026-05-25T23:15:43.857+0000] {logging_mixin.py:190} INFO - [2026-05-25T23:15:43.857+0000] {dag.py:3239} INFO - Sync 1 DAGs
[2026-05-25T23:15:43.882+0000] {logging_mixin.py:190} INFO - [2026-05-25T23:15:43.882+0000] {dag.py:4180} INFO - Setting next_dagrun for datahub_periodic_ingestion to 2026-05-25 23:00:00+00:00, run_after=2026-05-25 23:30:00+00:00
[2026-05-25T23:15:43.930+0000] {processor.py:208} INFO - Processing /opt/airflow/dags/datagub_ingestion.py took 0.220 seconds
[2026-05-25T23:16:14.757+0000] {processor.py:186} INFO - Started process (PID=288) to work on /opt/airflow/dags/datagub_ingestion.py
[2026-05-25T23:16:14.767+0000] {processor.py:914} INFO - Processing file /opt/airflow/dags/datagub_ingestion.py for tasks to queue
[2026-05-25T23:16:14.783+0000] {logging_mixin.py:190} INFO - [2026-05-25T23:16:14.777+0000] {dagbag.py:588} INFO - Filling up the DagBag from /opt/airflow/dags/datagub_ingestion.py
[2026-05-25T23:16:14.831+0000] {processor.py:925} INFO - DAG(s) 'datahub_periodic_ingestion' retrieved from /opt/airflow/dags/datagub_ingestion.py
[2026-05-25T23:16:14.889+0000] {logging_mixin.py:190} INFO - [2026-05-25T23:16:14.889+0000] {dag.py:3239} INFO - Sync 1 DAGs
[2026-05-25T23:16:14.923+0000] {logging_mixin.py:190} INFO - [2026-05-25T23:16:14.923+0000] {dag.py:4180} INFO - Setting next_dagrun for datahub_periodic_ingestion to 2026-05-25 23:00:00+00:00, run_after=2026-05-25 23:30:00+00:00
[2026-05-25T23:16:14.959+0000] {processor.py:208} INFO - Processing /opt/airflow/dags/datagub_ingestion.py took 0.202 seconds
[2026-05-25T23:16:45.318+0000] {processor.py:186} INFO - Started process (PID=293) to work on /opt/airflow/dags/datagub_ingestion.py
[2026-05-25T23:16:45.318+0000] {processor.py:914} INFO - Processing file /opt/airflow/dags/datagub_ingestion.py for tasks to queue
[2026-05-25T23:16:45.324+0000] {logging_mixin.py:190} INFO - [2026-05-25T23:16:45.324+0000] {dagbag.py:588} INFO - Filling up the DagBag from /opt/airflow/dags/datagub_ingestion.py
[2026-05-25T23:16:45.386+0000] {processor.py:925} INFO - DAG(s) 'datahub_periodic_ingestion' retrieved from /opt/airflow/dags/datagub_ingestion.py
[2026-05-25T23:16:45.748+0000] {logging_mixin.py:190} INFO - [2026-05-25T23:16:45.748+0000] {dag.py:3239} INFO - Sync 1 DAGs
[2026-05-25T23:16:45.790+0000] {logging_mixin.py:190} INFO - [2026-05-25T23:16:45.790+0000] {dag.py:4180} INFO - Setting next_dagrun for datahub_periodic_ingestion to 2026-05-25 23:00:00+00:00, run_after=2026-05-25 23:30:00+00:00
[2026-05-25T23:16:45.853+0000] {processor.py:208} INFO - Processing /opt/airflow/dags/datagub_ingestion.py took 0.546 seconds
[2026-05-25T23:17:16.285+0000] {processor.py:186} INFO - Started process (PID=298) to work on /opt/airflow/dags/datagub_ingestion.py
[2026-05-25T23:17:16.285+0000] {processor.py:914} INFO - Processing file /opt/airflow/dags/datagub_ingestion.py for tasks to queue
[2026-05-25T23:17:16.285+0000] {logging_mixin.py:190} INFO - [2026-05-25T23:17:16.285+0000] {dagbag.py:588} INFO - Filling up the DagBag from /opt/airflow/dags/datagub_ingestion.py
[2026-05-25T23:17:16.322+0000] {processor.py:925} INFO - DAG(s) 'datahub_periodic_ingestion' retrieved from /opt/airflow/dags/datagub_ingestion.py
[2026-05-25T23:17:16.377+0000] {logging_mixin.py:190} INFO - [2026-05-25T23:17:16.377+0000] {dag.py:3239} INFO - Sync 1 DAGs
[2026-05-25T23:17:16.399+0000] {logging_mixin.py:190} INFO - [2026-05-25T23:17:16.399+0000] {dag.py:4180} INFO - Setting next_dagrun for datahub_periodic_ingestion to 2026-05-25 23:00:00+00:00, run_after=2026-05-25 23:30:00+00:00
[2026-05-25T23:17:16.422+0000] {processor.py:208} INFO - Processing /opt/airflow/dags/datagub_ingestion.py took 0.143 seconds
[2026-05-25T23:17:46.800+0000] {processor.py:186} INFO - Started process (PID=303) to work on /opt/airflow/dags/datagub_ingestion.py
[2026-05-25T23:17:46.819+0000] {processor.py:914} INFO - Processing file /opt/airflow/dags/datagub_ingestion.py for tasks to queue
[2026-05-25T23:17:46.837+0000] {logging_mixin.py:190} INFO - [2026-05-25T23:17:46.837+0000] {dagbag.py:588} INFO - Filling up the DagBag from /opt/airflow/dags/datagub_ingestion.py
[2026-05-25T23:17:46.889+0000] {processor.py:925} INFO - DAG(s) 'datahub_periodic_ingestion' retrieved from /opt/airflow/dags/datagub_ingestion.py
[2026-05-25T23:17:46.941+0000] {logging_mixin.py:190} INFO - [2026-05-25T23:17:46.941+0000] {dag.py:3239} INFO - Sync 1 DAGs
[2026-05-25T23:17:46.964+0000] {logging_mixin.py:190} INFO - [2026-05-25T23:17:46.964+0000] {dag.py:4180} INFO - Setting next_dagrun for datahub_periodic_ingestion to 2026-05-25 23:00:00+00:00, run_after=2026-05-25 23:30:00+00:00
[2026-05-25T23:17:46.997+0000] {processor.py:208} INFO - Processing /opt/airflow/dags/datagub_ingestion.py took 0.235 seconds
[2026-05-25T23:18:17.271+0000] {processor.py:186} INFO - Started process (PID=308) to work on /opt/airflow/dags/datagub_ingestion.py
[2026-05-25T23:18:17.271+0000] {processor.py:914} INFO - Processing file /opt/airflow/dags/datagub_ingestion.py for tasks to queue
[2026-05-25T23:18:17.276+0000] {logging_mixin.py:190} INFO - [2026-05-25T23:18:17.276+0000] {dagbag.py:588} INFO - Filling up the DagBag from /opt/airflow/dags/datagub_ingestion.py
[2026-05-25T23:18:17.302+0000] {processor.py:925} INFO - DAG(s) 'datahub_periodic_ingestion' retrieved from /opt/airflow/dags/datagub_ingestion.py
[2026-05-25T23:18:17.346+0000] {logging_mixin.py:190} INFO - [2026-05-25T23:18:17.346+0000] {dag.py:3239} INFO - Sync 1 DAGs
[2026-05-25T23:18:17.373+0000] {logging_mixin.py:190} INFO - [2026-05-25T23:18:17.373+0000] {dag.py:4180} INFO - Setting next_dagrun for datahub_periodic_ingestion to 2026-05-25 23:00:00+00:00, run_after=2026-05-25 23:30:00+00:00
[2026-05-25T23:18:17.495+0000] {processor.py:208} INFO - Processing /opt/airflow/dags/datagub_ingestion.py took 0.229 seconds
[2026-05-25T23:26:00.404+0000] {processor.py:186} INFO - Started process (PID=167) to work on /opt/airflow/dags/datagub_ingestion.py
[2026-05-25T23:26:00.404+0000] {processor.py:914} INFO - Processing file /opt/airflow/dags/datagub_ingestion.py for tasks to queue
[2026-05-25T23:26:00.424+0000] {logging_mixin.py:190} INFO - [2026-05-25T23:26:00.424+0000] {dagbag.py:588} INFO - Filling up the DagBag from /opt/airflow/dags/datagub_ingestion.py
[2026-05-25T23:26:00.510+0000] {processor.py:925} INFO - DAG(s) 'datahub_periodic_ingestion' retrieved from /opt/airflow/dags/datagub_ingestion.py
[2026-05-25T23:26:00.581+0000] {logging_mixin.py:190} INFO - [2026-05-25T23:26:00.581+0000] {dag.py:3239} INFO - Sync 1 DAGs
[2026-05-25T23:26:00.600+0000] {logging_mixin.py:190} INFO - [2026-05-25T23:26:00.600+0000] {dag.py:4180} INFO - Setting next_dagrun for datahub_periodic_ingestion to 2026-05-25 23:00:00+00:00, run_after=2026-05-25 23:30:00+00:00
[2026-05-25T23:26:00.687+0000] {processor.py:208} INFO - Processing /opt/airflow/dags/datagub_ingestion.py took 0.283 seconds
[2026-05-25T23:26:31.763+0000] {processor.py:186} INFO - Started process (PID=172) to work on /opt/airflow/dags/datagub_ingestion.py
[2026-05-25T23:26:31.763+0000] {processor.py:914} INFO - Processing file /opt/airflow/dags/datagub_ingestion.py for tasks to queue
[2026-05-25T23:26:31.777+0000] {logging_mixin.py:190} INFO - [2026-05-25T23:26:31.777+0000] {dagbag.py:588} INFO - Filling up the DagBag from /opt/airflow/dags/datagub_ingestion.py
[2026-05-25T23:26:31.832+0000] {processor.py:925} INFO - DAG(s) 'datahub_periodic_ingestion' retrieved from /opt/airflow/dags/datagub_ingestion.py
[2026-05-25T23:26:31.953+0000] {logging_mixin.py:190} INFO - [2026-05-25T23:26:31.953+0000] {dag.py:3239} INFO - Sync 1 DAGs
[2026-05-25T23:26:32.043+0000] {logging_mixin.py:190} INFO - [2026-05-25T23:26:32.043+0000] {dag.py:4180} INFO - Setting next_dagrun for datahub_periodic_ingestion to 2026-05-25 23:00:00+00:00, run_after=2026-05-25 23:30:00+00:00
[2026-05-25T23:26:32.098+0000] {processor.py:208} INFO - Processing /opt/airflow/dags/datagub_ingestion.py took 0.358 seconds
[2026-05-25T23:27:02.626+0000] {processor.py:186} INFO - Started process (PID=177) to work on /opt/airflow/dags/datagub_ingestion.py
[2026-05-25T23:27:02.634+0000] {processor.py:914} INFO - Processing file /opt/airflow/dags/datagub_ingestion.py for tasks to queue
[2026-05-25T23:27:02.634+0000] {logging_mixin.py:190} INFO - [2026-05-25T23:27:02.634+0000] {dagbag.py:588} INFO - Filling up the DagBag from /opt/airflow/dags/datagub_ingestion.py
[2026-05-25T23:27:02.674+0000] {processor.py:925} INFO - DAG(s) 'datahub_periodic_ingestion' retrieved from /opt/airflow/dags/datagub_ingestion.py
[2026-05-25T23:27:02.805+0000] {logging_mixin.py:190} INFO - [2026-05-25T23:27:02.805+0000] {dag.py:3239} INFO - Sync 1 DAGs
[2026-05-25T23:27:02.854+0000] {logging_mixin.py:190} INFO - [2026-05-25T23:27:02.854+0000] {dag.py:4180} INFO - Setting next_dagrun for datahub_periodic_ingestion to 2026-05-25 23:00:00+00:00, run_after=2026-05-25 23:30:00+00:00
[2026-05-25T23:27:02.892+0000] {processor.py:208} INFO - Processing /opt/airflow/dags/datagub_ingestion.py took 0.271 seconds
[2026-05-25T23:27:33.476+0000] {processor.py:186} INFO - Started process (PID=183) to work on /opt/airflow/dags/datagub_ingestion.py
[2026-05-25T23:27:33.476+0000] {processor.py:914} INFO - Processing file /opt/airflow/dags/datagub_ingestion.py for tasks to queue
[2026-05-25T23:27:33.484+0000] {logging_mixin.py:190} INFO - [2026-05-25T23:27:33.484+0000] {dagbag.py:588} INFO - Filling up the DagBag from /opt/airflow/dags/datagub_ingestion.py
[2026-05-25T23:27:33.610+0000] {processor.py:925} INFO - DAG(s) 'datahub_periodic_ingestion' retrieved from /opt/airflow/dags/datagub_ingestion.py
[2026-05-25T23:27:33.703+0000] {logging_mixin.py:190} INFO - [2026-05-25T23:27:33.703+0000] {dag.py:3239} INFO - Sync 1 DAGs
[2026-05-25T23:27:33.765+0000] {logging_mixin.py:190} INFO - [2026-05-25T23:27:33.765+0000] {dag.py:4180} INFO - Setting next_dagrun for datahub_periodic_ingestion to 2026-05-25 23:00:00+00:00, run_after=2026-05-25 23:30:00+00:00
[2026-05-25T23:27:33.795+0000] {processor.py:208} INFO - Processing /opt/airflow/dags/datagub_ingestion.py took 0.347 seconds
[2026-05-25T23:28:04.126+0000] {processor.py:186} INFO - Started process (PID=188) to work on /opt/airflow/dags/datagub_ingestion.py
[2026-05-25T23:28:04.126+0000] {processor.py:914} INFO - Processing file /opt/airflow/dags/datagub_ingestion.py for tasks to queue
[2026-05-25T23:28:04.131+0000] {logging_mixin.py:190} INFO - [2026-05-25T23:28:04.131+0000] {dagbag.py:588} INFO - Filling up the DagBag from /opt/airflow/dags/datagub_ingestion.py
[2026-05-25T23:28:04.156+0000] {processor.py:925} INFO - DAG(s) 'datahub_periodic_ingestion' retrieved from /opt/airflow/dags/datagub_ingestion.py
[2026-05-25T23:28:04.201+0000] {logging_mixin.py:190} INFO - [2026-05-25T23:28:04.201+0000] {dag.py:3239} INFO - Sync 1 DAGs
[2026-05-25T23:28:04.228+0000] {logging_mixin.py:190} INFO - [2026-05-25T23:28:04.228+0000] {dag.py:4180} INFO - Setting next_dagrun for datahub_periodic_ingestion to 2026-05-25 23:00:00+00:00, run_after=2026-05-25 23:30:00+00:00
[2026-05-25T23:28:04.272+0000] {processor.py:208} INFO - Processing /opt/airflow/dags/datagub_ingestion.py took 0.152 seconds
[2026-05-25T23:28:34.964+0000] {processor.py:186} INFO - Started process (PID=193) to work on /opt/airflow/dags/datagub_ingestion.py
[2026-05-25T23:28:34.971+0000] {processor.py:914} INFO - Processing file /opt/airflow/dags/datagub_ingestion.py for tasks to queue
[2026-05-25T23:28:35.030+0000] {logging_mixin.py:190} INFO - [2026-05-25T23:28:35.030+0000] {dagbag.py:588} INFO - Filling up the DagBag from /opt/airflow/dags/datagub_ingestion.py
[2026-05-25T23:28:35.091+0000] {processor.py:925} INFO - DAG(s) 'datahub_periodic_ingestion' retrieved from /opt/airflow/dags/datagub_ingestion.py
[2026-05-25T23:28:35.390+0000] {logging_mixin.py:190} INFO - [2026-05-25T23:28:35.390+0000] {dag.py:3239} INFO - Sync 1 DAGs
[2026-05-25T23:28:35.470+0000] {logging_mixin.py:190} INFO - [2026-05-25T23:28:35.470+0000] {dag.py:4180} INFO - Setting next_dagrun for datahub_periodic_ingestion to 2026-05-25 23:00:00+00:00, run_after=2026-05-25 23:30:00+00:00
[2026-05-25T23:28:35.524+0000] {processor.py:208} INFO - Processing /opt/airflow/dags/datagub_ingestion.py took 0.577 seconds
[2026-05-25T23:29:06.320+0000] {processor.py:186} INFO - Started process (PID=198) to work on /opt/airflow/dags/datagub_ingestion.py
[2026-05-25T23:29:06.325+0000] {processor.py:914} INFO - Processing file /opt/airflow/dags/datagub_ingestion.py for tasks to queue
[2026-05-25T23:29:06.337+0000] {logging_mixin.py:190} INFO - [2026-05-25T23:29:06.330+0000] {dagbag.py:588} INFO - Filling up the DagBag from /opt/airflow/dags/datagub_ingestion.py
[2026-05-25T23:29:06.421+0000] {processor.py:925} INFO - DAG(s) 'datahub_periodic_ingestion' retrieved from /opt/airflow/dags/datagub_ingestion.py
[2026-05-25T23:29:06.526+0000] {logging_mixin.py:190} INFO - [2026-05-25T23:29:06.526+0000] {dag.py:3239} INFO - Sync 1 DAGs
[2026-05-25T23:29:06.608+0000] {logging_mixin.py:190} INFO - [2026-05-25T23:29:06.608+0000] {dag.py:4180} INFO - Setting next_dagrun for datahub_periodic_ingestion to 2026-05-25 23:00:00+00:00, run_after=2026-05-25 23:30:00+00:00
[2026-05-25T23:29:06.650+0000] {processor.py:208} INFO - Processing /opt/airflow/dags/datagub_ingestion.py took 0.390 seconds
[2026-05-25T23:29:37.860+0000] {processor.py:186} INFO - Started process (PID=203) to work on /opt/airflow/dags/datagub_ingestion.py
[2026-05-25T23:29:37.865+0000] {processor.py:914} INFO - Processing file /opt/airflow/dags/datagub_ingestion.py for tasks to queue
[2026-05-25T23:29:37.880+0000] {logging_mixin.py:190} INFO - [2026-05-25T23:29:37.880+0000] {dagbag.py:588} INFO - Filling up the DagBag from /opt/airflow/dags/datagub_ingestion.py
[2026-05-25T23:29:37.929+0000] {processor.py:925} INFO - DAG(s) 'datahub_periodic_ingestion' retrieved from /opt/airflow/dags/datagub_ingestion.py
[2026-05-25T23:29:38.052+0000] {logging_mixin.py:190} INFO - [2026-05-25T23:29:38.052+0000] {dag.py:3239} INFO - Sync 1 DAGs
[2026-05-25T23:29:38.112+0000] {logging_mixin.py:190} INFO - [2026-05-25T23:29:38.112+0000] {dag.py:4180} INFO - Setting next_dagrun for datahub_periodic_ingestion to 2026-05-25 23:00:00+00:00, run_after=2026-05-25 23:30:00+00:00
[2026-05-25T23:29:38.155+0000] {processor.py:208} INFO - Processing /opt/airflow/dags/datagub_ingestion.py took 0.311 seconds
[2026-05-25T23:30:08.944+0000] {processor.py:186} INFO - Started process (PID=208) to work on /opt/airflow/dags/datagub_ingestion.py
[2026-05-25T23:30:08.955+0000] {processor.py:914} INFO - Processing file /opt/airflow/dags/datagub_ingestion.py for tasks to queue
[2026-05-25T23:30:09.002+0000] {logging_mixin.py:190} INFO - [2026-05-25T23:30:09.002+0000] {dagbag.py:588} INFO - Filling up the DagBag from /opt/airflow/dags/datagub_ingestion.py
[2026-05-25T23:30:09.031+0000] {processor.py:925} INFO - DAG(s) 'datahub_periodic_ingestion' retrieved from /opt/airflow/dags/datagub_ingestion.py
[2026-05-25T23:30:09.341+0000] {logging_mixin.py:190} INFO - [2026-05-25T23:30:09.341+0000] {dag.py:3239} INFO - Sync 1 DAGs
[2026-05-25T23:30:09.366+0000] {logging_mixin.py:190} INFO - [2026-05-25T23:30:09.366+0000] {dag.py:4180} INFO - Setting next_dagrun for datahub_periodic_ingestion to 2026-05-25 23:00:00+00:00, run_after=2026-05-25 23:30:00+00:00
[2026-05-25T23:30:09.429+0000] {processor.py:208} INFO - Processing /opt/airflow/dags/datagub_ingestion.py took 0.533 seconds
[2026-05-25T23:30:40.223+0000] {processor.py:186} INFO - Started process (PID=213) to work on /opt/airflow/dags/datagub_ingestion.py
[2026-05-25T23:30:40.223+0000] {processor.py:914} INFO - Processing file /opt/airflow/dags/datagub_ingestion.py for tasks to queue
[2026-05-25T23:30:40.227+0000] {logging_mixin.py:190} INFO - [2026-05-25T23:30:40.223+0000] {dagbag.py:588} INFO - Filling up the DagBag from /opt/airflow/dags/datagub_ingestion.py
[2026-05-25T23:30:40.267+0000] {processor.py:925} INFO - DAG(s) 'datahub_periodic_ingestion' retrieved from /opt/airflow/dags/datagub_ingestion.py
[2026-05-25T23:30:40.305+0000] {logging_mixin.py:190} INFO - [2026-05-25T23:30:40.301+0000] {dag.py:3239} INFO - Sync 1 DAGs
[2026-05-25T23:30:40.335+0000] {logging_mixin.py:190} INFO - [2026-05-25T23:30:40.335+0000] {dag.py:4180} INFO - Setting next_dagrun for datahub_periodic_ingestion to 2026-05-25 23:00:00+00:00, run_after=2026-05-25 23:30:00+00:00
[2026-05-25T23:30:40.356+0000] {processor.py:208} INFO - Processing /opt/airflow/dags/datagub_ingestion.py took 0.179 seconds
[2026-05-25T23:31:33.781+0000] {processor.py:186} INFO - Started process (PID=168) to work on /opt/airflow/dags/datagub_ingestion.py
[2026-05-25T23:31:33.786+0000] {processor.py:914} INFO - Processing file /opt/airflow/dags/datagub_ingestion.py for tasks to queue
[2026-05-25T23:31:33.786+0000] {logging_mixin.py:190} INFO - [2026-05-25T23:31:33.786+0000] {dagbag.py:588} INFO - Filling up the DagBag from /opt/airflow/dags/datagub_ingestion.py
[2026-05-25T23:31:34.084+0000] {processor.py:925} INFO - DAG(s) 'datahub_periodic_ingestion' retrieved from /opt/airflow/dags/datagub_ingestion.py
[2026-05-25T23:31:34.164+0000] {logging_mixin.py:190} INFO - [2026-05-25T23:31:34.164+0000] {dag.py:3239} INFO - Sync 1 DAGs
[2026-05-25T23:31:34.183+0000] {logging_mixin.py:190} INFO - [2026-05-25T23:31:34.183+0000] {dag.py:4180} INFO - Setting next_dagrun for datahub_periodic_ingestion to 2026-05-25 23:00:00+00:00, run_after=2026-05-25 23:30:00+00:00
[2026-05-25T23:31:34.203+0000] {processor.py:208} INFO - Processing /opt/airflow/dags/datagub_ingestion.py took 0.449 seconds
[2026-05-25T23:32:05.099+0000] {processor.py:186} INFO - Started process (PID=173) to work on /opt/airflow/dags/datagub_ingestion.py
[2026-05-25T23:32:05.099+0000] {processor.py:914} INFO - Processing file /opt/airflow/dags/datagub_ingestion.py for tasks to queue
[2026-05-25T23:32:05.104+0000] {logging_mixin.py:190} INFO - [2026-05-25T23:32:05.099+0000] {dagbag.py:588} INFO - Filling up the DagBag from /opt/airflow/dags/datagub_ingestion.py
[2026-05-25T23:32:05.119+0000] {processor.py:925} INFO - DAG(s) 'datahub_periodic_ingestion' retrieved from /opt/airflow/dags/datagub_ingestion.py
[2026-05-25T23:32:05.157+0000] {logging_mixin.py:190} INFO - [2026-05-25T23:32:05.157+0000] {dag.py:3239} INFO - Sync 1 DAGs
[2026-05-25T23:32:05.215+0000] {logging_mixin.py:190} INFO - [2026-05-25T23:32:05.215+0000] {dag.py:4180} INFO - Setting next_dagrun for datahub_periodic_ingestion to 2026-05-25 23:00:00+00:00, run_after=2026-05-25 23:30:00+00:00
[2026-05-25T23:32:05.246+0000] {processor.py:208} INFO - Processing /opt/airflow/dags/datagub_ingestion.py took 0.151 seconds
[2026-05-25T23:32:35.891+0000] {processor.py:186} INFO - Started process (PID=180) to work on /opt/airflow/dags/datagub_ingestion.py
[2026-05-25T23:32:35.891+0000] {processor.py:914} INFO - Processing file /opt/airflow/dags/datagub_ingestion.py for tasks to queue
[2026-05-25T23:32:35.891+0000] {logging_mixin.py:190} INFO - [2026-05-25T23:32:35.891+0000] {dagbag.py:588} INFO - Filling up the DagBag from /opt/airflow/dags/datagub_ingestion.py
[2026-05-25T23:32:36.043+0000] {processor.py:925} INFO - DAG(s) 'datahub_periodic_ingestion' retrieved from /opt/airflow/dags/datagub_ingestion.py
[2026-05-25T23:32:36.073+0000] {logging_mixin.py:190} INFO - [2026-05-25T23:32:36.073+0000] {dag.py:3239} INFO - Sync 1 DAGs
[2026-05-25T23:32:36.087+0000] {logging_mixin.py:190} INFO - [2026-05-25T23:32:36.087+0000] {dag.py:4180} INFO - Setting next_dagrun for datahub_periodic_ingestion to 2026-05-25 23:30:00+00:00, run_after=2026-05-26 00:00:00+00:00
[2026-05-25T23:32:36.104+0000] {processor.py:208} INFO - Processing /opt/airflow/dags/datagub_ingestion.py took 0.240 seconds
[2026-05-25T23:33:06.912+0000] {processor.py:186} INFO - Started process (PID=185) to work on /opt/airflow/dags/datagub_ingestion.py
[2026-05-25T23:33:06.917+0000] {processor.py:914} INFO - Processing file /opt/airflow/dags/datagub_ingestion.py for tasks to queue
[2026-05-25T23:33:06.922+0000] {logging_mixin.py:190} INFO - [2026-05-25T23:33:06.922+0000] {dagbag.py:588} INFO - Filling up the DagBag from /opt/airflow/dags/datagub_ingestion.py
[2026-05-25T23:33:07.097+0000] {processor.py:925} INFO - DAG(s) 'datahub_periodic_ingestion' retrieved from /opt/airflow/dags/datagub_ingestion.py
[2026-05-25T23:33:07.123+0000] {logging_mixin.py:190} INFO - [2026-05-25T23:33:07.123+0000] {dag.py:3239} INFO - Sync 1 DAGs
[2026-05-25T23:33:07.153+0000] {logging_mixin.py:190} INFO - [2026-05-25T23:33:07.153+0000] {dag.py:4180} INFO - Setting next_dagrun for datahub_periodic_ingestion to 2026-05-25 23:30:00+00:00, run_after=2026-05-26 00:00:00+00:00
[2026-05-25T23:33:07.192+0000] {processor.py:208} INFO - Processing /opt/airflow/dags/datagub_ingestion.py took 0.308 seconds
[2026-05-25T23:33:38.330+0000] {processor.py:186} INFO - Started process (PID=191) to work on /opt/airflow/dags/datagub_ingestion.py
[2026-05-25T23:33:38.344+0000] {processor.py:914} INFO - Processing file /opt/airflow/dags/datagub_ingestion.py for tasks to queue
[2026-05-25T23:33:38.384+0000] {logging_mixin.py:190} INFO - [2026-05-25T23:33:38.374+0000] {dagbag.py:588} INFO - Filling up the DagBag from /opt/airflow/dags/datagub_ingestion.py
[2026-05-25T23:33:38.645+0000] {processor.py:925} INFO - DAG(s) 'datahub_periodic_ingestion' retrieved from /opt/airflow/dags/datagub_ingestion.py
[2026-05-25T23:33:39.038+0000] {logging_mixin.py:190} INFO - [2026-05-25T23:33:39.038+0000] {dag.py:3239} INFO - Sync 1 DAGs
[2026-05-25T23:33:39.302+0000] {logging_mixin.py:190} INFO - [2026-05-25T23:33:39.302+0000] {dag.py:4180} INFO - Setting next_dagrun for datahub_periodic_ingestion to 2026-05-25 23:30:00+00:00, run_after=2026-05-26 00:00:00+00:00
[2026-05-25T23:33:39.726+0000] {processor.py:208} INFO - Processing /opt/airflow/dags/datagub_ingestion.py took 1.444 seconds
[2026-05-25T23:34:10.578+0000] {processor.py:186} INFO - Started process (PID=196) to work on /opt/airflow/dags/datagub_ingestion.py
[2026-05-25T23:34:10.578+0000] {processor.py:914} INFO - Processing file /opt/airflow/dags/datagub_ingestion.py for tasks to queue
[2026-05-25T23:34:10.584+0000] {logging_mixin.py:190} INFO - [2026-05-25T23:34:10.584+0000] {dagbag.py:588} INFO - Filling up the DagBag from /opt/airflow/dags/datagub_ingestion.py
[2026-05-25T23:34:10.636+0000] {processor.py:925} INFO - DAG(s) 'datahub_periodic_ingestion' retrieved from /opt/airflow/dags/datagub_ingestion.py
[2026-05-25T23:34:10.711+0000] {logging_mixin.py:190} INFO - [2026-05-25T23:34:10.711+0000] {dag.py:3239} INFO - Sync 1 DAGs
[2026-05-25T23:34:10.739+0000] {logging_mixin.py:190} INFO - [2026-05-25T23:34:10.739+0000] {dag.py:4180} INFO - Setting next_dagrun for datahub_periodic_ingestion to 2026-05-25 23:30:00+00:00, run_after=2026-05-26 00:00:00+00:00
[2026-05-25T23:34:10.768+0000] {processor.py:208} INFO - Processing /opt/airflow/dags/datagub_ingestion.py took 0.201 seconds
[2026-05-25T23:34:41.302+0000] {processor.py:186} INFO - Started process (PID=201) to work on /opt/airflow/dags/datagub_ingestion.py
[2026-05-25T23:34:41.308+0000] {processor.py:914} INFO - Processing file /opt/airflow/dags/datagub_ingestion.py for tasks to queue
[2026-05-25T23:34:41.341+0000] {logging_mixin.py:190} INFO - [2026-05-25T23:34:41.341+0000] {dagbag.py:588} INFO - Filling up the DagBag from /opt/airflow/dags/datagub_ingestion.py
[2026-05-25T23:34:41.425+0000] {processor.py:925} INFO - DAG(s) 'datahub_periodic_ingestion' retrieved from /opt/airflow/dags/datagub_ingestion.py
[2026-05-25T23:34:41.585+0000] {logging_mixin.py:190} INFO - [2026-05-25T23:34:41.585+0000] {dag.py:3239} INFO - Sync 1 DAGs
[2026-05-25T23:34:41.705+0000] {logging_mixin.py:190} INFO - [2026-05-25T23:34:41.705+0000] {dag.py:4180} INFO - Setting next_dagrun for datahub_periodic_ingestion to 2026-05-25 23:30:00+00:00, run_after=2026-05-26 00:00:00+00:00
[2026-05-25T23:34:41.816+0000] {processor.py:208} INFO - Processing /opt/airflow/dags/datagub_ingestion.py took 0.605 seconds
[2026-05-25T23:35:12.974+0000] {processor.py:186} INFO - Started process (PID=206) to work on /opt/airflow/dags/datagub_ingestion.py
[2026-05-25T23:35:12.980+0000] {processor.py:914} INFO - Processing file /opt/airflow/dags/datagub_ingestion.py for tasks to queue
[2026-05-25T23:35:12.985+0000] {logging_mixin.py:190} INFO - [2026-05-25T23:35:12.985+0000] {dagbag.py:588} INFO - Filling up the DagBag from /opt/airflow/dags/datagub_ingestion.py
[2026-05-25T23:35:13.006+0000] {processor.py:925} INFO - DAG(s) 'datahub_periodic_ingestion' retrieved from /opt/airflow/dags/datagub_ingestion.py
[2026-05-25T23:35:13.059+0000] {logging_mixin.py:190} INFO - [2026-05-25T23:35:13.059+0000] {dag.py:3239} INFO - Sync 1 DAGs
[2026-05-25T23:35:13.081+0000] {logging_mixin.py:190} INFO - [2026-05-25T23:35:13.081+0000] {dag.py:4180} INFO - Setting next_dagrun for datahub_periodic_ingestion to 2026-05-25 23:30:00+00:00, run_after=2026-05-26 00:00:00+00:00
[2026-05-25T23:35:13.097+0000] {processor.py:208} INFO - Processing /opt/airflow/dags/datagub_ingestion.py took 0.130 seconds
[2026-05-25T23:35:43.857+0000] {processor.py:186} INFO - Started process (PID=211) to work on /opt/airflow/dags/datagub_ingestion.py
[2026-05-25T23:35:43.857+0000] {processor.py:914} INFO - Processing file /opt/airflow/dags/datagub_ingestion.py for tasks to queue
[2026-05-25T23:35:43.864+0000] {logging_mixin.py:190} INFO - [2026-05-25T23:35:43.864+0000] {dagbag.py:588} INFO - Filling up the DagBag from /opt/airflow/dags/datagub_ingestion.py
[2026-05-25T23:35:43.907+0000] {processor.py:925} INFO - DAG(s) 'datahub_periodic_ingestion' retrieved from /opt/airflow/dags/datagub_ingestion.py
[2026-05-25T23:35:43.966+0000] {logging_mixin.py:190} INFO - [2026-05-25T23:35:43.966+0000] {dag.py:3239} INFO - Sync 1 DAGs
[2026-05-25T23:35:44.029+0000] {logging_mixin.py:190} INFO - [2026-05-25T23:35:44.029+0000] {dag.py:4180} INFO - Setting next_dagrun for datahub_periodic_ingestion to 2026-05-25 23:30:00+00:00, run_after=2026-05-26 00:00:00+00:00
[2026-05-25T23:35:44.091+0000] {processor.py:208} INFO - Processing /opt/airflow/dags/datagub_ingestion.py took 0.239 seconds
[2026-05-25T23:36:14.775+0000] {processor.py:186} INFO - Started process (PID=216) to work on /opt/airflow/dags/datagub_ingestion.py
[2026-05-25T23:36:14.775+0000] {processor.py:914} INFO - Processing file /opt/airflow/dags/datagub_ingestion.py for tasks to queue
[2026-05-25T23:36:14.775+0000] {logging_mixin.py:190} INFO - [2026-05-25T23:36:14.775+0000] {dagbag.py:588} INFO - Filling up the DagBag from /opt/airflow/dags/datagub_ingestion.py
[2026-05-25T23:36:15.022+0000] {processor.py:925} INFO - DAG(s) 'datahub_periodic_ingestion' retrieved from /opt/airflow/dags/datagub_ingestion.py
[2026-05-25T23:36:15.219+0000] {logging_mixin.py:190} INFO - [2026-05-25T23:36:15.219+0000] {dag.py:3239} INFO - Sync 1 DAGs
[2026-05-25T23:36:15.281+0000] {logging_mixin.py:190} INFO - [2026-05-25T23:36:15.281+0000] {dag.py:4180} INFO - Setting next_dagrun for datahub_periodic_ingestion to 2026-05-25 23:30:00+00:00, run_after=2026-05-26 00:00:00+00:00
[2026-05-25T23:36:15.416+0000] {processor.py:208} INFO - Processing /opt/airflow/dags/datagub_ingestion.py took 0.654 seconds
[2026-05-25T23:37:32.124+0000] {processor.py:186} INFO - Started process (PID=167) to work on /opt/airflow/dags/datagub_ingestion.py
[2026-05-25T23:37:32.124+0000] {processor.py:914} INFO - Processing file /opt/airflow/dags/datagub_ingestion.py for tasks to queue
[2026-05-25T23:37:32.134+0000] {logging_mixin.py:190} INFO - [2026-05-25T23:37:32.134+0000] {dagbag.py:588} INFO - Filling up the DagBag from /opt/airflow/dags/datagub_ingestion.py
[2026-05-25T23:37:32.225+0000] {processor.py:925} INFO - DAG(s) 'datahub_periodic_ingestion' retrieved from /opt/airflow/dags/datagub_ingestion.py
[2026-05-25T23:37:32.304+0000] {logging_mixin.py:190} INFO - [2026-05-25T23:37:32.304+0000] {dag.py:3239} INFO - Sync 1 DAGs
[2026-05-25T23:37:32.344+0000] {logging_mixin.py:190} INFO - [2026-05-25T23:37:32.344+0000] {dag.py:4180} INFO - Setting next_dagrun for datahub_periodic_ingestion to 2026-05-25 23:30:00+00:00, run_after=2026-05-26 00:00:00+00:00
[2026-05-25T23:37:32.467+0000] {processor.py:208} INFO - Processing /opt/airflow/dags/datagub_ingestion.py took 0.370 seconds
[2026-05-25T23:38:02.849+0000] {processor.py:186} INFO - Started process (PID=172) to work on /opt/airflow/dags/datagub_ingestion.py
[2026-05-25T23:38:02.849+0000] {processor.py:914} INFO - Processing file /opt/airflow/dags/datagub_ingestion.py for tasks to queue
[2026-05-25T23:38:02.860+0000] {logging_mixin.py:190} INFO - [2026-05-25T23:38:02.860+0000] {dagbag.py:588} INFO - Filling up the DagBag from /opt/airflow/dags/datagub_ingestion.py
[2026-05-25T23:38:02.886+0000] {processor.py:925} INFO - DAG(s) 'datahub_periodic_ingestion' retrieved from /opt/airflow/dags/datagub_ingestion.py
[2026-05-25T23:38:02.979+0000] {logging_mixin.py:190} INFO - [2026-05-25T23:38:02.979+0000] {dag.py:3239} INFO - Sync 1 DAGs
[2026-05-25T23:38:03.092+0000] {logging_mixin.py:190} INFO - [2026-05-25T23:38:03.092+0000] {dag.py:4180} INFO - Setting next_dagrun for datahub_periodic_ingestion to 2026-05-25 23:30:00+00:00, run_after=2026-05-26 00:00:00+00:00
[2026-05-25T23:38:03.166+0000] {processor.py:208} INFO - Processing /opt/airflow/dags/datagub_ingestion.py took 0.332 seconds
[2026-05-25T23:38:33.498+0000] {processor.py:186} INFO - Started process (PID=177) to work on /opt/airflow/dags/datagub_ingestion.py
[2026-05-25T23:38:33.498+0000] {processor.py:914} INFO - Processing file /opt/airflow/dags/datagub_ingestion.py for tasks to queue
[2026-05-25T23:38:33.501+0000] {logging_mixin.py:190} INFO - [2026-05-25T23:38:33.501+0000] {dagbag.py:588} INFO - Filling up the DagBag from /opt/airflow/dags/datagub_ingestion.py
[2026-05-25T23:38:33.513+0000] {processor.py:925} INFO - DAG(s) 'datahub_periodic_ingestion' retrieved from /opt/airflow/dags/datagub_ingestion.py
[2026-05-25T23:38:33.527+0000] {logging_mixin.py:190} INFO - [2026-05-25T23:38:33.527+0000] {dag.py:3239} INFO - Sync 1 DAGs
[2026-05-25T23:38:33.558+0000] {logging_mixin.py:190} INFO - [2026-05-25T23:38:33.558+0000] {dag.py:4180} INFO - Setting next_dagrun for datahub_periodic_ingestion to 2026-05-25 23:30:00+00:00, run_after=2026-05-26 00:00:00+00:00
[2026-05-25T23:38:33.574+0000] {processor.py:208} INFO - Processing /opt/airflow/dags/datagub_ingestion.py took 0.080 seconds
[2026-05-25T23:39:04.303+0000] {processor.py:186} INFO - Started process (PID=182) to work on /opt/airflow/dags/datagub_ingestion.py
[2026-05-25T23:39:04.303+0000] {processor.py:914} INFO - Processing file /opt/airflow/dags/datagub_ingestion.py for tasks to queue
[2026-05-25T23:39:04.342+0000] {logging_mixin.py:190} INFO - [2026-05-25T23:39:04.342+0000] {dagbag.py:588} INFO - Filling up the DagBag from /opt/airflow/dags/datagub_ingestion.py
[2026-05-25T23:39:04.384+0000] {processor.py:925} INFO - DAG(s) 'datahub_periodic_ingestion' retrieved from /opt/airflow/dags/datagub_ingestion.py
[2026-05-25T23:39:04.459+0000] {logging_mixin.py:190} INFO - [2026-05-25T23:39:04.459+0000] {dag.py:3239} INFO - Sync 1 DAGs
[2026-05-25T23:39:04.503+0000] {logging_mixin.py:190} INFO - [2026-05-25T23:39:04.503+0000] {dag.py:4180} INFO - Setting next_dagrun for datahub_periodic_ingestion to 2026-05-25 23:30:00+00:00, run_after=2026-05-26 00:00:00+00:00
[2026-05-25T23:39:04.547+0000] {processor.py:208} INFO - Processing /opt/airflow/dags/datagub_ingestion.py took 0.240 seconds
