[2026-05-26T07:36:52.577+0000] {processor.py:186} INFO - Started process (PID=169) to work on /opt/airflow/dags/datagub_ingestion.py
[2026-05-26T07:36:52.580+0000] {processor.py:914} INFO - Processing file /opt/airflow/dags/datagub_ingestion.py for tasks to queue
[2026-05-26T07:36:52.610+0000] {logging_mixin.py:190} INFO - [2026-05-26T07:36:52.609+0000] {dagbag.py:588} INFO - Filling up the DagBag from /opt/airflow/dags/datagub_ingestion.py
[2026-05-26T07:36:52.681+0000] {processor.py:925} INFO - DAG(s) 'datahub_periodic_ingestion' retrieved from /opt/airflow/dags/datagub_ingestion.py
[2026-05-26T07:36:53.004+0000] {logging_mixin.py:190} INFO - [2026-05-26T07:36:53.002+0000] {dag.py:3239} INFO - Sync 1 DAGs
[2026-05-26T07:36:53.262+0000] {logging_mixin.py:190} INFO - [2026-05-26T07:36:53.262+0000] {dag.py:4180} INFO - Setting next_dagrun for datahub_periodic_ingestion to 2026-05-26 07:30:00+00:00, run_after=2026-05-26 08:00:00+00:00
[2026-05-26T07:36:53.329+0000] {processor.py:208} INFO - Processing /opt/airflow/dags/datagub_ingestion.py took 0.757 seconds
[2026-05-26T07:37:23.586+0000] {processor.py:186} INFO - Started process (PID=174) to work on /opt/airflow/dags/datagub_ingestion.py
[2026-05-26T07:37:23.586+0000] {processor.py:914} INFO - Processing file /opt/airflow/dags/datagub_ingestion.py for tasks to queue
[2026-05-26T07:37:23.602+0000] {logging_mixin.py:190} INFO - [2026-05-26T07:37:23.601+0000] {dagbag.py:588} INFO - Filling up the DagBag from /opt/airflow/dags/datagub_ingestion.py
[2026-05-26T07:37:23.644+0000] {processor.py:925} INFO - DAG(s) 'datahub_periodic_ingestion' retrieved from /opt/airflow/dags/datagub_ingestion.py
[2026-05-26T07:37:23.732+0000] {logging_mixin.py:190} INFO - [2026-05-26T07:37:23.732+0000] {dag.py:3239} INFO - Sync 1 DAGs
[2026-05-26T07:37:23.779+0000] {logging_mixin.py:190} INFO - [2026-05-26T07:37:23.779+0000] {dag.py:4180} INFO - Setting next_dagrun for datahub_periodic_ingestion to 2026-05-26 07:30:00+00:00, run_after=2026-05-26 08:00:00+00:00
[2026-05-26T07:37:23.829+0000] {processor.py:208} INFO - Processing /opt/airflow/dags/datagub_ingestion.py took 0.259 seconds
[2026-05-26T07:37:54.435+0000] {processor.py:186} INFO - Started process (PID=179) to work on /opt/airflow/dags/datagub_ingestion.py
[2026-05-26T07:37:54.436+0000] {processor.py:914} INFO - Processing file /opt/airflow/dags/datagub_ingestion.py for tasks to queue
[2026-05-26T07:37:54.447+0000] {logging_mixin.py:190} INFO - [2026-05-26T07:37:54.440+0000] {dagbag.py:588} INFO - Filling up the DagBag from /opt/airflow/dags/datagub_ingestion.py
[2026-05-26T07:37:54.531+0000] {processor.py:925} INFO - DAG(s) 'datahub_periodic_ingestion' retrieved from /opt/airflow/dags/datagub_ingestion.py
[2026-05-26T07:37:54.598+0000] {logging_mixin.py:190} INFO - [2026-05-26T07:37:54.598+0000] {dag.py:3239} INFO - Sync 1 DAGs
[2026-05-26T07:37:54.635+0000] {logging_mixin.py:190} INFO - [2026-05-26T07:37:54.635+0000] {dag.py:4180} INFO - Setting next_dagrun for datahub_periodic_ingestion to 2026-05-26 07:30:00+00:00, run_after=2026-05-26 08:00:00+00:00
[2026-05-26T07:37:55.161+0000] {processor.py:208} INFO - Processing /opt/airflow/dags/datagub_ingestion.py took 0.748 seconds
[2026-05-26T07:38:26.406+0000] {processor.py:186} INFO - Started process (PID=184) to work on /opt/airflow/dags/datagub_ingestion.py
[2026-05-26T07:38:26.406+0000] {processor.py:914} INFO - Processing file /opt/airflow/dags/datagub_ingestion.py for tasks to queue
[2026-05-26T07:38:26.406+0000] {logging_mixin.py:190} INFO - [2026-05-26T07:38:26.406+0000] {dagbag.py:588} INFO - Filling up the DagBag from /opt/airflow/dags/datagub_ingestion.py
[2026-05-26T07:38:26.559+0000] {processor.py:925} INFO - DAG(s) 'datahub_periodic_ingestion' retrieved from /opt/airflow/dags/datagub_ingestion.py
[2026-05-26T07:38:26.590+0000] {logging_mixin.py:190} INFO - [2026-05-26T07:38:26.589+0000] {dag.py:3239} INFO - Sync 1 DAGs
[2026-05-26T07:38:26.647+0000] {logging_mixin.py:190} INFO - [2026-05-26T07:38:26.646+0000] {dag.py:4180} INFO - Setting next_dagrun for datahub_periodic_ingestion to 2026-05-26 07:30:00+00:00, run_after=2026-05-26 08:00:00+00:00
[2026-05-26T07:38:26.732+0000] {processor.py:208} INFO - Processing /opt/airflow/dags/datagub_ingestion.py took 0.423 seconds
[2026-05-26T07:38:57.147+0000] {processor.py:186} INFO - Started process (PID=189) to work on /opt/airflow/dags/datagub_ingestion.py
[2026-05-26T07:38:57.150+0000] {processor.py:914} INFO - Processing file /opt/airflow/dags/datagub_ingestion.py for tasks to queue
[2026-05-26T07:38:57.154+0000] {logging_mixin.py:190} INFO - [2026-05-26T07:38:57.153+0000] {dagbag.py:588} INFO - Filling up the DagBag from /opt/airflow/dags/datagub_ingestion.py
[2026-05-26T07:38:57.158+0000] {processor.py:925} INFO - DAG(s) 'datahub_periodic_ingestion' retrieved from /opt/airflow/dags/datagub_ingestion.py
[2026-05-26T07:38:57.221+0000] {logging_mixin.py:190} INFO - [2026-05-26T07:38:57.220+0000] {dag.py:3239} INFO - Sync 1 DAGs
[2026-05-26T07:38:57.277+0000] {logging_mixin.py:190} INFO - [2026-05-26T07:38:57.276+0000] {dag.py:4180} INFO - Setting next_dagrun for datahub_periodic_ingestion to 2026-05-26 07:30:00+00:00, run_after=2026-05-26 08:00:00+00:00
[2026-05-26T07:38:57.334+0000] {processor.py:208} INFO - Processing /opt/airflow/dags/datagub_ingestion.py took 0.215 seconds
[2026-05-26T07:39:28.164+0000] {processor.py:186} INFO - Started process (PID=195) to work on /opt/airflow/dags/datagub_ingestion.py
[2026-05-26T07:39:28.164+0000] {processor.py:914} INFO - Processing file /opt/airflow/dags/datagub_ingestion.py for tasks to queue
[2026-05-26T07:39:28.164+0000] {logging_mixin.py:190} INFO - [2026-05-26T07:39:28.164+0000] {dagbag.py:588} INFO - Filling up the DagBag from /opt/airflow/dags/datagub_ingestion.py
[2026-05-26T07:39:28.299+0000] {processor.py:925} INFO - DAG(s) 'datahub_periodic_ingestion' retrieved from /opt/airflow/dags/datagub_ingestion.py
[2026-05-26T07:39:28.370+0000] {logging_mixin.py:190} INFO - [2026-05-26T07:39:28.370+0000] {dag.py:3239} INFO - Sync 1 DAGs
[2026-05-26T07:39:28.437+0000] {logging_mixin.py:190} INFO - [2026-05-26T07:39:28.437+0000] {dag.py:4180} INFO - Setting next_dagrun for datahub_periodic_ingestion to 2026-05-26 07:30:00+00:00, run_after=2026-05-26 08:00:00+00:00
[2026-05-26T07:39:28.480+0000] {processor.py:208} INFO - Processing /opt/airflow/dags/datagub_ingestion.py took 0.322 seconds
[2026-05-26T07:39:59.060+0000] {processor.py:186} INFO - Started process (PID=200) to work on /opt/airflow/dags/datagub_ingestion.py
[2026-05-26T07:39:59.076+0000] {processor.py:914} INFO - Processing file /opt/airflow/dags/datagub_ingestion.py for tasks to queue
[2026-05-26T07:39:59.087+0000] {logging_mixin.py:190} INFO - [2026-05-26T07:39:59.087+0000] {dagbag.py:588} INFO - Filling up the DagBag from /opt/airflow/dags/datagub_ingestion.py
[2026-05-26T07:39:59.120+0000] {processor.py:925} INFO - DAG(s) 'datahub_periodic_ingestion' retrieved from /opt/airflow/dags/datagub_ingestion.py
[2026-05-26T07:39:59.238+0000] {logging_mixin.py:190} INFO - [2026-05-26T07:39:59.237+0000] {dag.py:3239} INFO - Sync 1 DAGs
[2026-05-26T07:39:59.448+0000] {logging_mixin.py:190} INFO - [2026-05-26T07:39:59.447+0000] {dag.py:4180} INFO - Setting next_dagrun for datahub_periodic_ingestion to 2026-05-26 07:30:00+00:00, run_after=2026-05-26 08:00:00+00:00
[2026-05-26T07:39:59.699+0000] {processor.py:208} INFO - Processing /opt/airflow/dags/datagub_ingestion.py took 0.652 seconds
[2026-05-26T07:40:31.040+0000] {processor.py:186} INFO - Started process (PID=205) to work on /opt/airflow/dags/datagub_ingestion.py
[2026-05-26T07:40:31.053+0000] {processor.py:914} INFO - Processing file /opt/airflow/dags/datagub_ingestion.py for tasks to queue
[2026-05-26T07:40:31.166+0000] {logging_mixin.py:190} INFO - [2026-05-26T07:40:31.166+0000] {dagbag.py:588} INFO - Filling up the DagBag from /opt/airflow/dags/datagub_ingestion.py
[2026-05-26T07:40:31.364+0000] {processor.py:925} INFO - DAG(s) 'datahub_periodic_ingestion' retrieved from /opt/airflow/dags/datagub_ingestion.py
[2026-05-26T07:40:32.126+0000] {logging_mixin.py:190} INFO - [2026-05-26T07:40:32.123+0000] {dag.py:3239} INFO - Sync 1 DAGs
[2026-05-26T07:40:32.243+0000] {logging_mixin.py:190} INFO - [2026-05-26T07:40:32.243+0000] {dag.py:4180} INFO - Setting next_dagrun for datahub_periodic_ingestion to 2026-05-26 07:30:00+00:00, run_after=2026-05-26 08:00:00+00:00
[2026-05-26T07:40:32.632+0000] {processor.py:208} INFO - Processing /opt/airflow/dags/datagub_ingestion.py took 1.692 seconds
[2026-05-26T07:41:03.537+0000] {processor.py:186} INFO - Started process (PID=210) to work on /opt/airflow/dags/datagub_ingestion.py
[2026-05-26T07:41:03.543+0000] {processor.py:914} INFO - Processing file /opt/airflow/dags/datagub_ingestion.py for tasks to queue
[2026-05-26T07:41:03.555+0000] {logging_mixin.py:190} INFO - [2026-05-26T07:41:03.554+0000] {dagbag.py:588} INFO - Filling up the DagBag from /opt/airflow/dags/datagub_ingestion.py
[2026-05-26T07:41:03.707+0000] {processor.py:925} INFO - DAG(s) 'datahub_periodic_ingestion' retrieved from /opt/airflow/dags/datagub_ingestion.py
[2026-05-26T07:41:04.288+0000] {logging_mixin.py:190} INFO - [2026-05-26T07:41:04.288+0000] {dag.py:3239} INFO - Sync 1 DAGs
[2026-05-26T07:41:04.751+0000] {logging_mixin.py:190} INFO - [2026-05-26T07:41:04.748+0000] {dag.py:4180} INFO - Setting next_dagrun for datahub_periodic_ingestion to 2026-05-26 07:30:00+00:00, run_after=2026-05-26 08:00:00+00:00
[2026-05-26T07:41:05.065+0000] {processor.py:208} INFO - Processing /opt/airflow/dags/datagub_ingestion.py took 1.625 seconds
[2026-05-26T07:41:36.727+0000] {processor.py:186} INFO - Started process (PID=215) to work on /opt/airflow/dags/datagub_ingestion.py
[2026-05-26T07:41:36.731+0000] {processor.py:914} INFO - Processing file /opt/airflow/dags/datagub_ingestion.py for tasks to queue
[2026-05-26T07:41:36.935+0000] {logging_mixin.py:190} INFO - [2026-05-26T07:41:36.933+0000] {dagbag.py:588} INFO - Filling up the DagBag from /opt/airflow/dags/datagub_ingestion.py
[2026-05-26T07:41:37.422+0000] {processor.py:925} INFO - DAG(s) 'datahub_periodic_ingestion' retrieved from /opt/airflow/dags/datagub_ingestion.py
[2026-05-26T07:41:38.121+0000] {logging_mixin.py:190} INFO - [2026-05-26T07:41:38.121+0000] {dag.py:3239} INFO - Sync 1 DAGs
[2026-05-26T07:41:38.674+0000] {logging_mixin.py:190} INFO - [2026-05-26T07:41:38.674+0000] {dag.py:4180} INFO - Setting next_dagrun for datahub_periodic_ingestion to 2026-05-26 07:30:00+00:00, run_after=2026-05-26 08:00:00+00:00
[2026-05-26T07:41:39.799+0000] {processor.py:208} INFO - Processing /opt/airflow/dags/datagub_ingestion.py took 2.971 seconds
[2026-05-26T07:42:11.664+0000] {processor.py:186} INFO - Started process (PID=220) to work on /opt/airflow/dags/datagub_ingestion.py
[2026-05-26T07:42:11.669+0000] {processor.py:914} INFO - Processing file /opt/airflow/dags/datagub_ingestion.py for tasks to queue
[2026-05-26T07:42:11.716+0000] {logging_mixin.py:190} INFO - [2026-05-26T07:42:11.712+0000] {dagbag.py:588} INFO - Filling up the DagBag from /opt/airflow/dags/datagub_ingestion.py
[2026-05-26T07:42:11.993+0000] {processor.py:925} INFO - DAG(s) 'datahub_periodic_ingestion' retrieved from /opt/airflow/dags/datagub_ingestion.py
[2026-05-26T07:42:12.268+0000] {logging_mixin.py:190} INFO - [2026-05-26T07:42:12.268+0000] {dag.py:3239} INFO - Sync 1 DAGs
[2026-05-26T07:42:12.729+0000] {logging_mixin.py:190} INFO - [2026-05-26T07:42:12.717+0000] {dag.py:4180} INFO - Setting next_dagrun for datahub_periodic_ingestion to 2026-05-26 07:30:00+00:00, run_after=2026-05-26 08:00:00+00:00
[2026-05-26T07:42:13.219+0000] {processor.py:208} INFO - Processing /opt/airflow/dags/datagub_ingestion.py took 1.684 seconds
[2026-05-26T07:42:46.297+0000] {processor.py:186} INFO - Started process (PID=225) to work on /opt/airflow/dags/datagub_ingestion.py
[2026-05-26T07:42:46.307+0000] {processor.py:914} INFO - Processing file /opt/airflow/dags/datagub_ingestion.py for tasks to queue
[2026-05-26T07:42:46.337+0000] {logging_mixin.py:190} INFO - [2026-05-26T07:42:46.331+0000] {dagbag.py:588} INFO - Filling up the DagBag from /opt/airflow/dags/datagub_ingestion.py
[2026-05-26T07:42:47.243+0000] {processor.py:925} INFO - DAG(s) 'datahub_periodic_ingestion' retrieved from /opt/airflow/dags/datagub_ingestion.py
[2026-05-26T07:42:48.711+0000] {logging_mixin.py:190} INFO - [2026-05-26T07:42:48.697+0000] {dag.py:3239} INFO - Sync 1 DAGs
[2026-05-26T07:42:49.975+0000] {logging_mixin.py:190} INFO - [2026-05-26T07:42:49.956+0000] {dag.py:4180} INFO - Setting next_dagrun for datahub_periodic_ingestion to 2026-05-26 07:30:00+00:00, run_after=2026-05-26 08:00:00+00:00
[2026-05-26T07:42:51.175+0000] {processor.py:208} INFO - Processing /opt/airflow/dags/datagub_ingestion.py took 4.910 seconds
[2026-05-26T07:43:30.360+0000] {processor.py:186} INFO - Started process (PID=230) to work on /opt/airflow/dags/datagub_ingestion.py
[2026-05-26T07:43:30.558+0000] {processor.py:914} INFO - Processing file /opt/airflow/dags/datagub_ingestion.py for tasks to queue
[2026-05-26T07:43:30.690+0000] {logging_mixin.py:190} INFO - [2026-05-26T07:43:30.669+0000] {dagbag.py:588} INFO - Filling up the DagBag from /opt/airflow/dags/datagub_ingestion.py
[2026-05-26T07:43:31.925+0000] {processor.py:925} INFO - DAG(s) 'datahub_periodic_ingestion' retrieved from /opt/airflow/dags/datagub_ingestion.py
[2026-05-26T07:43:32.903+0000] {logging_mixin.py:190} INFO - [2026-05-26T07:43:32.903+0000] {dag.py:3239} INFO - Sync 1 DAGs
[2026-05-26T07:43:33.373+0000] {logging_mixin.py:190} INFO - [2026-05-26T07:43:33.373+0000] {dag.py:4180} INFO - Setting next_dagrun for datahub_periodic_ingestion to 2026-05-26 07:30:00+00:00, run_after=2026-05-26 08:00:00+00:00
[2026-05-26T07:43:34.248+0000] {processor.py:208} INFO - Processing /opt/airflow/dags/datagub_ingestion.py took 4.273 seconds
[2026-05-26T07:44:05.174+0000] {processor.py:186} INFO - Started process (PID=235) to work on /opt/airflow/dags/datagub_ingestion.py
[2026-05-26T07:44:05.176+0000] {processor.py:914} INFO - Processing file /opt/airflow/dags/datagub_ingestion.py for tasks to queue
[2026-05-26T07:44:05.179+0000] {logging_mixin.py:190} INFO - [2026-05-26T07:44:05.178+0000] {dagbag.py:588} INFO - Filling up the DagBag from /opt/airflow/dags/datagub_ingestion.py
[2026-05-26T07:44:05.218+0000] {processor.py:925} INFO - DAG(s) 'datahub_periodic_ingestion' retrieved from /opt/airflow/dags/datagub_ingestion.py
[2026-05-26T07:44:05.218+0000] {logging_mixin.py:190} INFO - [2026-05-26T07:44:05.218+0000] {dag.py:3239} INFO - Sync 1 DAGs
[2026-05-26T07:44:05.291+0000] {logging_mixin.py:190} INFO - [2026-05-26T07:44:05.291+0000] {dag.py:4180} INFO - Setting next_dagrun for datahub_periodic_ingestion to 2026-05-26 07:30:00+00:00, run_after=2026-05-26 08:00:00+00:00
[2026-05-26T07:44:05.311+0000] {processor.py:208} INFO - Processing /opt/airflow/dags/datagub_ingestion.py took 0.145 seconds
[2026-05-26T07:44:35.831+0000] {processor.py:186} INFO - Started process (PID=240) to work on /opt/airflow/dags/datagub_ingestion.py
[2026-05-26T07:44:35.835+0000] {processor.py:914} INFO - Processing file /opt/airflow/dags/datagub_ingestion.py for tasks to queue
[2026-05-26T07:44:35.838+0000] {logging_mixin.py:190} INFO - [2026-05-26T07:44:35.838+0000] {dagbag.py:588} INFO - Filling up the DagBag from /opt/airflow/dags/datagub_ingestion.py
[2026-05-26T07:44:35.866+0000] {processor.py:925} INFO - DAG(s) 'datahub_periodic_ingestion' retrieved from /opt/airflow/dags/datagub_ingestion.py
[2026-05-26T07:44:35.947+0000] {logging_mixin.py:190} INFO - [2026-05-26T07:44:35.946+0000] {dag.py:3239} INFO - Sync 1 DAGs
[2026-05-26T07:44:36.002+0000] {logging_mixin.py:190} INFO - [2026-05-26T07:44:36.002+0000] {dag.py:4180} INFO - Setting next_dagrun for datahub_periodic_ingestion to 2026-05-26 07:30:00+00:00, run_after=2026-05-26 08:00:00+00:00
[2026-05-26T07:44:36.044+0000] {processor.py:208} INFO - Processing /opt/airflow/dags/datagub_ingestion.py took 0.218 seconds
[2026-05-26T07:45:07.007+0000] {processor.py:186} INFO - Started process (PID=245) to work on /opt/airflow/dags/datagub_ingestion.py
[2026-05-26T07:45:07.022+0000] {processor.py:914} INFO - Processing file /opt/airflow/dags/datagub_ingestion.py for tasks to queue
[2026-05-26T07:45:07.038+0000] {logging_mixin.py:190} INFO - [2026-05-26T07:45:07.038+0000] {dagbag.py:588} INFO - Filling up the DagBag from /opt/airflow/dags/datagub_ingestion.py
[2026-05-26T07:45:07.187+0000] {processor.py:925} INFO - DAG(s) 'datahub_periodic_ingestion' retrieved from /opt/airflow/dags/datagub_ingestion.py
[2026-05-26T07:45:07.599+0000] {logging_mixin.py:190} INFO - [2026-05-26T07:45:07.597+0000] {dag.py:3239} INFO - Sync 1 DAGs
[2026-05-26T07:45:07.944+0000] {logging_mixin.py:190} INFO - [2026-05-26T07:45:07.942+0000] {dag.py:4180} INFO - Setting next_dagrun for datahub_periodic_ingestion to 2026-05-26 07:30:00+00:00, run_after=2026-05-26 08:00:00+00:00
[2026-05-26T07:45:08.119+0000] {processor.py:208} INFO - Processing /opt/airflow/dags/datagub_ingestion.py took 1.123 seconds
[2026-05-26T07:45:38.912+0000] {processor.py:186} INFO - Started process (PID=250) to work on /opt/airflow/dags/datagub_ingestion.py
[2026-05-26T07:45:38.912+0000] {processor.py:914} INFO - Processing file /opt/airflow/dags/datagub_ingestion.py for tasks to queue
[2026-05-26T07:45:38.912+0000] {logging_mixin.py:190} INFO - [2026-05-26T07:45:38.912+0000] {dagbag.py:588} INFO - Filling up the DagBag from /opt/airflow/dags/datagub_ingestion.py
[2026-05-26T07:45:38.912+0000] {processor.py:925} INFO - DAG(s) 'datahub_periodic_ingestion' retrieved from /opt/airflow/dags/datagub_ingestion.py
[2026-05-26T07:45:38.912+0000] {logging_mixin.py:190} INFO - [2026-05-26T07:45:38.912+0000] {dag.py:3239} INFO - Sync 1 DAGs
[2026-05-26T07:45:38.912+0000] {logging_mixin.py:190} INFO - [2026-05-26T07:45:38.912+0000] {dag.py:4180} INFO - Setting next_dagrun for datahub_periodic_ingestion to 2026-05-26 07:30:00+00:00, run_after=2026-05-26 08:00:00+00:00
[2026-05-26T07:45:38.912+0000] {processor.py:208} INFO - Processing /opt/airflow/dags/datagub_ingestion.py took 0.016 seconds
[2026-05-26T07:46:09.577+0000] {processor.py:186} INFO - Started process (PID=255) to work on /opt/airflow/dags/datagub_ingestion.py
[2026-05-26T07:46:09.581+0000] {processor.py:914} INFO - Processing file /opt/airflow/dags/datagub_ingestion.py for tasks to queue
[2026-05-26T07:46:09.590+0000] {logging_mixin.py:190} INFO - [2026-05-26T07:46:09.588+0000] {dagbag.py:588} INFO - Filling up the DagBag from /opt/airflow/dags/datagub_ingestion.py
[2026-05-26T07:46:09.652+0000] {processor.py:925} INFO - DAG(s) 'datahub_periodic_ingestion' retrieved from /opt/airflow/dags/datagub_ingestion.py
[2026-05-26T07:46:09.696+0000] {logging_mixin.py:190} INFO - [2026-05-26T07:46:09.696+0000] {dag.py:3239} INFO - Sync 1 DAGs
[2026-05-26T07:46:09.721+0000] {logging_mixin.py:190} INFO - [2026-05-26T07:46:09.721+0000] {dag.py:4180} INFO - Setting next_dagrun for datahub_periodic_ingestion to 2026-05-26 07:30:00+00:00, run_after=2026-05-26 08:00:00+00:00
[2026-05-26T07:46:09.834+0000] {processor.py:208} INFO - Processing /opt/airflow/dags/datagub_ingestion.py took 0.261 seconds
[2026-05-26T07:46:40.770+0000] {processor.py:186} INFO - Started process (PID=260) to work on /opt/airflow/dags/datagub_ingestion.py
[2026-05-26T07:46:40.772+0000] {processor.py:914} INFO - Processing file /opt/airflow/dags/datagub_ingestion.py for tasks to queue
[2026-05-26T07:46:40.775+0000] {logging_mixin.py:190} INFO - [2026-05-26T07:46:40.774+0000] {dagbag.py:588} INFO - Filling up the DagBag from /opt/airflow/dags/datagub_ingestion.py
[2026-05-26T07:46:40.801+0000] {processor.py:925} INFO - DAG(s) 'datahub_periodic_ingestion' retrieved from /opt/airflow/dags/datagub_ingestion.py
[2026-05-26T07:46:40.847+0000] {logging_mixin.py:190} INFO - [2026-05-26T07:46:40.847+0000] {dag.py:3239} INFO - Sync 1 DAGs
[2026-05-26T07:46:40.890+0000] {logging_mixin.py:190} INFO - [2026-05-26T07:46:40.889+0000] {dag.py:4180} INFO - Setting next_dagrun for datahub_periodic_ingestion to 2026-05-26 07:30:00+00:00, run_after=2026-05-26 08:00:00+00:00
[2026-05-26T07:46:40.937+0000] {processor.py:208} INFO - Processing /opt/airflow/dags/datagub_ingestion.py took 0.181 seconds
[2026-05-26T07:47:11.734+0000] {processor.py:186} INFO - Started process (PID=265) to work on /opt/airflow/dags/datagub_ingestion.py
[2026-05-26T07:47:11.846+0000] {processor.py:914} INFO - Processing file /opt/airflow/dags/datagub_ingestion.py for tasks to queue
[2026-05-26T07:47:11.871+0000] {logging_mixin.py:190} INFO - [2026-05-26T07:47:11.871+0000] {dagbag.py:588} INFO - Filling up the DagBag from /opt/airflow/dags/datagub_ingestion.py
[2026-05-26T07:47:12.030+0000] {processor.py:925} INFO - DAG(s) 'datahub_periodic_ingestion' retrieved from /opt/airflow/dags/datagub_ingestion.py
[2026-05-26T07:47:12.093+0000] {logging_mixin.py:190} INFO - [2026-05-26T07:47:12.093+0000] {dag.py:3239} INFO - Sync 1 DAGs
[2026-05-26T07:47:12.151+0000] {logging_mixin.py:190} INFO - [2026-05-26T07:47:12.151+0000] {dag.py:4180} INFO - Setting next_dagrun for datahub_periodic_ingestion to 2026-05-26 07:30:00+00:00, run_after=2026-05-26 08:00:00+00:00
[2026-05-26T07:47:12.193+0000] {processor.py:208} INFO - Processing /opt/airflow/dags/datagub_ingestion.py took 0.517 seconds
[2026-05-26T08:24:48.756+0000] {processor.py:186} INFO - Started process (PID=167) to work on /opt/airflow/dags/datagub_ingestion.py
[2026-05-26T08:24:48.759+0000] {processor.py:914} INFO - Processing file /opt/airflow/dags/datagub_ingestion.py for tasks to queue
[2026-05-26T08:24:48.761+0000] {logging_mixin.py:190} INFO - [2026-05-26T08:24:48.761+0000] {dagbag.py:588} INFO - Filling up the DagBag from /opt/airflow/dags/datagub_ingestion.py
[2026-05-26T08:24:48.888+0000] {processor.py:925} INFO - DAG(s) 'datahub_periodic_ingestion' retrieved from /opt/airflow/dags/datagub_ingestion.py
[2026-05-26T08:24:49.003+0000] {logging_mixin.py:190} INFO - [2026-05-26T08:24:49.003+0000] {dag.py:3239} INFO - Sync 1 DAGs
[2026-05-26T08:24:49.028+0000] {logging_mixin.py:190} INFO - [2026-05-26T08:24:49.028+0000] {dag.py:4180} INFO - Setting next_dagrun for datahub_periodic_ingestion to 2026-05-26 07:30:00+00:00, run_after=2026-05-26 08:00:00+00:00
[2026-05-26T08:24:49.051+0000] {processor.py:208} INFO - Processing /opt/airflow/dags/datagub_ingestion.py took 0.297 seconds
[2026-05-26T08:25:19.535+0000] {processor.py:186} INFO - Started process (PID=172) to work on /opt/airflow/dags/datagub_ingestion.py
[2026-05-26T08:25:19.535+0000] {processor.py:914} INFO - Processing file /opt/airflow/dags/datagub_ingestion.py for tasks to queue
[2026-05-26T08:25:19.535+0000] {logging_mixin.py:190} INFO - [2026-05-26T08:25:19.535+0000] {dagbag.py:588} INFO - Filling up the DagBag from /opt/airflow/dags/datagub_ingestion.py
[2026-05-26T08:25:19.561+0000] {processor.py:925} INFO - DAG(s) 'datahub_periodic_ingestion' retrieved from /opt/airflow/dags/datagub_ingestion.py
[2026-05-26T08:25:19.597+0000] {logging_mixin.py:190} INFO - [2026-05-26T08:25:19.597+0000] {dag.py:3239} INFO - Sync 1 DAGs
[2026-05-26T08:25:19.617+0000] {logging_mixin.py:190} INFO - [2026-05-26T08:25:19.617+0000] {dag.py:4180} INFO - Setting next_dagrun for datahub_periodic_ingestion to 2026-05-26 07:30:00+00:00, run_after=2026-05-26 08:00:00+00:00
[2026-05-26T08:25:19.640+0000] {processor.py:208} INFO - Processing /opt/airflow/dags/datagub_ingestion.py took 0.107 seconds
[2026-05-26T08:25:50.045+0000] {processor.py:186} INFO - Started process (PID=179) to work on /opt/airflow/dags/datagub_ingestion.py
[2026-05-26T08:25:50.046+0000] {processor.py:914} INFO - Processing file /opt/airflow/dags/datagub_ingestion.py for tasks to queue
[2026-05-26T08:25:50.049+0000] {logging_mixin.py:190} INFO - [2026-05-26T08:25:50.049+0000] {dagbag.py:588} INFO - Filling up the DagBag from /opt/airflow/dags/datagub_ingestion.py
[2026-05-26T08:25:50.074+0000] {processor.py:925} INFO - DAG(s) 'datahub_periodic_ingestion' retrieved from /opt/airflow/dags/datagub_ingestion.py
[2026-05-26T08:25:50.129+0000] {logging_mixin.py:190} INFO - [2026-05-26T08:25:50.129+0000] {dag.py:3239} INFO - Sync 1 DAGs
[2026-05-26T08:25:50.163+0000] {logging_mixin.py:190} INFO - [2026-05-26T08:25:50.163+0000] {dag.py:4180} INFO - Setting next_dagrun for datahub_periodic_ingestion to 2026-05-26 08:00:00+00:00, run_after=2026-05-26 08:30:00+00:00
[2026-05-26T08:25:50.210+0000] {processor.py:208} INFO - Processing /opt/airflow/dags/datagub_ingestion.py took 0.175 seconds
[2026-05-26T08:26:20.642+0000] {processor.py:186} INFO - Started process (PID=184) to work on /opt/airflow/dags/datagub_ingestion.py
[2026-05-26T08:26:20.643+0000] {processor.py:914} INFO - Processing file /opt/airflow/dags/datagub_ingestion.py for tasks to queue
[2026-05-26T08:26:20.647+0000] {logging_mixin.py:190} INFO - [2026-05-26T08:26:20.646+0000] {dagbag.py:588} INFO - Filling up the DagBag from /opt/airflow/dags/datagub_ingestion.py
[2026-05-26T08:26:20.757+0000] {processor.py:925} INFO - DAG(s) 'datahub_periodic_ingestion' retrieved from /opt/airflow/dags/datagub_ingestion.py
[2026-05-26T08:26:20.874+0000] {logging_mixin.py:190} INFO - [2026-05-26T08:26:20.873+0000] {dag.py:3239} INFO - Sync 1 DAGs
[2026-05-26T08:26:20.959+0000] {logging_mixin.py:190} INFO - [2026-05-26T08:26:20.958+0000] {dag.py:4180} INFO - Setting next_dagrun for datahub_periodic_ingestion to 2026-05-26 08:00:00+00:00, run_after=2026-05-26 08:30:00+00:00
[2026-05-26T08:26:20.998+0000] {processor.py:208} INFO - Processing /opt/airflow/dags/datagub_ingestion.py took 0.366 seconds
[2026-05-26T08:26:51.417+0000] {processor.py:186} INFO - Started process (PID=189) to work on /opt/airflow/dags/datagub_ingestion.py
[2026-05-26T08:26:51.419+0000] {processor.py:914} INFO - Processing file /opt/airflow/dags/datagub_ingestion.py for tasks to queue
[2026-05-26T08:26:51.419+0000] {logging_mixin.py:190} INFO - [2026-05-26T08:26:51.419+0000] {dagbag.py:588} INFO - Filling up the DagBag from /opt/airflow/dags/datagub_ingestion.py
[2026-05-26T08:26:51.433+0000] {processor.py:925} INFO - DAG(s) 'datahub_periodic_ingestion' retrieved from /opt/airflow/dags/datagub_ingestion.py
[2026-05-26T08:26:51.542+0000] {logging_mixin.py:190} INFO - [2026-05-26T08:26:51.540+0000] {dag.py:3239} INFO - Sync 1 DAGs
[2026-05-26T08:26:51.624+0000] {logging_mixin.py:190} INFO - [2026-05-26T08:26:51.623+0000] {dag.py:4180} INFO - Setting next_dagrun for datahub_periodic_ingestion to 2026-05-26 08:00:00+00:00, run_after=2026-05-26 08:30:00+00:00
[2026-05-26T08:26:51.711+0000] {processor.py:208} INFO - Processing /opt/airflow/dags/datagub_ingestion.py took 0.351 seconds
[2026-05-26T08:27:22.685+0000] {processor.py:186} INFO - Started process (PID=194) to work on /opt/airflow/dags/datagub_ingestion.py
[2026-05-26T08:27:22.714+0000] {processor.py:914} INFO - Processing file /opt/airflow/dags/datagub_ingestion.py for tasks to queue
[2026-05-26T08:27:23.045+0000] {logging_mixin.py:190} INFO - [2026-05-26T08:27:23.043+0000] {dagbag.py:588} INFO - Filling up the DagBag from /opt/airflow/dags/datagub_ingestion.py
[2026-05-26T08:27:23.138+0000] {processor.py:925} INFO - DAG(s) 'datahub_periodic_ingestion' retrieved from /opt/airflow/dags/datagub_ingestion.py
[2026-05-26T08:27:23.298+0000] {logging_mixin.py:190} INFO - [2026-05-26T08:27:23.292+0000] {dag.py:3239} INFO - Sync 1 DAGs
[2026-05-26T08:27:23.541+0000] {logging_mixin.py:190} INFO - [2026-05-26T08:27:23.540+0000] {dag.py:4180} INFO - Setting next_dagrun for datahub_periodic_ingestion to 2026-05-26 08:00:00+00:00, run_after=2026-05-26 08:30:00+00:00
[2026-05-26T08:27:23.720+0000] {processor.py:208} INFO - Processing /opt/airflow/dags/datagub_ingestion.py took 1.035 seconds
[2026-05-26T08:27:54.087+0000] {processor.py:186} INFO - Started process (PID=199) to work on /opt/airflow/dags/datagub_ingestion.py
[2026-05-26T08:27:54.087+0000] {processor.py:914} INFO - Processing file /opt/airflow/dags/datagub_ingestion.py for tasks to queue
[2026-05-26T08:27:54.090+0000] {logging_mixin.py:190} INFO - [2026-05-26T08:27:54.090+0000] {dagbag.py:588} INFO - Filling up the DagBag from /opt/airflow/dags/datagub_ingestion.py
[2026-05-26T08:27:54.108+0000] {processor.py:925} INFO - DAG(s) 'datahub_periodic_ingestion' retrieved from /opt/airflow/dags/datagub_ingestion.py
[2026-05-26T08:27:54.131+0000] {logging_mixin.py:190} INFO - [2026-05-26T08:27:54.131+0000] {dag.py:3239} INFO - Sync 1 DAGs
[2026-05-26T08:27:54.154+0000] {logging_mixin.py:190} INFO - [2026-05-26T08:27:54.154+0000] {dag.py:4180} INFO - Setting next_dagrun for datahub_periodic_ingestion to 2026-05-26 08:00:00+00:00, run_after=2026-05-26 08:30:00+00:00
[2026-05-26T08:27:54.188+0000] {processor.py:208} INFO - Processing /opt/airflow/dags/datagub_ingestion.py took 0.106 seconds
[2026-05-26T08:33:09.298+0000] {processor.py:186} INFO - Started process (PID=204) to work on /opt/airflow/dags/datagub_ingestion.py
[2026-05-26T08:33:09.299+0000] {processor.py:914} INFO - Processing file /opt/airflow/dags/datagub_ingestion.py for tasks to queue
[2026-05-26T08:33:09.307+0000] {logging_mixin.py:190} INFO - [2026-05-26T08:33:09.306+0000] {dagbag.py:588} INFO - Filling up the DagBag from /opt/airflow/dags/datagub_ingestion.py
[2026-05-26T08:33:09.341+0000] {processor.py:925} INFO - DAG(s) 'datahub_periodic_ingestion' retrieved from /opt/airflow/dags/datagub_ingestion.py
[2026-05-26T08:33:09.431+0000] {logging_mixin.py:190} INFO - [2026-05-26T08:33:09.431+0000] {dag.py:3239} INFO - Sync 1 DAGs
[2026-05-26T08:33:09.470+0000] {logging_mixin.py:190} INFO - [2026-05-26T08:33:09.469+0000] {dag.py:4180} INFO - Setting next_dagrun for datahub_periodic_ingestion to 2026-05-26 08:00:00+00:00, run_after=2026-05-26 08:30:00+00:00
[2026-05-26T08:33:09.501+0000] {processor.py:208} INFO - Processing /opt/airflow/dags/datagub_ingestion.py took 0.211 seconds
[2026-05-26T08:33:40.668+0000] {processor.py:186} INFO - Started process (PID=209) to work on /opt/airflow/dags/datagub_ingestion.py
[2026-05-26T08:33:40.739+0000] {processor.py:914} INFO - Processing file /opt/airflow/dags/datagub_ingestion.py for tasks to queue
[2026-05-26T08:33:40.750+0000] {logging_mixin.py:190} INFO - [2026-05-26T08:33:40.749+0000] {dagbag.py:588} INFO - Filling up the DagBag from /opt/airflow/dags/datagub_ingestion.py
[2026-05-26T08:33:40.851+0000] {processor.py:925} INFO - DAG(s) 'datahub_periodic_ingestion' retrieved from /opt/airflow/dags/datagub_ingestion.py
[2026-05-26T08:33:41.287+0000] {logging_mixin.py:190} INFO - [2026-05-26T08:33:41.287+0000] {dag.py:3239} INFO - Sync 1 DAGs
[2026-05-26T08:33:41.481+0000] {logging_mixin.py:190} INFO - [2026-05-26T08:33:41.481+0000] {dag.py:4180} INFO - Setting next_dagrun for datahub_periodic_ingestion to 2026-05-26 08:00:00+00:00, run_after=2026-05-26 08:30:00+00:00
[2026-05-26T08:33:41.620+0000] {processor.py:208} INFO - Processing /opt/airflow/dags/datagub_ingestion.py took 1.023 seconds
[2026-05-26T08:34:15.350+0000] {processor.py:186} INFO - Started process (PID=214) to work on /opt/airflow/dags/datagub_ingestion.py
[2026-05-26T08:34:15.350+0000] {processor.py:914} INFO - Processing file /opt/airflow/dags/datagub_ingestion.py for tasks to queue
[2026-05-26T08:34:15.350+0000] {logging_mixin.py:190} INFO - [2026-05-26T08:34:15.350+0000] {dagbag.py:588} INFO - Filling up the DagBag from /opt/airflow/dags/datagub_ingestion.py
[2026-05-26T08:34:15.410+0000] {processor.py:925} INFO - DAG(s) 'datahub_periodic_ingestion' retrieved from /opt/airflow/dags/datagub_ingestion.py
[2026-05-26T08:34:15.446+0000] {logging_mixin.py:190} INFO - [2026-05-26T08:34:15.446+0000] {dag.py:3239} INFO - Sync 1 DAGs
[2026-05-26T08:34:15.494+0000] {logging_mixin.py:190} INFO - [2026-05-26T08:34:15.494+0000] {dag.py:4180} INFO - Setting next_dagrun for datahub_periodic_ingestion to 2026-05-26 08:00:00+00:00, run_after=2026-05-26 08:30:00+00:00
[2026-05-26T08:34:15.517+0000] {processor.py:208} INFO - Processing /opt/airflow/dags/datagub_ingestion.py took 0.170 seconds
[2026-05-26T08:34:46.238+0000] {processor.py:186} INFO - Started process (PID=219) to work on /opt/airflow/dags/datagub_ingestion.py
[2026-05-26T08:34:46.239+0000] {processor.py:914} INFO - Processing file /opt/airflow/dags/datagub_ingestion.py for tasks to queue
[2026-05-26T08:34:46.242+0000] {logging_mixin.py:190} INFO - [2026-05-26T08:34:46.241+0000] {dagbag.py:588} INFO - Filling up the DagBag from /opt/airflow/dags/datagub_ingestion.py
[2026-05-26T08:34:46.266+0000] {processor.py:925} INFO - DAG(s) 'datahub_periodic_ingestion' retrieved from /opt/airflow/dags/datagub_ingestion.py
[2026-05-26T08:34:46.293+0000] {logging_mixin.py:190} INFO - [2026-05-26T08:34:46.293+0000] {dag.py:3239} INFO - Sync 1 DAGs
[2026-05-26T08:34:46.355+0000] {logging_mixin.py:190} INFO - [2026-05-26T08:34:46.355+0000] {dag.py:4180} INFO - Setting next_dagrun for datahub_periodic_ingestion to 2026-05-26 08:00:00+00:00, run_after=2026-05-26 08:30:00+00:00
[2026-05-26T08:34:46.378+0000] {processor.py:208} INFO - Processing /opt/airflow/dags/datagub_ingestion.py took 0.146 seconds
[2026-05-26T08:35:16.903+0000] {processor.py:186} INFO - Started process (PID=224) to work on /opt/airflow/dags/datagub_ingestion.py
[2026-05-26T08:35:16.903+0000] {processor.py:914} INFO - Processing file /opt/airflow/dags/datagub_ingestion.py for tasks to queue
[2026-05-26T08:35:16.907+0000] {logging_mixin.py:190} INFO - [2026-05-26T08:35:16.907+0000] {dagbag.py:588} INFO - Filling up the DagBag from /opt/airflow/dags/datagub_ingestion.py
[2026-05-26T08:35:16.930+0000] {processor.py:925} INFO - DAG(s) 'datahub_periodic_ingestion' retrieved from /opt/airflow/dags/datagub_ingestion.py
[2026-05-26T08:35:16.954+0000] {logging_mixin.py:190} INFO - [2026-05-26T08:35:16.953+0000] {dag.py:3239} INFO - Sync 1 DAGs
[2026-05-26T08:35:16.974+0000] {logging_mixin.py:190} INFO - [2026-05-26T08:35:16.974+0000] {dag.py:4180} INFO - Setting next_dagrun for datahub_periodic_ingestion to 2026-05-26 08:00:00+00:00, run_after=2026-05-26 08:30:00+00:00
[2026-05-26T08:35:16.991+0000] {processor.py:208} INFO - Processing /opt/airflow/dags/datagub_ingestion.py took 0.095 seconds
[2026-05-26T08:35:47.231+0000] {processor.py:186} INFO - Started process (PID=229) to work on /opt/airflow/dags/datagub_ingestion.py
[2026-05-26T08:35:47.231+0000] {processor.py:914} INFO - Processing file /opt/airflow/dags/datagub_ingestion.py for tasks to queue
[2026-05-26T08:35:47.239+0000] {logging_mixin.py:190} INFO - [2026-05-26T08:35:47.235+0000] {dagbag.py:588} INFO - Filling up the DagBag from /opt/airflow/dags/datagub_ingestion.py
[2026-05-26T08:35:47.256+0000] {processor.py:925} INFO - DAG(s) 'datahub_periodic_ingestion' retrieved from /opt/airflow/dags/datagub_ingestion.py
[2026-05-26T08:35:47.282+0000] {logging_mixin.py:190} INFO - [2026-05-26T08:35:47.282+0000] {dag.py:3239} INFO - Sync 1 DAGs
[2026-05-26T08:35:47.301+0000] {logging_mixin.py:190} INFO - [2026-05-26T08:35:47.301+0000] {dag.py:4180} INFO - Setting next_dagrun for datahub_periodic_ingestion to 2026-05-26 08:00:00+00:00, run_after=2026-05-26 08:30:00+00:00
[2026-05-26T08:35:47.319+0000] {processor.py:208} INFO - Processing /opt/airflow/dags/datagub_ingestion.py took 0.099 seconds
[2026-05-26T08:36:17.674+0000] {processor.py:186} INFO - Started process (PID=234) to work on /opt/airflow/dags/datagub_ingestion.py
[2026-05-26T08:36:17.675+0000] {processor.py:914} INFO - Processing file /opt/airflow/dags/datagub_ingestion.py for tasks to queue
[2026-05-26T08:36:17.678+0000] {logging_mixin.py:190} INFO - [2026-05-26T08:36:17.678+0000] {dagbag.py:588} INFO - Filling up the DagBag from /opt/airflow/dags/datagub_ingestion.py
[2026-05-26T08:36:17.693+0000] {processor.py:925} INFO - DAG(s) 'datahub_periodic_ingestion' retrieved from /opt/airflow/dags/datagub_ingestion.py
[2026-05-26T08:36:17.719+0000] {logging_mixin.py:190} INFO - [2026-05-26T08:36:17.719+0000] {dag.py:3239} INFO - Sync 1 DAGs
[2026-05-26T08:36:17.738+0000] {logging_mixin.py:190} INFO - [2026-05-26T08:36:17.738+0000] {dag.py:4180} INFO - Setting next_dagrun for datahub_periodic_ingestion to 2026-05-26 08:00:00+00:00, run_after=2026-05-26 08:30:00+00:00
[2026-05-26T08:36:17.753+0000] {processor.py:208} INFO - Processing /opt/airflow/dags/datagub_ingestion.py took 0.087 seconds
[2026-05-26T08:36:48.405+0000] {processor.py:186} INFO - Started process (PID=239) to work on /opt/airflow/dags/datagub_ingestion.py
[2026-05-26T08:36:48.406+0000] {processor.py:914} INFO - Processing file /opt/airflow/dags/datagub_ingestion.py for tasks to queue
[2026-05-26T08:36:48.409+0000] {logging_mixin.py:190} INFO - [2026-05-26T08:36:48.409+0000] {dagbag.py:588} INFO - Filling up the DagBag from /opt/airflow/dags/datagub_ingestion.py
[2026-05-26T08:36:48.455+0000] {processor.py:925} INFO - DAG(s) 'datahub_periodic_ingestion' retrieved from /opt/airflow/dags/datagub_ingestion.py
[2026-05-26T08:36:48.511+0000] {logging_mixin.py:190} INFO - [2026-05-26T08:36:48.511+0000] {dag.py:3239} INFO - Sync 1 DAGs
[2026-05-26T08:36:48.548+0000] {logging_mixin.py:190} INFO - [2026-05-26T08:36:48.548+0000] {dag.py:4180} INFO - Setting next_dagrun for datahub_periodic_ingestion to 2026-05-26 08:00:00+00:00, run_after=2026-05-26 08:30:00+00:00
[2026-05-26T08:36:48.592+0000] {processor.py:208} INFO - Processing /opt/airflow/dags/datagub_ingestion.py took 0.210 seconds
[2026-05-26T08:37:18.929+0000] {processor.py:186} INFO - Started process (PID=244) to work on /opt/airflow/dags/datagub_ingestion.py
[2026-05-26T08:37:18.929+0000] {processor.py:914} INFO - Processing file /opt/airflow/dags/datagub_ingestion.py for tasks to queue
[2026-05-26T08:37:18.931+0000] {logging_mixin.py:190} INFO - [2026-05-26T08:37:18.931+0000] {dagbag.py:588} INFO - Filling up the DagBag from /opt/airflow/dags/datagub_ingestion.py
[2026-05-26T08:37:18.941+0000] {processor.py:925} INFO - DAG(s) 'datahub_periodic_ingestion' retrieved from /opt/airflow/dags/datagub_ingestion.py
[2026-05-26T08:37:18.967+0000] {logging_mixin.py:190} INFO - [2026-05-26T08:37:18.967+0000] {dag.py:3239} INFO - Sync 1 DAGs
[2026-05-26T08:37:18.981+0000] {logging_mixin.py:190} INFO - [2026-05-26T08:37:18.981+0000] {dag.py:4180} INFO - Setting next_dagrun for datahub_periodic_ingestion to 2026-05-26 08:00:00+00:00, run_after=2026-05-26 08:30:00+00:00
[2026-05-26T08:37:18.998+0000] {processor.py:208} INFO - Processing /opt/airflow/dags/datagub_ingestion.py took 0.073 seconds
[2026-05-26T08:37:49.170+0000] {processor.py:186} INFO - Started process (PID=249) to work on /opt/airflow/dags/datagub_ingestion.py
[2026-05-26T08:37:49.173+0000] {processor.py:914} INFO - Processing file /opt/airflow/dags/datagub_ingestion.py for tasks to queue
[2026-05-26T08:37:49.174+0000] {logging_mixin.py:190} INFO - [2026-05-26T08:37:49.174+0000] {dagbag.py:588} INFO - Filling up the DagBag from /opt/airflow/dags/datagub_ingestion.py
[2026-05-26T08:37:49.191+0000] {processor.py:925} INFO - DAG(s) 'datahub_periodic_ingestion' retrieved from /opt/airflow/dags/datagub_ingestion.py
[2026-05-26T08:37:49.218+0000] {logging_mixin.py:190} INFO - [2026-05-26T08:37:49.218+0000] {dag.py:3239} INFO - Sync 1 DAGs
[2026-05-26T08:37:49.235+0000] {logging_mixin.py:190} INFO - [2026-05-26T08:37:49.235+0000] {dag.py:4180} INFO - Setting next_dagrun for datahub_periodic_ingestion to 2026-05-26 08:00:00+00:00, run_after=2026-05-26 08:30:00+00:00
[2026-05-26T08:37:49.251+0000] {processor.py:208} INFO - Processing /opt/airflow/dags/datagub_ingestion.py took 0.084 seconds
[2026-05-26T08:38:19.533+0000] {processor.py:186} INFO - Started process (PID=254) to work on /opt/airflow/dags/datagub_ingestion.py
[2026-05-26T08:38:19.533+0000] {processor.py:914} INFO - Processing file /opt/airflow/dags/datagub_ingestion.py for tasks to queue
[2026-05-26T08:38:19.537+0000] {logging_mixin.py:190} INFO - [2026-05-26T08:38:19.536+0000] {dagbag.py:588} INFO - Filling up the DagBag from /opt/airflow/dags/datagub_ingestion.py
[2026-05-26T08:38:19.569+0000] {processor.py:925} INFO - DAG(s) 'datahub_periodic_ingestion' retrieved from /opt/airflow/dags/datagub_ingestion.py
[2026-05-26T08:38:19.612+0000] {logging_mixin.py:190} INFO - [2026-05-26T08:38:19.612+0000] {dag.py:3239} INFO - Sync 1 DAGs
[2026-05-26T08:38:19.640+0000] {logging_mixin.py:190} INFO - [2026-05-26T08:38:19.639+0000] {dag.py:4180} INFO - Setting next_dagrun for datahub_periodic_ingestion to 2026-05-26 08:00:00+00:00, run_after=2026-05-26 08:30:00+00:00
[2026-05-26T08:38:19.656+0000] {processor.py:208} INFO - Processing /opt/airflow/dags/datagub_ingestion.py took 0.131 seconds
[2026-05-26T08:38:50.062+0000] {processor.py:186} INFO - Started process (PID=259) to work on /opt/airflow/dags/datagub_ingestion.py
[2026-05-26T08:38:50.066+0000] {processor.py:914} INFO - Processing file /opt/airflow/dags/datagub_ingestion.py for tasks to queue
[2026-05-26T08:38:50.071+0000] {logging_mixin.py:190} INFO - [2026-05-26T08:38:50.071+0000] {dagbag.py:588} INFO - Filling up the DagBag from /opt/airflow/dags/datagub_ingestion.py
[2026-05-26T08:38:50.095+0000] {processor.py:925} INFO - DAG(s) 'datahub_periodic_ingestion' retrieved from /opt/airflow/dags/datagub_ingestion.py
[2026-05-26T08:38:50.122+0000] {logging_mixin.py:190} INFO - [2026-05-26T08:38:50.122+0000] {dag.py:3239} INFO - Sync 1 DAGs
[2026-05-26T08:38:50.141+0000] {logging_mixin.py:190} INFO - [2026-05-26T08:38:50.140+0000] {dag.py:4180} INFO - Setting next_dagrun for datahub_periodic_ingestion to 2026-05-26 08:00:00+00:00, run_after=2026-05-26 08:30:00+00:00
[2026-05-26T08:38:50.159+0000] {processor.py:208} INFO - Processing /opt/airflow/dags/datagub_ingestion.py took 0.105 seconds
[2026-05-26T08:39:20.889+0000] {processor.py:186} INFO - Started process (PID=264) to work on /opt/airflow/dags/datagub_ingestion.py
[2026-05-26T08:39:20.898+0000] {processor.py:914} INFO - Processing file /opt/airflow/dags/datagub_ingestion.py for tasks to queue
[2026-05-26T08:39:20.901+0000] {logging_mixin.py:190} INFO - [2026-05-26T08:39:20.901+0000] {dagbag.py:588} INFO - Filling up the DagBag from /opt/airflow/dags/datagub_ingestion.py
[2026-05-26T08:39:20.975+0000] {processor.py:925} INFO - DAG(s) 'datahub_periodic_ingestion' retrieved from /opt/airflow/dags/datagub_ingestion.py
[2026-05-26T08:39:21.279+0000] {logging_mixin.py:190} INFO - [2026-05-26T08:39:21.275+0000] {dag.py:3239} INFO - Sync 1 DAGs
[2026-05-26T08:39:21.407+0000] {logging_mixin.py:190} INFO - [2026-05-26T08:39:21.406+0000] {dag.py:4180} INFO - Setting next_dagrun for datahub_periodic_ingestion to 2026-05-26 08:00:00+00:00, run_after=2026-05-26 08:30:00+00:00
[2026-05-26T08:39:21.551+0000] {processor.py:208} INFO - Processing /opt/airflow/dags/datagub_ingestion.py took 0.686 seconds
[2026-05-26T08:39:52.138+0000] {processor.py:186} INFO - Started process (PID=269) to work on /opt/airflow/dags/datagub_ingestion.py
[2026-05-26T08:39:52.140+0000] {processor.py:914} INFO - Processing file /opt/airflow/dags/datagub_ingestion.py for tasks to queue
[2026-05-26T08:39:52.143+0000] {logging_mixin.py:190} INFO - [2026-05-26T08:39:52.142+0000] {dagbag.py:588} INFO - Filling up the DagBag from /opt/airflow/dags/datagub_ingestion.py
[2026-05-26T08:39:52.165+0000] {processor.py:925} INFO - DAG(s) 'datahub_periodic_ingestion' retrieved from /opt/airflow/dags/datagub_ingestion.py
[2026-05-26T08:39:52.194+0000] {logging_mixin.py:190} INFO - [2026-05-26T08:39:52.193+0000] {dag.py:3239} INFO - Sync 1 DAGs
[2026-05-26T08:39:52.219+0000] {logging_mixin.py:190} INFO - [2026-05-26T08:39:52.219+0000] {dag.py:4180} INFO - Setting next_dagrun for datahub_periodic_ingestion to 2026-05-26 08:00:00+00:00, run_after=2026-05-26 08:30:00+00:00
[2026-05-26T08:39:52.252+0000] {processor.py:208} INFO - Processing /opt/airflow/dags/datagub_ingestion.py took 0.120 seconds
[2026-05-26T08:40:22.428+0000] {processor.py:186} INFO - Started process (PID=274) to work on /opt/airflow/dags/datagub_ingestion.py
[2026-05-26T08:40:22.429+0000] {processor.py:914} INFO - Processing file /opt/airflow/dags/datagub_ingestion.py for tasks to queue
[2026-05-26T08:40:22.432+0000] {logging_mixin.py:190} INFO - [2026-05-26T08:40:22.432+0000] {dagbag.py:588} INFO - Filling up the DagBag from /opt/airflow/dags/datagub_ingestion.py
[2026-05-26T08:40:22.475+0000] {processor.py:925} INFO - DAG(s) 'datahub_periodic_ingestion' retrieved from /opt/airflow/dags/datagub_ingestion.py
[2026-05-26T08:40:22.512+0000] {logging_mixin.py:190} INFO - [2026-05-26T08:40:22.510+0000] {dag.py:3239} INFO - Sync 1 DAGs
[2026-05-26T08:40:22.557+0000] {logging_mixin.py:190} INFO - [2026-05-26T08:40:22.557+0000] {dag.py:4180} INFO - Setting next_dagrun for datahub_periodic_ingestion to 2026-05-26 08:00:00+00:00, run_after=2026-05-26 08:30:00+00:00
[2026-05-26T08:40:22.592+0000] {processor.py:208} INFO - Processing /opt/airflow/dags/datagub_ingestion.py took 0.170 seconds
[2026-05-26T08:40:54.168+0000] {processor.py:186} INFO - Started process (PID=279) to work on /opt/airflow/dags/datagub_ingestion.py
[2026-05-26T08:40:54.175+0000] {processor.py:914} INFO - Processing file /opt/airflow/dags/datagub_ingestion.py for tasks to queue
[2026-05-26T08:40:54.227+0000] {logging_mixin.py:190} INFO - [2026-05-26T08:40:54.220+0000] {dagbag.py:588} INFO - Filling up the DagBag from /opt/airflow/dags/datagub_ingestion.py
[2026-05-26T08:40:54.502+0000] {processor.py:925} INFO - DAG(s) 'datahub_periodic_ingestion' retrieved from /opt/airflow/dags/datagub_ingestion.py
[2026-05-26T08:40:54.751+0000] {logging_mixin.py:190} INFO - [2026-05-26T08:40:54.751+0000] {dag.py:3239} INFO - Sync 1 DAGs
[2026-05-26T08:40:54.865+0000] {logging_mixin.py:190} INFO - [2026-05-26T08:40:54.865+0000] {dag.py:4180} INFO - Setting next_dagrun for datahub_periodic_ingestion to 2026-05-26 08:00:00+00:00, run_after=2026-05-26 08:30:00+00:00
[2026-05-26T08:40:54.932+0000] {processor.py:208} INFO - Processing /opt/airflow/dags/datagub_ingestion.py took 0.876 seconds
[2026-05-26T08:41:25.135+0000] {processor.py:186} INFO - Started process (PID=284) to work on /opt/airflow/dags/datagub_ingestion.py
[2026-05-26T08:41:25.137+0000] {processor.py:914} INFO - Processing file /opt/airflow/dags/datagub_ingestion.py for tasks to queue
[2026-05-26T08:41:25.139+0000] {logging_mixin.py:190} INFO - [2026-05-26T08:41:25.139+0000] {dagbag.py:588} INFO - Filling up the DagBag from /opt/airflow/dags/datagub_ingestion.py
[2026-05-26T08:41:25.205+0000] {processor.py:925} INFO - DAG(s) 'datahub_periodic_ingestion' retrieved from /opt/airflow/dags/datagub_ingestion.py
[2026-05-26T08:41:25.252+0000] {logging_mixin.py:190} INFO - [2026-05-26T08:41:25.252+0000] {dag.py:3239} INFO - Sync 1 DAGs
[2026-05-26T08:41:25.297+0000] {logging_mixin.py:190} INFO - [2026-05-26T08:41:25.296+0000] {dag.py:4180} INFO - Setting next_dagrun for datahub_periodic_ingestion to 2026-05-26 08:00:00+00:00, run_after=2026-05-26 08:30:00+00:00
[2026-05-26T08:41:25.329+0000] {processor.py:208} INFO - Processing /opt/airflow/dags/datagub_ingestion.py took 0.209 seconds
[2026-05-26T08:41:55.715+0000] {processor.py:186} INFO - Started process (PID=289) to work on /opt/airflow/dags/datagub_ingestion.py
[2026-05-26T08:41:55.717+0000] {processor.py:914} INFO - Processing file /opt/airflow/dags/datagub_ingestion.py for tasks to queue
[2026-05-26T08:41:55.722+0000] {logging_mixin.py:190} INFO - [2026-05-26T08:41:55.722+0000] {dagbag.py:588} INFO - Filling up the DagBag from /opt/airflow/dags/datagub_ingestion.py
[2026-05-26T08:41:55.777+0000] {processor.py:925} INFO - DAG(s) 'datahub_periodic_ingestion' retrieved from /opt/airflow/dags/datagub_ingestion.py
[2026-05-26T08:41:55.841+0000] {logging_mixin.py:190} INFO - [2026-05-26T08:41:55.840+0000] {dag.py:3239} INFO - Sync 1 DAGs
[2026-05-26T08:41:55.910+0000] {logging_mixin.py:190} INFO - [2026-05-26T08:41:55.910+0000] {dag.py:4180} INFO - Setting next_dagrun for datahub_periodic_ingestion to 2026-05-26 08:00:00+00:00, run_after=2026-05-26 08:30:00+00:00
[2026-05-26T08:41:55.946+0000] {processor.py:208} INFO - Processing /opt/airflow/dags/datagub_ingestion.py took 0.247 seconds
[2026-05-26T08:42:26.642+0000] {processor.py:186} INFO - Started process (PID=294) to work on /opt/airflow/dags/datagub_ingestion.py
[2026-05-26T08:42:26.654+0000] {processor.py:914} INFO - Processing file /opt/airflow/dags/datagub_ingestion.py for tasks to queue
[2026-05-26T08:42:26.660+0000] {logging_mixin.py:190} INFO - [2026-05-26T08:42:26.659+0000] {dagbag.py:588} INFO - Filling up the DagBag from /opt/airflow/dags/datagub_ingestion.py
[2026-05-26T08:42:26.705+0000] {processor.py:925} INFO - DAG(s) 'datahub_periodic_ingestion' retrieved from /opt/airflow/dags/datagub_ingestion.py
[2026-05-26T08:42:26.759+0000] {logging_mixin.py:190} INFO - [2026-05-26T08:42:26.757+0000] {dag.py:3239} INFO - Sync 1 DAGs
[2026-05-26T08:42:26.789+0000] {logging_mixin.py:190} INFO - [2026-05-26T08:42:26.789+0000] {dag.py:4180} INFO - Setting next_dagrun for datahub_periodic_ingestion to 2026-05-26 08:00:00+00:00, run_after=2026-05-26 08:30:00+00:00
[2026-05-26T08:42:26.824+0000] {processor.py:208} INFO - Processing /opt/airflow/dags/datagub_ingestion.py took 0.192 seconds
[2026-05-26T08:42:57.700+0000] {processor.py:186} INFO - Started process (PID=299) to work on /opt/airflow/dags/datagub_ingestion.py
[2026-05-26T08:42:57.701+0000] {processor.py:914} INFO - Processing file /opt/airflow/dags/datagub_ingestion.py for tasks to queue
[2026-05-26T08:42:57.704+0000] {logging_mixin.py:190} INFO - [2026-05-26T08:42:57.704+0000] {dagbag.py:588} INFO - Filling up the DagBag from /opt/airflow/dags/datagub_ingestion.py
[2026-05-26T08:42:57.719+0000] {processor.py:925} INFO - DAG(s) 'datahub_periodic_ingestion' retrieved from /opt/airflow/dags/datagub_ingestion.py
[2026-05-26T08:42:57.747+0000] {logging_mixin.py:190} INFO - [2026-05-26T08:42:57.747+0000] {dag.py:3239} INFO - Sync 1 DAGs
[2026-05-26T08:42:57.764+0000] {logging_mixin.py:190} INFO - [2026-05-26T08:42:57.764+0000] {dag.py:4180} INFO - Setting next_dagrun for datahub_periodic_ingestion to 2026-05-26 08:00:00+00:00, run_after=2026-05-26 08:30:00+00:00
[2026-05-26T08:42:57.788+0000] {processor.py:208} INFO - Processing /opt/airflow/dags/datagub_ingestion.py took 0.096 seconds
[2026-05-26T08:43:28.311+0000] {processor.py:186} INFO - Started process (PID=304) to work on /opt/airflow/dags/datagub_ingestion.py
[2026-05-26T08:43:28.313+0000] {processor.py:914} INFO - Processing file /opt/airflow/dags/datagub_ingestion.py for tasks to queue
[2026-05-26T08:43:28.315+0000] {logging_mixin.py:190} INFO - [2026-05-26T08:43:28.315+0000] {dagbag.py:588} INFO - Filling up the DagBag from /opt/airflow/dags/datagub_ingestion.py
[2026-05-26T08:43:28.343+0000] {processor.py:925} INFO - DAG(s) 'datahub_periodic_ingestion' retrieved from /opt/airflow/dags/datagub_ingestion.py
[2026-05-26T08:43:28.377+0000] {logging_mixin.py:190} INFO - [2026-05-26T08:43:28.377+0000] {dag.py:3239} INFO - Sync 1 DAGs
[2026-05-26T08:43:28.396+0000] {logging_mixin.py:190} INFO - [2026-05-26T08:43:28.394+0000] {dag.py:4180} INFO - Setting next_dagrun for datahub_periodic_ingestion to 2026-05-26 08:00:00+00:00, run_after=2026-05-26 08:30:00+00:00
[2026-05-26T08:43:28.416+0000] {processor.py:208} INFO - Processing /opt/airflow/dags/datagub_ingestion.py took 0.113 seconds
[2026-05-26T08:45:28.733+0000] {processor.py:186} INFO - Started process (PID=167) to work on /opt/airflow/dags/datagub_ingestion.py
[2026-05-26T08:45:28.734+0000] {processor.py:914} INFO - Processing file /opt/airflow/dags/datagub_ingestion.py for tasks to queue
[2026-05-26T08:45:28.736+0000] {logging_mixin.py:190} INFO - [2026-05-26T08:45:28.736+0000] {dagbag.py:588} INFO - Filling up the DagBag from /opt/airflow/dags/datagub_ingestion.py
[2026-05-26T08:45:28.821+0000] {processor.py:925} INFO - DAG(s) 'datahub_periodic_ingestion' retrieved from /opt/airflow/dags/datagub_ingestion.py
[2026-05-26T08:45:28.875+0000] {logging_mixin.py:190} INFO - [2026-05-26T08:45:28.875+0000] {dag.py:3239} INFO - Sync 1 DAGs
[2026-05-26T08:45:28.910+0000] {logging_mixin.py:190} INFO - [2026-05-26T08:45:28.910+0000] {dag.py:4180} INFO - Setting next_dagrun for datahub_periodic_ingestion to 2026-05-26 08:00:00+00:00, run_after=2026-05-26 08:30:00+00:00
[2026-05-26T08:45:28.947+0000] {processor.py:208} INFO - Processing /opt/airflow/dags/datagub_ingestion.py took 0.221 seconds
[2026-05-26T08:45:59.315+0000] {processor.py:186} INFO - Started process (PID=172) to work on /opt/airflow/dags/datagub_ingestion.py
[2026-05-26T08:45:59.315+0000] {processor.py:914} INFO - Processing file /opt/airflow/dags/datagub_ingestion.py for tasks to queue
[2026-05-26T08:45:59.321+0000] {logging_mixin.py:190} INFO - [2026-05-26T08:45:59.318+0000] {dagbag.py:588} INFO - Filling up the DagBag from /opt/airflow/dags/datagub_ingestion.py
[2026-05-26T08:45:59.349+0000] {processor.py:925} INFO - DAG(s) 'datahub_periodic_ingestion' retrieved from /opt/airflow/dags/datagub_ingestion.py
[2026-05-26T08:45:59.424+0000] {logging_mixin.py:190} INFO - [2026-05-26T08:45:59.424+0000] {dag.py:3239} INFO - Sync 1 DAGs
[2026-05-26T08:45:59.479+0000] {logging_mixin.py:190} INFO - [2026-05-26T08:45:59.479+0000] {dag.py:4180} INFO - Setting next_dagrun for datahub_periodic_ingestion to 2026-05-26 08:00:00+00:00, run_after=2026-05-26 08:30:00+00:00
[2026-05-26T08:45:59.540+0000] {processor.py:208} INFO - Processing /opt/airflow/dags/datagub_ingestion.py took 0.232 seconds
[2026-05-26T08:46:30.180+0000] {processor.py:186} INFO - Started process (PID=177) to work on /opt/airflow/dags/datagub_ingestion.py
[2026-05-26T08:46:30.180+0000] {processor.py:914} INFO - Processing file /opt/airflow/dags/datagub_ingestion.py for tasks to queue
[2026-05-26T08:46:30.185+0000] {logging_mixin.py:190} INFO - [2026-05-26T08:46:30.185+0000] {dagbag.py:588} INFO - Filling up the DagBag from /opt/airflow/dags/datagub_ingestion.py
[2026-05-26T08:46:30.258+0000] {processor.py:925} INFO - DAG(s) 'datahub_periodic_ingestion' retrieved from /opt/airflow/dags/datagub_ingestion.py
[2026-05-26T08:46:30.310+0000] {logging_mixin.py:190} INFO - [2026-05-26T08:46:30.310+0000] {dag.py:3239} INFO - Sync 1 DAGs
[2026-05-26T08:46:30.456+0000] {logging_mixin.py:190} INFO - [2026-05-26T08:46:30.456+0000] {dag.py:4180} INFO - Setting next_dagrun for datahub_periodic_ingestion to 2026-05-26 08:00:00+00:00, run_after=2026-05-26 08:30:00+00:00
[2026-05-26T08:46:30.495+0000] {processor.py:208} INFO - Processing /opt/airflow/dags/datagub_ingestion.py took 0.327 seconds
[2026-05-26T08:47:00.591+0000] {processor.py:186} INFO - Started process (PID=184) to work on /opt/airflow/dags/datagub_ingestion.py
[2026-05-26T08:47:00.593+0000] {processor.py:914} INFO - Processing file /opt/airflow/dags/datagub_ingestion.py for tasks to queue
[2026-05-26T08:47:00.595+0000] {logging_mixin.py:190} INFO - [2026-05-26T08:47:00.594+0000] {dagbag.py:588} INFO - Filling up the DagBag from /opt/airflow/dags/datagub_ingestion.py
[2026-05-26T08:47:00.609+0000] {processor.py:925} INFO - DAG(s) 'datahub_periodic_ingestion' retrieved from /opt/airflow/dags/datagub_ingestion.py
[2026-05-26T08:47:00.637+0000] {logging_mixin.py:190} INFO - [2026-05-26T08:47:00.637+0000] {dag.py:3239} INFO - Sync 1 DAGs
[2026-05-26T08:47:00.671+0000] {logging_mixin.py:190} INFO - [2026-05-26T08:47:00.671+0000] {dag.py:4180} INFO - Setting next_dagrun for datahub_periodic_ingestion to 2026-05-26 08:30:00+00:00, run_after=2026-05-26 09:00:00+00:00
[2026-05-26T08:47:00.700+0000] {processor.py:208} INFO - Processing /opt/airflow/dags/datagub_ingestion.py took 0.112 seconds
[2026-05-26T08:47:31.013+0000] {processor.py:186} INFO - Started process (PID=189) to work on /opt/airflow/dags/datagub_ingestion.py
[2026-05-26T08:47:31.014+0000] {processor.py:914} INFO - Processing file /opt/airflow/dags/datagub_ingestion.py for tasks to queue
[2026-05-26T08:47:31.019+0000] {logging_mixin.py:190} INFO - [2026-05-26T08:47:31.019+0000] {dagbag.py:588} INFO - Filling up the DagBag from /opt/airflow/dags/datagub_ingestion.py
[2026-05-26T08:47:31.043+0000] {processor.py:925} INFO - DAG(s) 'datahub_periodic_ingestion' retrieved from /opt/airflow/dags/datagub_ingestion.py
[2026-05-26T08:47:31.073+0000] {logging_mixin.py:190} INFO - [2026-05-26T08:47:31.073+0000] {dag.py:3239} INFO - Sync 1 DAGs
[2026-05-26T08:47:31.095+0000] {logging_mixin.py:190} INFO - [2026-05-26T08:47:31.095+0000] {dag.py:4180} INFO - Setting next_dagrun for datahub_periodic_ingestion to 2026-05-26 08:30:00+00:00, run_after=2026-05-26 09:00:00+00:00
[2026-05-26T08:47:31.140+0000] {processor.py:208} INFO - Processing /opt/airflow/dags/datagub_ingestion.py took 0.134 seconds
[2026-05-26T08:48:01.901+0000] {processor.py:186} INFO - Started process (PID=194) to work on /opt/airflow/dags/datagub_ingestion.py
[2026-05-26T08:48:01.902+0000] {processor.py:914} INFO - Processing file /opt/airflow/dags/datagub_ingestion.py for tasks to queue
[2026-05-26T08:48:01.902+0000] {logging_mixin.py:190} INFO - [2026-05-26T08:48:01.902+0000] {dagbag.py:588} INFO - Filling up the DagBag from /opt/airflow/dags/datagub_ingestion.py
[2026-05-26T08:48:01.930+0000] {processor.py:925} INFO - DAG(s) 'datahub_periodic_ingestion' retrieved from /opt/airflow/dags/datagub_ingestion.py
[2026-05-26T08:48:01.961+0000] {logging_mixin.py:190} INFO - [2026-05-26T08:48:01.961+0000] {dag.py:3239} INFO - Sync 1 DAGs
[2026-05-26T08:48:01.985+0000] {logging_mixin.py:190} INFO - [2026-05-26T08:48:01.985+0000] {dag.py:4180} INFO - Setting next_dagrun for datahub_periodic_ingestion to 2026-05-26 08:30:00+00:00, run_after=2026-05-26 09:00:00+00:00
[2026-05-26T08:48:02.021+0000] {processor.py:208} INFO - Processing /opt/airflow/dags/datagub_ingestion.py took 0.127 seconds
[2026-05-26T08:48:32.441+0000] {processor.py:186} INFO - Started process (PID=199) to work on /opt/airflow/dags/datagub_ingestion.py
[2026-05-26T08:48:32.441+0000] {processor.py:914} INFO - Processing file /opt/airflow/dags/datagub_ingestion.py for tasks to queue
[2026-05-26T08:48:32.445+0000] {logging_mixin.py:190} INFO - [2026-05-26T08:48:32.445+0000] {dagbag.py:588} INFO - Filling up the DagBag from /opt/airflow/dags/datagub_ingestion.py
[2026-05-26T08:48:32.486+0000] {processor.py:925} INFO - DAG(s) 'datahub_periodic_ingestion' retrieved from /opt/airflow/dags/datagub_ingestion.py
[2026-05-26T08:48:32.528+0000] {logging_mixin.py:190} INFO - [2026-05-26T08:48:32.528+0000] {dag.py:3239} INFO - Sync 1 DAGs
[2026-05-26T08:48:32.555+0000] {logging_mixin.py:190} INFO - [2026-05-26T08:48:32.555+0000] {dag.py:4180} INFO - Setting next_dagrun for datahub_periodic_ingestion to 2026-05-26 08:30:00+00:00, run_after=2026-05-26 09:00:00+00:00
[2026-05-26T08:48:32.579+0000] {processor.py:208} INFO - Processing /opt/airflow/dags/datagub_ingestion.py took 0.153 seconds
[2026-05-26T08:49:03.017+0000] {processor.py:186} INFO - Started process (PID=204) to work on /opt/airflow/dags/datagub_ingestion.py
[2026-05-26T08:49:03.018+0000] {processor.py:914} INFO - Processing file /opt/airflow/dags/datagub_ingestion.py for tasks to queue
[2026-05-26T08:49:03.021+0000] {logging_mixin.py:190} INFO - [2026-05-26T08:49:03.020+0000] {dagbag.py:588} INFO - Filling up the DagBag from /opt/airflow/dags/datagub_ingestion.py
[2026-05-26T08:49:03.040+0000] {processor.py:925} INFO - DAG(s) 'datahub_periodic_ingestion' retrieved from /opt/airflow/dags/datagub_ingestion.py
[2026-05-26T08:49:03.081+0000] {logging_mixin.py:190} INFO - [2026-05-26T08:49:03.081+0000] {dag.py:3239} INFO - Sync 1 DAGs
[2026-05-26T08:49:03.107+0000] {logging_mixin.py:190} INFO - [2026-05-26T08:49:03.107+0000] {dag.py:4180} INFO - Setting next_dagrun for datahub_periodic_ingestion to 2026-05-26 08:30:00+00:00, run_after=2026-05-26 09:00:00+00:00
[2026-05-26T08:49:03.134+0000] {processor.py:208} INFO - Processing /opt/airflow/dags/datagub_ingestion.py took 0.124 seconds
[2026-05-26T08:49:33.543+0000] {processor.py:186} INFO - Started process (PID=209) to work on /opt/airflow/dags/datagub_ingestion.py
[2026-05-26T08:49:33.543+0000] {processor.py:914} INFO - Processing file /opt/airflow/dags/datagub_ingestion.py for tasks to queue
[2026-05-26T08:49:33.543+0000] {logging_mixin.py:190} INFO - [2026-05-26T08:49:33.543+0000] {dagbag.py:588} INFO - Filling up the DagBag from /opt/airflow/dags/datagub_ingestion.py
[2026-05-26T08:49:33.543+0000] {processor.py:925} INFO - DAG(s) 'datahub_periodic_ingestion' retrieved from /opt/airflow/dags/datagub_ingestion.py
[2026-05-26T08:49:33.543+0000] {logging_mixin.py:190} INFO - [2026-05-26T08:49:33.543+0000] {dag.py:3239} INFO - Sync 1 DAGs
[2026-05-26T08:49:33.543+0000] {logging_mixin.py:190} INFO - [2026-05-26T08:49:33.543+0000] {dag.py:4180} INFO - Setting next_dagrun for datahub_periodic_ingestion to 2026-05-26 08:30:00+00:00, run_after=2026-05-26 09:00:00+00:00
[2026-05-26T08:49:33.543+0000] {processor.py:208} INFO - Processing /opt/airflow/dags/datagub_ingestion.py took 0.000 seconds
[2026-05-26T08:50:03.777+0000] {processor.py:186} INFO - Started process (PID=214) to work on /opt/airflow/dags/datagub_ingestion.py
[2026-05-26T08:50:03.786+0000] {processor.py:914} INFO - Processing file /opt/airflow/dags/datagub_ingestion.py for tasks to queue
[2026-05-26T08:50:03.791+0000] {logging_mixin.py:190} INFO - [2026-05-26T08:50:03.789+0000] {dagbag.py:588} INFO - Filling up the DagBag from /opt/airflow/dags/datagub_ingestion.py
[2026-05-26T08:50:03.833+0000] {processor.py:925} INFO - DAG(s) 'datahub_periodic_ingestion' retrieved from /opt/airflow/dags/datagub_ingestion.py
[2026-05-26T08:50:03.896+0000] {logging_mixin.py:190} INFO - [2026-05-26T08:50:03.896+0000] {dag.py:3239} INFO - Sync 1 DAGs
[2026-05-26T08:50:03.927+0000] {logging_mixin.py:190} INFO - [2026-05-26T08:50:03.927+0000] {dag.py:4180} INFO - Setting next_dagrun for datahub_periodic_ingestion to 2026-05-26 08:30:00+00:00, run_after=2026-05-26 09:00:00+00:00
[2026-05-26T08:50:03.969+0000] {processor.py:208} INFO - Processing /opt/airflow/dags/datagub_ingestion.py took 0.192 seconds
[2026-05-26T08:50:35.014+0000] {processor.py:186} INFO - Started process (PID=219) to work on /opt/airflow/dags/datagub_ingestion.py
[2026-05-26T08:50:35.015+0000] {processor.py:914} INFO - Processing file /opt/airflow/dags/datagub_ingestion.py for tasks to queue
[2026-05-26T08:50:35.016+0000] {logging_mixin.py:190} INFO - [2026-05-26T08:50:35.016+0000] {dagbag.py:588} INFO - Filling up the DagBag from /opt/airflow/dags/datagub_ingestion.py
[2026-05-26T08:50:35.069+0000] {processor.py:925} INFO - DAG(s) 'datahub_periodic_ingestion' retrieved from /opt/airflow/dags/datagub_ingestion.py
[2026-05-26T08:50:35.153+0000] {logging_mixin.py:190} INFO - [2026-05-26T08:50:35.153+0000] {dag.py:3239} INFO - Sync 1 DAGs
[2026-05-26T08:50:35.179+0000] {logging_mixin.py:190} INFO - [2026-05-26T08:50:35.179+0000] {dag.py:4180} INFO - Setting next_dagrun for datahub_periodic_ingestion to 2026-05-26 08:30:00+00:00, run_after=2026-05-26 09:00:00+00:00
[2026-05-26T08:50:35.207+0000] {processor.py:208} INFO - Processing /opt/airflow/dags/datagub_ingestion.py took 0.217 seconds
[2026-05-26T08:51:05.897+0000] {processor.py:186} INFO - Started process (PID=224) to work on /opt/airflow/dags/datagub_ingestion.py
[2026-05-26T08:51:05.923+0000] {processor.py:914} INFO - Processing file /opt/airflow/dags/datagub_ingestion.py for tasks to queue
[2026-05-26T08:51:05.949+0000] {logging_mixin.py:190} INFO - [2026-05-26T08:51:05.949+0000] {dagbag.py:588} INFO - Filling up the DagBag from /opt/airflow/dags/datagub_ingestion.py
[2026-05-26T08:51:06.109+0000] {processor.py:925} INFO - DAG(s) 'datahub_periodic_ingestion' retrieved from /opt/airflow/dags/datagub_ingestion.py
[2026-05-26T08:51:06.267+0000] {logging_mixin.py:190} INFO - [2026-05-26T08:51:06.267+0000] {dag.py:3239} INFO - Sync 1 DAGs
[2026-05-26T08:51:06.440+0000] {logging_mixin.py:190} INFO - [2026-05-26T08:51:06.440+0000] {dag.py:4180} INFO - Setting next_dagrun for datahub_periodic_ingestion to 2026-05-26 08:30:00+00:00, run_after=2026-05-26 09:00:00+00:00
[2026-05-26T08:51:06.824+0000] {processor.py:208} INFO - Processing /opt/airflow/dags/datagub_ingestion.py took 1.043 seconds
[2026-05-26T08:51:38.164+0000] {processor.py:186} INFO - Started process (PID=229) to work on /opt/airflow/dags/datagub_ingestion.py
[2026-05-26T08:51:38.164+0000] {processor.py:914} INFO - Processing file /opt/airflow/dags/datagub_ingestion.py for tasks to queue
[2026-05-26T08:51:38.170+0000] {logging_mixin.py:190} INFO - [2026-05-26T08:51:38.169+0000] {dagbag.py:588} INFO - Filling up the DagBag from /opt/airflow/dags/datagub_ingestion.py
[2026-05-26T08:51:38.193+0000] {processor.py:925} INFO - DAG(s) 'datahub_periodic_ingestion' retrieved from /opt/airflow/dags/datagub_ingestion.py
[2026-05-26T08:51:38.251+0000] {logging_mixin.py:190} INFO - [2026-05-26T08:51:38.251+0000] {dag.py:3239} INFO - Sync 1 DAGs
[2026-05-26T08:51:38.288+0000] {logging_mixin.py:190} INFO - [2026-05-26T08:51:38.288+0000] {dag.py:4180} INFO - Setting next_dagrun for datahub_periodic_ingestion to 2026-05-26 08:30:00+00:00, run_after=2026-05-26 09:00:00+00:00
[2026-05-26T08:51:38.339+0000] {processor.py:208} INFO - Processing /opt/airflow/dags/datagub_ingestion.py took 0.181 seconds
[2026-05-26T08:52:08.538+0000] {processor.py:186} INFO - Started process (PID=234) to work on /opt/airflow/dags/datagub_ingestion.py
[2026-05-26T08:52:08.538+0000] {processor.py:914} INFO - Processing file /opt/airflow/dags/datagub_ingestion.py for tasks to queue
[2026-05-26T08:52:08.541+0000] {logging_mixin.py:190} INFO - [2026-05-26T08:52:08.541+0000] {dagbag.py:588} INFO - Filling up the DagBag from /opt/airflow/dags/datagub_ingestion.py
[2026-05-26T08:52:08.556+0000] {processor.py:925} INFO - DAG(s) 'datahub_periodic_ingestion' retrieved from /opt/airflow/dags/datagub_ingestion.py
[2026-05-26T08:52:08.579+0000] {logging_mixin.py:190} INFO - [2026-05-26T08:52:08.579+0000] {dag.py:3239} INFO - Sync 1 DAGs
[2026-05-26T08:52:08.602+0000] {logging_mixin.py:190} INFO - [2026-05-26T08:52:08.600+0000] {dag.py:4180} INFO - Setting next_dagrun for datahub_periodic_ingestion to 2026-05-26 08:30:00+00:00, run_after=2026-05-26 09:00:00+00:00
[2026-05-26T08:52:08.619+0000] {processor.py:208} INFO - Processing /opt/airflow/dags/datagub_ingestion.py took 0.088 seconds
[2026-05-26T08:52:39.247+0000] {processor.py:186} INFO - Started process (PID=239) to work on /opt/airflow/dags/datagub_ingestion.py
[2026-05-26T08:52:39.247+0000] {processor.py:914} INFO - Processing file /opt/airflow/dags/datagub_ingestion.py for tasks to queue
[2026-05-26T08:52:39.249+0000] {logging_mixin.py:190} INFO - [2026-05-26T08:52:39.249+0000] {dagbag.py:588} INFO - Filling up the DagBag from /opt/airflow/dags/datagub_ingestion.py
[2026-05-26T08:52:39.280+0000] {processor.py:925} INFO - DAG(s) 'datahub_periodic_ingestion' retrieved from /opt/airflow/dags/datagub_ingestion.py
[2026-05-26T08:52:39.311+0000] {logging_mixin.py:190} INFO - [2026-05-26T08:52:39.311+0000] {dag.py:3239} INFO - Sync 1 DAGs
[2026-05-26T08:52:39.331+0000] {logging_mixin.py:190} INFO - [2026-05-26T08:52:39.331+0000] {dag.py:4180} INFO - Setting next_dagrun for datahub_periodic_ingestion to 2026-05-26 08:30:00+00:00, run_after=2026-05-26 09:00:00+00:00
[2026-05-26T08:52:39.352+0000] {processor.py:208} INFO - Processing /opt/airflow/dags/datagub_ingestion.py took 0.111 seconds
[2026-05-26T08:53:09.710+0000] {processor.py:186} INFO - Started process (PID=244) to work on /opt/airflow/dags/datagub_ingestion.py
[2026-05-26T08:53:09.730+0000] {processor.py:914} INFO - Processing file /opt/airflow/dags/datagub_ingestion.py for tasks to queue
[2026-05-26T08:53:09.735+0000] {logging_mixin.py:190} INFO - [2026-05-26T08:53:09.732+0000] {dagbag.py:588} INFO - Filling up the DagBag from /opt/airflow/dags/datagub_ingestion.py
[2026-05-26T08:53:09.769+0000] {processor.py:925} INFO - DAG(s) 'datahub_periodic_ingestion' retrieved from /opt/airflow/dags/datagub_ingestion.py
[2026-05-26T08:53:09.792+0000] {logging_mixin.py:190} INFO - [2026-05-26T08:53:09.792+0000] {dag.py:3239} INFO - Sync 1 DAGs
[2026-05-26T08:53:09.820+0000] {logging_mixin.py:190} INFO - [2026-05-26T08:53:09.820+0000] {dag.py:4180} INFO - Setting next_dagrun for datahub_periodic_ingestion to 2026-05-26 08:30:00+00:00, run_after=2026-05-26 09:00:00+00:00
[2026-05-26T08:53:09.847+0000] {processor.py:208} INFO - Processing /opt/airflow/dags/datagub_ingestion.py took 0.137 seconds
[2026-05-26T08:53:40.140+0000] {processor.py:186} INFO - Started process (PID=249) to work on /opt/airflow/dags/datagub_ingestion.py
[2026-05-26T08:53:40.140+0000] {processor.py:914} INFO - Processing file /opt/airflow/dags/datagub_ingestion.py for tasks to queue
[2026-05-26T08:53:40.149+0000] {logging_mixin.py:190} INFO - [2026-05-26T08:53:40.140+0000] {dagbag.py:588} INFO - Filling up the DagBag from /opt/airflow/dags/datagub_ingestion.py
[2026-05-26T08:53:40.166+0000] {processor.py:925} INFO - DAG(s) 'datahub_periodic_ingestion' retrieved from /opt/airflow/dags/datagub_ingestion.py
[2026-05-26T08:53:40.183+0000] {logging_mixin.py:190} INFO - [2026-05-26T08:53:40.183+0000] {dag.py:3239} INFO - Sync 1 DAGs
[2026-05-26T08:53:40.213+0000] {logging_mixin.py:190} INFO - [2026-05-26T08:53:40.211+0000] {dag.py:4180} INFO - Setting next_dagrun for datahub_periodic_ingestion to 2026-05-26 08:30:00+00:00, run_after=2026-05-26 09:00:00+00:00
[2026-05-26T08:53:40.232+0000] {processor.py:208} INFO - Processing /opt/airflow/dags/datagub_ingestion.py took 0.093 seconds
[2026-05-26T08:54:10.738+0000] {processor.py:186} INFO - Started process (PID=254) to work on /opt/airflow/dags/datagub_ingestion.py
[2026-05-26T08:54:10.742+0000] {processor.py:914} INFO - Processing file /opt/airflow/dags/datagub_ingestion.py for tasks to queue
[2026-05-26T08:54:10.746+0000] {logging_mixin.py:190} INFO - [2026-05-26T08:54:10.746+0000] {dagbag.py:588} INFO - Filling up the DagBag from /opt/airflow/dags/datagub_ingestion.py
[2026-05-26T08:54:10.773+0000] {processor.py:925} INFO - DAG(s) 'datahub_periodic_ingestion' retrieved from /opt/airflow/dags/datagub_ingestion.py
[2026-05-26T08:54:10.812+0000] {logging_mixin.py:190} INFO - [2026-05-26T08:54:10.812+0000] {dag.py:3239} INFO - Sync 1 DAGs
[2026-05-26T08:54:10.845+0000] {logging_mixin.py:190} INFO - [2026-05-26T08:54:10.843+0000] {dag.py:4180} INFO - Setting next_dagrun for datahub_periodic_ingestion to 2026-05-26 08:30:00+00:00, run_after=2026-05-26 09:00:00+00:00
[2026-05-26T08:54:10.865+0000] {processor.py:208} INFO - Processing /opt/airflow/dags/datagub_ingestion.py took 0.130 seconds
[2026-05-26T08:54:41.103+0000] {processor.py:186} INFO - Started process (PID=259) to work on /opt/airflow/dags/datagub_ingestion.py
[2026-05-26T08:54:41.103+0000] {processor.py:914} INFO - Processing file /opt/airflow/dags/datagub_ingestion.py for tasks to queue
[2026-05-26T08:54:41.107+0000] {logging_mixin.py:190} INFO - [2026-05-26T08:54:41.106+0000] {dagbag.py:588} INFO - Filling up the DagBag from /opt/airflow/dags/datagub_ingestion.py
[2026-05-26T08:54:41.123+0000] {processor.py:925} INFO - DAG(s) 'datahub_periodic_ingestion' retrieved from /opt/airflow/dags/datagub_ingestion.py
[2026-05-26T08:54:41.160+0000] {logging_mixin.py:190} INFO - [2026-05-26T08:54:41.160+0000] {dag.py:3239} INFO - Sync 1 DAGs
[2026-05-26T08:54:41.181+0000] {logging_mixin.py:190} INFO - [2026-05-26T08:54:41.181+0000] {dag.py:4180} INFO - Setting next_dagrun for datahub_periodic_ingestion to 2026-05-26 08:30:00+00:00, run_after=2026-05-26 09:00:00+00:00
[2026-05-26T08:54:41.229+0000] {processor.py:208} INFO - Processing /opt/airflow/dags/datagub_ingestion.py took 0.133 seconds
[2026-05-26T08:55:11.343+0000] {processor.py:186} INFO - Started process (PID=264) to work on /opt/airflow/dags/datagub_ingestion.py
[2026-05-26T08:55:11.343+0000] {processor.py:914} INFO - Processing file /opt/airflow/dags/datagub_ingestion.py for tasks to queue
[2026-05-26T08:55:11.343+0000] {logging_mixin.py:190} INFO - [2026-05-26T08:55:11.343+0000] {dagbag.py:588} INFO - Filling up the DagBag from /opt/airflow/dags/datagub_ingestion.py
[2026-05-26T08:55:11.382+0000] {processor.py:925} INFO - DAG(s) 'datahub_periodic_ingestion' retrieved from /opt/airflow/dags/datagub_ingestion.py
[2026-05-26T08:55:11.438+0000] {logging_mixin.py:190} INFO - [2026-05-26T08:55:11.438+0000] {dag.py:3239} INFO - Sync 1 DAGs
[2026-05-26T08:55:11.482+0000] {logging_mixin.py:190} INFO - [2026-05-26T08:55:11.482+0000] {dag.py:4180} INFO - Setting next_dagrun for datahub_periodic_ingestion to 2026-05-26 08:30:00+00:00, run_after=2026-05-26 09:00:00+00:00
[2026-05-26T08:55:11.520+0000] {processor.py:208} INFO - Processing /opt/airflow/dags/datagub_ingestion.py took 0.198 seconds
[2026-05-26T08:55:42.159+0000] {processor.py:186} INFO - Started process (PID=269) to work on /opt/airflow/dags/datagub_ingestion.py
[2026-05-26T08:55:42.185+0000] {processor.py:914} INFO - Processing file /opt/airflow/dags/datagub_ingestion.py for tasks to queue
[2026-05-26T08:55:42.188+0000] {logging_mixin.py:190} INFO - [2026-05-26T08:55:42.188+0000] {dagbag.py:588} INFO - Filling up the DagBag from /opt/airflow/dags/datagub_ingestion.py
[2026-05-26T08:55:42.233+0000] {processor.py:925} INFO - DAG(s) 'datahub_periodic_ingestion' retrieved from /opt/airflow/dags/datagub_ingestion.py
[2026-05-26T08:55:42.398+0000] {logging_mixin.py:190} INFO - [2026-05-26T08:55:42.398+0000] {dag.py:3239} INFO - Sync 1 DAGs
[2026-05-26T08:55:42.715+0000] {logging_mixin.py:190} INFO - [2026-05-26T08:55:42.714+0000] {dag.py:4180} INFO - Setting next_dagrun for datahub_periodic_ingestion to 2026-05-26 08:30:00+00:00, run_after=2026-05-26 09:00:00+00:00
[2026-05-26T08:55:42.782+0000] {processor.py:208} INFO - Processing /opt/airflow/dags/datagub_ingestion.py took 0.623 seconds
[2026-05-26T08:56:13.220+0000] {processor.py:186} INFO - Started process (PID=274) to work on /opt/airflow/dags/datagub_ingestion.py
[2026-05-26T08:56:13.225+0000] {processor.py:914} INFO - Processing file /opt/airflow/dags/datagub_ingestion.py for tasks to queue
[2026-05-26T08:56:13.240+0000] {logging_mixin.py:190} INFO - [2026-05-26T08:56:13.239+0000] {dagbag.py:588} INFO - Filling up the DagBag from /opt/airflow/dags/datagub_ingestion.py
[2026-05-26T08:56:13.285+0000] {processor.py:925} INFO - DAG(s) 'datahub_periodic_ingestion' retrieved from /opt/airflow/dags/datagub_ingestion.py
[2026-05-26T08:56:13.628+0000] {logging_mixin.py:190} INFO - [2026-05-26T08:56:13.628+0000] {dag.py:3239} INFO - Sync 1 DAGs
[2026-05-26T08:56:13.707+0000] {logging_mixin.py:190} INFO - [2026-05-26T08:56:13.706+0000] {dag.py:4180} INFO - Setting next_dagrun for datahub_periodic_ingestion to 2026-05-26 08:30:00+00:00, run_after=2026-05-26 09:00:00+00:00
[2026-05-26T08:56:13.766+0000] {processor.py:208} INFO - Processing /opt/airflow/dags/datagub_ingestion.py took 0.571 seconds
[2026-05-26T08:56:44.624+0000] {processor.py:186} INFO - Started process (PID=279) to work on /opt/airflow/dags/datagub_ingestion.py
[2026-05-26T08:56:44.624+0000] {processor.py:914} INFO - Processing file /opt/airflow/dags/datagub_ingestion.py for tasks to queue
[2026-05-26T08:56:44.715+0000] {logging_mixin.py:190} INFO - [2026-05-26T08:56:44.715+0000] {dagbag.py:588} INFO - Filling up the DagBag from /opt/airflow/dags/datagub_ingestion.py
[2026-05-26T08:56:44.944+0000] {processor.py:925} INFO - DAG(s) 'datahub_periodic_ingestion' retrieved from /opt/airflow/dags/datagub_ingestion.py
[2026-05-26T08:56:46.435+0000] {logging_mixin.py:190} INFO - [2026-05-26T08:56:46.425+0000] {dag.py:3239} INFO - Sync 1 DAGs
[2026-05-26T08:56:48.170+0000] {logging_mixin.py:190} INFO - [2026-05-26T08:56:48.170+0000] {dag.py:4180} INFO - Setting next_dagrun for datahub_periodic_ingestion to 2026-05-26 08:30:00+00:00, run_after=2026-05-26 09:00:00+00:00
[2026-05-26T08:56:49.660+0000] {processor.py:208} INFO - Processing /opt/airflow/dags/datagub_ingestion.py took 5.137 seconds
[2026-05-26T08:57:21.334+0000] {processor.py:186} INFO - Started process (PID=284) to work on /opt/airflow/dags/datagub_ingestion.py
[2026-05-26T08:57:21.335+0000] {processor.py:914} INFO - Processing file /opt/airflow/dags/datagub_ingestion.py for tasks to queue
[2026-05-26T08:57:21.338+0000] {logging_mixin.py:190} INFO - [2026-05-26T08:57:21.338+0000] {dagbag.py:588} INFO - Filling up the DagBag from /opt/airflow/dags/datagub_ingestion.py
[2026-05-26T08:57:21.370+0000] {processor.py:925} INFO - DAG(s) 'datahub_periodic_ingestion' retrieved from /opt/airflow/dags/datagub_ingestion.py
[2026-05-26T08:57:21.406+0000] {logging_mixin.py:190} INFO - [2026-05-26T08:57:21.406+0000] {dag.py:3239} INFO - Sync 1 DAGs
[2026-05-26T08:57:21.449+0000] {logging_mixin.py:190} INFO - [2026-05-26T08:57:21.449+0000] {dag.py:4180} INFO - Setting next_dagrun for datahub_periodic_ingestion to 2026-05-26 08:30:00+00:00, run_after=2026-05-26 09:00:00+00:00
[2026-05-26T08:57:21.466+0000] {processor.py:208} INFO - Processing /opt/airflow/dags/datagub_ingestion.py took 0.139 seconds
[2026-05-26T08:57:51.914+0000] {processor.py:186} INFO - Started process (PID=289) to work on /opt/airflow/dags/datagub_ingestion.py
[2026-05-26T08:57:51.916+0000] {processor.py:914} INFO - Processing file /opt/airflow/dags/datagub_ingestion.py for tasks to queue
[2026-05-26T08:57:51.919+0000] {logging_mixin.py:190} INFO - [2026-05-26T08:57:51.916+0000] {dagbag.py:588} INFO - Filling up the DagBag from /opt/airflow/dags/datagub_ingestion.py
[2026-05-26T08:57:51.941+0000] {processor.py:925} INFO - DAG(s) 'datahub_periodic_ingestion' retrieved from /opt/airflow/dags/datagub_ingestion.py
[2026-05-26T08:57:51.980+0000] {logging_mixin.py:190} INFO - [2026-05-26T08:57:51.979+0000] {dag.py:3239} INFO - Sync 1 DAGs
[2026-05-26T08:57:52.007+0000] {logging_mixin.py:190} INFO - [2026-05-26T08:57:52.007+0000] {dag.py:4180} INFO - Setting next_dagrun for datahub_periodic_ingestion to 2026-05-26 08:30:00+00:00, run_after=2026-05-26 09:00:00+00:00
[2026-05-26T08:57:52.023+0000] {processor.py:208} INFO - Processing /opt/airflow/dags/datagub_ingestion.py took 0.115 seconds
[2026-05-26T08:58:22.400+0000] {processor.py:186} INFO - Started process (PID=294) to work on /opt/airflow/dags/datagub_ingestion.py
[2026-05-26T08:58:22.400+0000] {processor.py:914} INFO - Processing file /opt/airflow/dags/datagub_ingestion.py for tasks to queue
[2026-05-26T08:58:22.404+0000] {logging_mixin.py:190} INFO - [2026-05-26T08:58:22.404+0000] {dagbag.py:588} INFO - Filling up the DagBag from /opt/airflow/dags/datagub_ingestion.py
[2026-05-26T08:58:22.432+0000] {processor.py:925} INFO - DAG(s) 'datahub_periodic_ingestion' retrieved from /opt/airflow/dags/datagub_ingestion.py
[2026-05-26T08:58:22.464+0000] {logging_mixin.py:190} INFO - [2026-05-26T08:58:22.464+0000] {dag.py:3239} INFO - Sync 1 DAGs
[2026-05-26T08:58:22.489+0000] {logging_mixin.py:190} INFO - [2026-05-26T08:58:22.489+0000] {dag.py:4180} INFO - Setting next_dagrun for datahub_periodic_ingestion to 2026-05-26 08:30:00+00:00, run_after=2026-05-26 09:00:00+00:00
[2026-05-26T08:58:22.515+0000] {processor.py:208} INFO - Processing /opt/airflow/dags/datagub_ingestion.py took 0.125 seconds
[2026-05-26T08:58:52.933+0000] {processor.py:186} INFO - Started process (PID=301) to work on /opt/airflow/dags/datagub_ingestion.py
[2026-05-26T08:58:52.933+0000] {processor.py:914} INFO - Processing file /opt/airflow/dags/datagub_ingestion.py for tasks to queue
[2026-05-26T08:58:52.933+0000] {logging_mixin.py:190} INFO - [2026-05-26T08:58:52.933+0000] {dagbag.py:588} INFO - Filling up the DagBag from /opt/airflow/dags/datagub_ingestion.py
[2026-05-26T08:58:52.967+0000] {processor.py:925} INFO - DAG(s) 'datahub_periodic_ingestion' retrieved from /opt/airflow/dags/datagub_ingestion.py
[2026-05-26T08:58:53.008+0000] {logging_mixin.py:190} INFO - [2026-05-26T08:58:53.007+0000] {dag.py:3239} INFO - Sync 1 DAGs
[2026-05-26T08:58:53.054+0000] {logging_mixin.py:190} INFO - [2026-05-26T08:58:53.054+0000] {dag.py:4180} INFO - Setting next_dagrun for datahub_periodic_ingestion to 2026-05-26 08:30:00+00:00, run_after=2026-05-26 09:00:00+00:00
